Archive member included because of file (symbol)

/mnt/9A68FEAD68FE8773/ksdk/lib/ksdk_platform_lib/kds/KL25Z4/debug/libksdk_platform.a(fsl_uart_hal.o)
                              ./Sources/fsl_debug_console.o (UART_HAL_SetBaudRate)
/mnt/9A68FEAD68FE8773/ksdk/lib/ksdk_platform_lib/kds/KL25Z4/debug/libksdk_platform.a(fsl_lpsci_hal.o)
                              ./Sources/fsl_debug_console.o (LPSCI_HAL_SetBaudRate)
/mnt/9A68FEAD68FE8773/ksdk/lib/ksdk_platform_lib/kds/KL25Z4/debug/libksdk_platform.a(fsl_clock_MKL25Z4.o)
                              ./Sources/Mcg/mcg_hal.o (CLOCK_SYS_SetConfiguration)
/mnt/9A68FEAD68FE8773/ksdk/lib/ksdk_platform_lib/kds/KL25Z4/debug/libksdk_platform.a(fsl_clock_manager.o)
                              /mnt/9A68FEAD68FE8773/ksdk/lib/ksdk_platform_lib/kds/KL25Z4/debug/libksdk_platform.a(fsl_clock_MKL25Z4.o) (CLOCK_SYS_GetSystickFreq)
/mnt/9A68FEAD68FE8773/ksdk/lib/ksdk_platform_lib/kds/KL25Z4/debug/libksdk_platform.a(fsl_clock_manager_common.o)
                              /mnt/9A68FEAD68FE8773/ksdk/lib/ksdk_platform_lib/kds/KL25Z4/debug/libksdk_platform.a(fsl_clock_MKL25Z4.o) (g_oscBase)
/mnt/9A68FEAD68FE8773/ksdk/lib/ksdk_platform_lib/kds/KL25Z4/debug/libksdk_platform.a(fsl_os_abstraction_bm.o)
                              /mnt/9A68FEAD68FE8773/ksdk/lib/ksdk_platform_lib/kds/KL25Z4/debug/libksdk_platform.a(fsl_clock_manager.o) (OSA_EnterCritical)
/mnt/9A68FEAD68FE8773/ksdk/lib/ksdk_platform_lib/kds/KL25Z4/debug/libksdk_platform.a(fsl_sim_hal_MKL25Z4.o)
                              /mnt/9A68FEAD68FE8773/ksdk/lib/ksdk_platform_lib/kds/KL25Z4/debug/libksdk_platform.a(fsl_clock_MKL25Z4.o) (CLOCK_HAL_SetOutDiv)
/mnt/9A68FEAD68FE8773/ksdk/lib/ksdk_platform_lib/kds/KL25Z4/debug/libksdk_platform.a(fsl_rtc_common.o)
                              /mnt/9A68FEAD68FE8773/ksdk/lib/ksdk_platform_lib/kds/KL25Z4/debug/libksdk_platform.a(fsl_clock_manager.o) (g_rtcBase)
/mnt/9A68FEAD68FE8773/ksdk/lib/ksdk_platform_lib/kds/KL25Z4/debug/libksdk_platform.a(fsl_osc_hal.o)
                              /mnt/9A68FEAD68FE8773/ksdk/lib/ksdk_platform_lib/kds/KL25Z4/debug/libksdk_platform.a(fsl_clock_manager.o) (OSC_HAL_SetCapacitor)
/mnt/9A68FEAD68FE8773/ksdk/lib/ksdk_platform_lib/kds/KL25Z4/debug/libksdk_platform.a(fsl_mcg_hal.o)
                              /mnt/9A68FEAD68FE8773/ksdk/lib/ksdk_platform_lib/kds/KL25Z4/debug/libksdk_platform.a(fsl_clock_MKL25Z4.o) (CLOCK_HAL_GetFllClk)
/mnt/9A68FEAD68FE8773/ksdk/lib/ksdk_platform_lib/kds/KL25Z4/debug/libksdk_platform.a(fsl_mcg_hal_modes.o)
                              /mnt/9A68FEAD68FE8773/ksdk/lib/ksdk_platform_lib/kds/KL25Z4/debug/libksdk_platform.a(fsl_clock_manager.o) (CLOCK_HAL_GetMcgMode)
/mnt/9A68FEAD68FE8773/ksdk/lib/ksdk_platform_lib/kds/KL25Z4/debug/libksdk_platform.a(fsl_lptmr_hal.o)
                              /mnt/9A68FEAD68FE8773/ksdk/lib/ksdk_platform_lib/kds/KL25Z4/debug/libksdk_platform.a(fsl_os_abstraction_bm.o) (LPTMR_HAL_SetTimerWorkingMode)
/mnt/9A68FEAD68FE8773/ksdk/lib/ksdk_platform_lib/kds/KL25Z4/debug/libksdk_platform.a(fsl_interrupt_manager.o)
                              /mnt/9A68FEAD68FE8773/ksdk/lib/ksdk_platform_lib/kds/KL25Z4/debug/libksdk_platform.a(fsl_os_abstraction_bm.o) (INT_SYS_InstallHandler)
/opt/Freescale/KDS_3.0.0/toolchain/bin/../lib/gcc/arm-none-eabi/4.8.4/../../../../arm-none-eabi/lib/armv6-m/libm.a(lib_a-w_pow.o)
                              ./Sources/SevenSeg/sevenseg_hal.o (pow)
/opt/Freescale/KDS_3.0.0/toolchain/bin/../lib/gcc/arm-none-eabi/4.8.4/../../../../arm-none-eabi/lib/armv6-m/libm.a(lib_a-e_pow.o)
                              /opt/Freescale/KDS_3.0.0/toolchain/bin/../lib/gcc/arm-none-eabi/4.8.4/../../../../arm-none-eabi/lib/armv6-m/libm.a(lib_a-w_pow.o) (__ieee754_pow)
/opt/Freescale/KDS_3.0.0/toolchain/bin/../lib/gcc/arm-none-eabi/4.8.4/../../../../arm-none-eabi/lib/armv6-m/libm.a(lib_a-e_sqrt.o)
                              /opt/Freescale/KDS_3.0.0/toolchain/bin/../lib/gcc/arm-none-eabi/4.8.4/../../../../arm-none-eabi/lib/armv6-m/libm.a(lib_a-e_pow.o) (__ieee754_sqrt)
/opt/Freescale/KDS_3.0.0/toolchain/bin/../lib/gcc/arm-none-eabi/4.8.4/../../../../arm-none-eabi/lib/armv6-m/libm.a(lib_a-s_fabs.o)
                              /opt/Freescale/KDS_3.0.0/toolchain/bin/../lib/gcc/arm-none-eabi/4.8.4/../../../../arm-none-eabi/lib/armv6-m/libm.a(lib_a-e_pow.o) (fabs)
/opt/Freescale/KDS_3.0.0/toolchain/bin/../lib/gcc/arm-none-eabi/4.8.4/../../../../arm-none-eabi/lib/armv6-m/libm.a(lib_a-s_finite.o)
                              /opt/Freescale/KDS_3.0.0/toolchain/bin/../lib/gcc/arm-none-eabi/4.8.4/../../../../arm-none-eabi/lib/armv6-m/libm.a(lib_a-w_pow.o) (finite)
/opt/Freescale/KDS_3.0.0/toolchain/bin/../lib/gcc/arm-none-eabi/4.8.4/../../../../arm-none-eabi/lib/armv6-m/libm.a(lib_a-s_fpclassify.o)
                              /opt/Freescale/KDS_3.0.0/toolchain/bin/../lib/gcc/arm-none-eabi/4.8.4/../../../../arm-none-eabi/lib/armv6-m/libm.a(lib_a-w_pow.o) (__fpclassifyd)
[...]
Memory Configuration

Name             Origin             Length             Attributes
m_interrupts     0x00000000         0x00000100         xr
m_flash_config   0x00000400         0x00000010         xr
m_text           0x00000410         0x0001fbf0         xr
m_data           0x1ffff000         0x00004000         rw
*default*        0x00000000         0xffffffff

Linker script and memory map

LOAD /opt/Freescale/KDS_3.0.0/toolchain/bin/../lib/gcc/arm-none-eabi/4.8.4/armv6-m/crti.o
LOAD /opt/Freescale/KDS_3.0.0/toolchain/bin/../lib/gcc/arm-none-eabi/4.8.4/armv6-m/crtbegin.o
LOAD /opt/Freescale/KDS_3.0.0/toolchain/bin/../lib/gcc/arm-none-eabi/4.8.4/../../../../arm-none-eabi/lib/armv6-m/crt0.o
LOAD ./Sources/Util/debugUart.o
LOAD ./Sources/Util/util.o
LOAD ./Sources/SevenSeg/sevenseg_hal.o
LOAD ./Sources/Serial/serial_hal.o
LOAD ./Sources/Protocolo/cmdmachine_hal.o
LOAD ./Sources/PIT/pit_hal.o
LOAD ./Sources/Mcg/mcg_hal.o
LOAD ./Sources/Main/es670.o
LOAD ./Sources/LedSwi/ledswi_hal.o
LOAD ./Sources/Buzzer/buzzer_hal.o
LOAD ./Sources/fsl_debug_console.o
LOAD ./Sources/print_scan.o
LOAD ./Project_Settings/Startup_Code/startup.o
LOAD ./Project_Settings/Startup_Code/startup_MKL25Z4.o
LOAD ./Project_Settings/Startup_Code/system_MKL25Z4.o
LOAD /mnt/9A68FEAD68FE8773/ksdk/lib/ksdk_platform_lib/kds/KL25Z4/debug/libksdk_platform.a
LOAD /opt/Freescale/KDS_3.0.0/toolchain/bin/../lib/gcc/arm-none-eabi/4.8.4/../../../../arm-none-eabi/lib/armv6-m/libstdc++_s.a
LOAD /opt/Freescale/KDS_3.0.0/toolchain/bin/../lib/gcc/arm-none-eabi/4.8.4/../../../../arm-none-eabi/lib/armv6-m/libm.a
START GROUP
LOAD /opt/Freescale/KDS_3.0.0/toolchain/bin/../lib/gcc/arm-none-eabi/4.8.4/armv6-m/libgcc.a
LOAD /opt/Freescale/KDS_3.0.0/toolchain/bin/../lib/gcc/arm-none-eabi/4.8.4/../../../../arm-none-eabi/lib/armv6-m/libg_s.a
LOAD /opt/Freescale/KDS_3.0.0/toolchain/bin/../lib/gcc/arm-none-eabi/4.8.4/../../../../arm-none-eabi/lib/armv6-m/libc_s.a
END GROUP
START GROUP
LOAD /opt/Freescale/KDS_3.0.0/toolchain/bin/../lib/gcc/arm-none-eabi/4.8.4/armv6-m/libgcc.a
LOAD /opt/Freescale/KDS_3.0.0/toolchain/bin/../lib/gcc/arm-none-eabi/4.8.4/../../../../arm-none-eabi/lib/armv6-m/libc_s.a
LOAD /opt/Freescale/KDS_3.0.0/toolchain/bin/../lib/gcc/arm-none-eabi/4.8.4/../../../../arm-none-eabi/lib/armv6-m/libnosys.a
END GROUP
START GROUP
LOAD /opt/Freescale/KDS_3.0.0/toolchain/bin/../lib/gcc/arm-none-eabi/4.8.4/armv6-m/libgcc.a
LOAD /opt/Freescale/KDS_3.0.0/toolchain/bin/../lib/gcc/arm-none-eabi/4.8.4/../../../../arm-none-eabi/lib/armv6-m/libc_s.a
LOAD /opt/Freescale/KDS_3.0.0/toolchain/bin/../lib/gcc/arm-none-eabi/4.8.4/../../../../arm-none-eabi/lib/armv6-m/libnosys.a
END GROUP
LOAD /opt/Freescale/KDS_3.0.0/toolchain/bin/../lib/gcc/arm-none-eabi/4.8.4/armv6-m/crtend.o
LOAD /opt/Freescale/KDS_3.0.0/toolchain/bin/../lib/gcc/arm-none-eabi/4.8.4/armv6-m/crtn.o
                0x00000400                HEAP_SIZE = DEFINED (__heap_size__)?__heap_size__:0x400
                0x00000400                STACK_SIZE = DEFINED (__stack_size__)?__stack_size__:0x400
                0x00000000                M_VECTOR_RAM_SIZE = DEFINED (__ram_vector_table__)?0x100:0x0

.interrupts     0x00000000       0xc0
                0x00000000                __VECTOR_TABLE = .
                0x00000000                . = ALIGN (0x4)
 *(.isr_vector)
 .isr_vector    0x00000000       0xc0 ./Project_Settings/Startup_Code/startup_MKL25Z4.o
                0x00000000                __isr_vector
                0x000000c0                . = ALIGN (0x4)

.flash_config   0x00000400       0x10
                0x00000400                . = ALIGN (0x4)
 *(.FlashConfig)
 .FlashConfig   0x00000400       0x10 ./Project_Settings/Startup_Code/startup_MKL25Z4.o
                0x00000410                . = ALIGN (0x4)

.text           0x00000410     0x4384
                0x00000410                . = ALIGN (0x4)
 *(.text)
 .text          0x00000410       0x60 /opt/Freescale/KDS_3.0.0/toolchain/bin/../lib/gcc/arm-none-eabi/4.8.4/armv6-m/crtbegin.o
 .text          0x00000470       0x78 /opt/Freescale/KDS_3.0.0/toolchain/bin/../lib/gcc/arm-none-eabi/4.8.4/../../../../arm-none-eabi/lib/armv6-m/crt0.o
                0x00000470                _mainCRTStartup
                0x00000470                _start
 .text          0x000004e8       0x18 ./Project_Settings/Startup_Code/startup_MKL25Z4.o
                0x000004e8                Reset_Handler
                0x000004f8                I2C0_IRQHandler
                0x000004f8                HardFault_Handler
                0x000004f8                SysTick_Handler
                0x000004f8                PendSV_Handler
                0x000004f8                NMI_Handler
                0x000004f8                I2C1_IRQHandler
                0x000004f8                UART1_IRQHandler
                0x000004f8                DMA2_IRQHandler
                0x000004f8                TPM0_IRQHandler
                0x000004f8                LLWU_IRQHandler
                0x000004f8                TSI0_IRQHandler
                0x000004f8                UART0_IRQHandler
                0x000004f8                ADC0_IRQHandler
                0x000004f8                Reserved39_IRQHandler
                0x000004f8                SPI1_IRQHandler
                0x000004f8                DefaultISR
                0x000004f8                PORTD_IRQHandler
                0x000004f8                TPM2_IRQHandler
                0x000004f8                RTC_IRQHandler
                0x000004f8                RTC_Seconds_IRQHandler
                0x000004f8                MCG_IRQHandler
                0x000004f8                UART2_IRQHandler
                0x000004f8                Reserved20_IRQHandler
                0x000004f8                USB0_IRQHandler
                0x000004f8                SVC_Handler
                0x000004f8                DMA3_IRQHandler
                0x000004f8                DMA0_IRQHandler
                0x000004f8                DAC0_IRQHandler
                0x000004f8                Reserved45_IRQHandler
                0x000004f8                TPM1_IRQHandler
                0x000004f8                LVD_LVW_IRQHandler
                0x000004f8                SPI0_IRQHandler
                0x000004f8                PORTA_IRQHandler
                0x000004f8                FTFA_IRQHandler
                0x000004f8                LPTMR0_IRQHandler
                0x000004f8                CMP0_IRQHandler
                0x000004f8                DMA1_IRQHandler
 .text          0x00000500       0x14 /opt/Freescale/KDS_3.0.0/toolchain/bin/../lib/gcc/arm-none-eabi/4.8.4/armv6-m/libgcc.a(_thumb1_case_uqi.o)
                0x00000500                __gnu_thumb1_case_uqi
 .text          0x00000514       0x9c /opt/Freescale/KDS_3.0.0/toolchain/bin/../lib/gcc/arm-none-eabi/4.8.4/armv6-m/libgcc.a(_udivsi3.o)
                0x00000514                __udivsi3
                0x00000514                __aeabi_uidiv
                0x0000059c                __aeabi_uidivmod
 .text          0x000005b0        0x4 /opt/Freescale/KDS_3.0.0/toolchain/bin/../lib/gcc/arm-none-eabi/4.8.4/armv6-m/libgcc.a(_dvmd_tls.o)
                0x000005b0                __aeabi_ldiv0
                0x000005b0                __aeabi_idiv0
 *(.text*)
 .text.CLOCK_HAL_SetLpsciSrc
                0x000005b4       0x30 ./Sources/Util/debugUart.o
 .text.CLOCK_SYS_SetLpsciSrc
                0x000005e4       0x2c ./Sources/Util/debugUart.o
 .text.PORT_HAL_SetMuxMode
                0x00000610       0x4c ./Sources/Util/debugUart.o
 .text.debugUart_init
                0x0000065c       0x3c ./Sources/Util/debugUart.o
                0x0000065c                debugUart_init
 .text.util_genDelay088us
                0x00000698       0x48 ./Sources/Util/util.o
                0x00000698                util_genDelay088us
 .text.util_genDelay250us
                0x000006e0       0x44 ./Sources/Util/util.o
                0x000006e0                util_genDelay250us
 .text.util_genDelay1ms
                0x00000724       0x18 ./Sources/Util/util.o
                0x00000724                util_genDelay1ms
 .text.serial_setConfig
                0x0000073c        0xc ./Sources/Serial/serial_hal.o
                0x0000073c                serial_setConfig
 .text.serial_sendBuffer
                0x00000748       0x40 ./Sources/Serial/serial_hal.o
                0x00000748                serial_sendBuffer
 .text.serial_recieveBuffer
                0x00000788       0x94 ./Sources/Serial/serial_hal.o
                0x00000788                serial_recieveBuffer
 .text.handleIdle
                0x0000081c       0x8c ./Sources/Protocolo/cmdmachine_hal.o
                0x0000081c                handleIdle
 .text.parseLedNum
                0x000008a8       0x50 ./Sources/Protocolo/cmdmachine_hal.o
                0x000008a8                parseLedNum
 .text.handleLed
                0x000008f8      0x1d4 ./Sources/Protocolo/cmdmachine_hal.o
                0x000008f8                handleLed
 .text.handleSwitch
                0x00000acc      0x13c ./Sources/Protocolo/cmdmachine_hal.o
                0x00000acc                handleSwitch
 .text.getBuzzMs
                0x00000c08       0x3c ./Sources/Protocolo/cmdmachine_hal.o
                0x00000c08                getBuzzMs
 .text.handleBuzzer
                0x00000c44       0xcc ./Sources/Protocolo/cmdmachine_hal.o
                0x00000c44                handleBuzzer
 .text.handleError
                0x00000d10       0x80 ./Sources/Protocolo/cmdmachine_hal.o
                0x00000d10                handleError
 .text.cmdmachine_interpretCmdBuffer
                0x00000d90       0xf8 ./Sources/Protocolo/cmdmachine_hal.o
                0x00000d90                cmdmachine_interpretCmdBuffer
 .text.NVIC_EnableIRQ
                0x00000e88       0x2c ./Sources/PIT/pit_hal.o
 .text.NVIC_ClearPendingIRQ
                0x00000eb4       0x2c ./Sources/PIT/pit_hal.o
 .text._nop_handler
                0x00000ee0       0x34 ./Sources/PIT/pit_hal.o
 .text.PIT_IRQHandler
                0x00000f14       0x38 ./Sources/PIT/pit_hal.o
                0x00000f14                PIT_IRQHandler
 .text.pit_enable
                0x00000f4c       0x4c ./Sources/PIT/pit_hal.o
                0x00000f4c                pit_enable
 .text.pit_start_timer_interrupt
                0x00000f98       0xd0 ./Sources/PIT/pit_hal.o
                0x00000f98                pit_start_timer_interrupt
 .text.pit_stop_timer_interrupt
                0x00001068       0x80 ./Sources/PIT/pit_hal.o
                0x00001068                pit_stop_timer_interrupt
 .text.pit_mark_interrupt_handled
                0x000010e8       0x48 ./Sources/PIT/pit_hal.o
                0x000010e8                pit_mark_interrupt_handled
 .text.SMC_HAL_SetProtection
                0x00001130       0x1c ./Sources/Mcg/mcg_hal.o
 .text.PORT_HAL_SetMuxMode
                0x0000114c       0x4c ./Sources/Mcg/mcg_hal.o
 .text.mcg_initOsc0
                0x00001198       0x40 ./Sources/Mcg/mcg_hal.o
                0x00001198                mcg_initOsc0
 .text.mcg_initRtcOsc
                0x000011d8       0x3c ./Sources/Mcg/mcg_hal.o
                0x000011d8                mcg_initRtcOsc
 .text.mcg_initSystemClock
                0x00001214       0x14 ./Sources/Mcg/mcg_hal.o
                0x00001214                mcg_initSystemClock
 .text.mcg_clockInit
                0x00001228       0x50 ./Sources/Mcg/mcg_hal.o
                0x00001228                mcg_clockInit
 .text.main     0x00001278       0x70 ./Sources/Main/es670.o
                0x00001278                main
 .text.ledswi_initLedSwitch
                0x000012e8       0xe0 ./Sources/LedSwi/ledswi_hal.o
                0x000012e8                ledswi_initLedSwitch
 .text.ledswi_initLed
                0x000013c8       0x44 ./Sources/LedSwi/ledswi_hal.o
                0x000013c8                ledswi_initLed
 .text.ledswi_initSwitch
                0x0000140c       0x44 ./Sources/LedSwi/ledswi_hal.o
                0x0000140c                ledswi_initSwitch
 .text.ledswi_setLed
                0x00001450       0x28 ./Sources/LedSwi/ledswi_hal.o
                0x00001450                ledswi_setLed
 .text.ledswi_clearLed
                0x00001478       0x28 ./Sources/LedSwi/ledswi_hal.o
                0x00001478                ledswi_clearLed
 .text.ledswi_getLedStatus
                0x000014a0       0x54 ./Sources/LedSwi/ledswi_hal.o
                0x000014a0                ledswi_getLedStatus
 .text.ledswi_getSwitchStatus
                0x000014f4       0x54 ./Sources/LedSwi/ledswi_hal.o
                0x000014f4                ledswi_getSwitchStatus
 .text.buzzer_init
                0x00001548       0x44 ./Sources/Buzzer/buzzer_hal.o
                0x00001548                buzzer_init
 .text.buzzer_clearBuzz
                0x0000158c       0x14 ./Sources/Buzzer/buzzer_hal.o
                0x0000158c                buzzer_clearBuzz
 .text.buzzer_setBuzz
                0x000015a0       0x14 ./Sources/Buzzer/buzzer_hal.o
                0x000015a0                buzzer_setBuzz
 .text._buzzer_interrupt_handler
                0x000015b4       0x38 ./Sources/Buzzer/buzzer_hal.o
                0x000015b4                _buzzer_interrupt_handler
 .text.buzzer_initPeriodic
                0x000015ec       0x24 ./Sources/Buzzer/buzzer_hal.o
                0x000015ec                buzzer_initPeriodic
 .text.buzzer_stopPeriodic
                0x00001610       0x10 ./Sources/Buzzer/buzzer_hal.o
                0x00001610                buzzer_stopPeriodic
 .text.UART_HAL_EnableTransmitter
                0x00001620       0x1c ./Sources/fsl_debug_console.o
 .text.UART_HAL_EnableReceiver
                0x0000163c       0x1c ./Sources/fsl_debug_console.o
 .text.UART_HAL_SetBitCountPerChar
                0x00001658       0x28 ./Sources/fsl_debug_console.o
 .text.UART_HAL_SetStopBitCount
                0x00001680       0x28 ./Sources/fsl_debug_console.o
 .text.LPSCI_HAL_EnableTransmitter
                0x000016a8       0x1c ./Sources/fsl_debug_console.o
 .text.LPSCI_HAL_EnableReceiver
                0x000016c4       0x1c ./Sources/fsl_debug_console.o
 .text.LPSCI_HAL_SetBitCountPerChar
                0x000016e0       0x28 ./Sources/fsl_debug_console.o
 .text.LPSCI_HAL_SetStopBitCount
                0x00001708       0x28 ./Sources/fsl_debug_console.o
 .text.DbgConsole_Init
                0x00001730      0x160 ./Sources/fsl_debug_console.o
                0x00001730                DbgConsole_Init
 .text._write   0x00001890       0x5c ./Sources/fsl_debug_console.o
                0x00001890                _write
 .text._read    0x000018ec       0x48 ./Sources/fsl_debug_console.o
                0x000018ec                _read
 .text.init_data_bss
                0x00001934       0xc8 ./Project_Settings/Startup_Code/startup.o
                0x00001934                init_data_bss
 .text.SystemInit
                0x000019fc       0x18 ./Project_Settings/Startup_Code/system_MKL25Z4.o
                0x000019fc                SystemInit
 .text.UART_HAL_SetBaudRate
                0x00001a14       0x34 /mnt/9A68FEAD68FE8773/ksdk/lib/ksdk_platform_lib/kds/KL25Z4/debug/libksdk_platform.a(fsl_uart_hal.o)
                0x00001a14                UART_HAL_SetBaudRate
 .text.UART_HAL_SetParityMode
                0x00001a48       0x1e /mnt/9A68FEAD68FE8773/ksdk/lib/ksdk_platform_lib/kds/KL25Z4/debug/libksdk_platform.a(fsl_uart_hal.o)
                0x00001a48                UART_HAL_SetParityMode
 .text.UART_HAL_SendDataPolling
                0x00001a66       0x22 /mnt/9A68FEAD68FE8773/ksdk/lib/ksdk_platform_lib/kds/KL25Z4/debug/libksdk_platform.a(fsl_uart_hal.o)
                0x00001a66                UART_HAL_SendDataPolling
 .text.UART_HAL_ReceiveDataPolling
                0x00001a88       0x38 /mnt/9A68FEAD68FE8773/ksdk/lib/ksdk_platform_lib/kds/KL25Z4/debug/libksdk_platform.a(fsl_uart_hal.o)
                0x00001a88                UART_HAL_ReceiveDataPolling
 .text.LPSCI_HAL_SetBaudRate
                0x00001ac0       0xcc /mnt/9A68FEAD68FE8773/ksdk/lib/ksdk_platform_lib/kds/KL25Z4/debug/libksdk_platform.a(fsl_lpsci_hal.o)
                0x00001ac0                LPSCI_HAL_SetBaudRate
 .text.LPSCI_HAL_SetParityMode
                0x00001b8c       0x1e /mnt/9A68FEAD68FE8773/ksdk/lib/ksdk_platform_lib/kds/KL25Z4/debug/libksdk_platform.a(fsl_lpsci_hal.o)
                0x00001b8c                LPSCI_HAL_SetParityMode
 .text.LPSCI_HAL_SendDataPolling
                0x00001baa       0x20 /mnt/9A68FEAD68FE8773/ksdk/lib/ksdk_platform_lib/kds/KL25Z4/debug/libksdk_platform.a(fsl_lpsci_hal.o)
                0x00001baa                LPSCI_HAL_SendDataPolling
 .text.LPSCI_HAL_ReceiveDataPolling
                0x00001bca       0x36 /mnt/9A68FEAD68FE8773/ksdk/lib/ksdk_platform_lib/kds/KL25Z4/debug/libksdk_platform.a(fsl_lpsci_hal.o)
                0x00001bca                LPSCI_HAL_ReceiveDataPolling
 .text.SIM_HAL_EnableClock.constprop.7
                0x00001c00       0x24 /mnt/9A68FEAD68FE8773/ksdk/lib/ksdk_platform_lib/kds/KL25Z4/debug/libksdk_platform.a(fsl_clock_MKL25Z4.o)
 .text.CLOCK_SYS_GetCoreClockFreq
                0x00001c24       0x20 /mnt/9A68FEAD68FE8773/ksdk/lib/ksdk_platform_lib/kds/KL25Z4/debug/libksdk_platform.a(fsl_clock_MKL25Z4.o)
                0x00001c24                CLOCK_SYS_GetCoreClockFreq
 .text.CLOCK_SYS_SetConfiguration
                0x00001c44       0x84 /mnt/9A68FEAD68FE8773/ksdk/lib/ksdk_platform_lib/kds/KL25Z4/debug/libksdk_platform.a(fsl_clock_MKL25Z4.o)
                0x00001c44                CLOCK_SYS_SetConfiguration
 .text.CLOCK_SYS_FllStableDelay
                0x00001cc8       0x1c /mnt/9A68FEAD68FE8773/ksdk/lib/ksdk_platform_lib/kds/KL25Z4/debug/libksdk_platform.a(fsl_clock_MKL25Z4.o)
 .text.CLOCK_SYS_GetSystemClockFreq
                0x00001ce4       0x20 /mnt/9A68FEAD68FE8773/ksdk/lib/ksdk_platform_lib/kds/KL25Z4/debug/libksdk_platform.a(fsl_clock_MKL25Z4.o)
                0x00001ce4                CLOCK_SYS_GetSystemClockFreq
 .text.CLOCK_SYS_GetBusClockFreq
                0x00001d04       0x18 /mnt/9A68FEAD68FE8773/ksdk/lib/ksdk_platform_lib/kds/KL25Z4/debug/libksdk_platform.a(fsl_clock_MKL25Z4.o)
                0x00001d04                CLOCK_SYS_GetBusClockFreq
 .text.CLOCK_SYS_GetPllFllClockFreq
                0x00001d1c       0x30 /mnt/9A68FEAD68FE8773/ksdk/lib/ksdk_platform_lib/kds/KL25Z4/debug/libksdk_platform.a(fsl_clock_MKL25Z4.o)
                0x00001d1c                CLOCK_SYS_GetPllFllClockFreq
 .text.CLOCK_SYS_GetOsc0ExternalRefClockFreq
                0x00001d4c       0x24 /mnt/9A68FEAD68FE8773/ksdk/lib/ksdk_platform_lib/kds/KL25Z4/debug/libksdk_platform.a(fsl_clock_MKL25Z4.o)
                0x00001d4c                CLOCK_SYS_GetOsc0ExternalRefClockFreq
 .text.CLOCK_SYS_GetLpsciFreq
                0x00001d70       0x34 /mnt/9A68FEAD68FE8773/ksdk/lib/ksdk_platform_lib/kds/KL25Z4/debug/libksdk_platform.a(fsl_clock_MKL25Z4.o)
                0x00001d70                CLOCK_SYS_GetLpsciFreq
 .text.CLOCK_SYS_GetUartFreq
                0x00001da4       0x10 /mnt/9A68FEAD68FE8773/ksdk/lib/ksdk_platform_lib/kds/KL25Z4/debug/libksdk_platform.a(fsl_clock_MKL25Z4.o)
                0x00001da4                CLOCK_SYS_GetUartFreq
 .text.CLOCK_SYS_EnablePortClock
                0x00001db4       0x30 /mnt/9A68FEAD68FE8773/ksdk/lib/ksdk_platform_lib/kds/KL25Z4/debug/libksdk_platform.a(fsl_clock_MKL25Z4.o)
                0x00001db4                CLOCK_SYS_EnablePortClock
 .text.CLOCK_SYS_EnableLpsciClock
                0x00001de4       0x30 /mnt/9A68FEAD68FE8773/ksdk/lib/ksdk_platform_lib/kds/KL25Z4/debug/libksdk_platform.a(fsl_clock_MKL25Z4.o)
                0x00001de4                CLOCK_SYS_EnableLpsciClock
 .text.CLOCK_SYS_EnableUartClock
                0x00001e14       0x30 /mnt/9A68FEAD68FE8773/ksdk/lib/ksdk_platform_lib/kds/KL25Z4/debug/libksdk_platform.a(fsl_clock_MKL25Z4.o)
                0x00001e14                CLOCK_SYS_EnableUartClock
 .text.CLOCK_SYS_SetMcgPeeToFbe
                0x00001e44       0x30 /mnt/9A68FEAD68FE8773/ksdk/lib/ksdk_platform_lib/kds/KL25Z4/debug/libksdk_platform.a(fsl_clock_manager.o)
 .text.CLOCK_SYS_SetMcgMode
                0x00001e74      0x134 /mnt/9A68FEAD68FE8773/ksdk/lib/ksdk_platform_lib/kds/KL25Z4/debug/libksdk_platform.a(fsl_clock_manager.o)
                0x00001e74                CLOCK_SYS_SetMcgMode
 .text.CLOCK_SYS_SetOscerConfigration
                0x00001fa8       0x28 /mnt/9A68FEAD68FE8773/ksdk/lib/ksdk_platform_lib/kds/KL25Z4/debug/libksdk_platform.a(fsl_clock_manager.o)
                0x00001fa8                CLOCK_SYS_SetOscerConfigration
 .text.CLOCK_SYS_OscInit
                0x00001fd0       0x98 /mnt/9A68FEAD68FE8773/ksdk/lib/ksdk_platform_lib/kds/KL25Z4/debug/libksdk_platform.a(fsl_clock_manager.o)
                0x00001fd0                CLOCK_SYS_OscInit
 .text.CLOCK_SYS_RtcOscInit
                0x00002068       0xa0 /mnt/9A68FEAD68FE8773/ksdk/lib/ksdk_platform_lib/kds/KL25Z4/debug/libksdk_platform.a(fsl_clock_manager.o)
                0x00002068                CLOCK_SYS_RtcOscInit
 .text.CLOCK_HAL_SetOutDiv
                0x00002108       0x1c /mnt/9A68FEAD68FE8773/ksdk/lib/ksdk_platform_lib/kds/KL25Z4/debug/libksdk_platform.a(fsl_sim_hal_MKL25Z4.o)
                0x00002108                CLOCK_HAL_SetOutDiv
 .text.OSC_HAL_SetCapacitor
                0x00002124        0xe /mnt/9A68FEAD68FE8773/ksdk/lib/ksdk_platform_lib/kds/KL25Z4/debug/libksdk_platform.a(fsl_osc_hal.o)
                0x00002124                OSC_HAL_SetCapacitor
 *fill*         0x00002132        0x2 
 .text.CLOCK_HAL_TestOscFreq
                0x00002134        0xc /mnt/9A68FEAD68FE8773/ksdk/lib/ksdk_platform_lib/kds/KL25Z4/debug/libksdk_platform.a(fsl_mcg_hal.o)
                0x00002134                CLOCK_HAL_TestOscFreq
 .text.CLOCK_HAL_TestFllExternalRefFreq
                0x00002140       0x36 /mnt/9A68FEAD68FE8773/ksdk/lib/ksdk_platform_lib/kds/KL25Z4/debug/libksdk_platform.a(fsl_mcg_hal.o)
                0x00002140                CLOCK_HAL_TestFllExternalRefFreq
 *fill*         0x00002176        0x2 
 .text.CLOCK_HAL_GetFllRefClk
                0x00002178       0x44 /mnt/9A68FEAD68FE8773/ksdk/lib/ksdk_platform_lib/kds/KL25Z4/debug/libksdk_platform.a(fsl_mcg_hal.o)
                0x00002178                CLOCK_HAL_GetFllRefClk
 .text.CLOCK_HAL_TestFllFreq
                0x000021bc       0x38 /mnt/9A68FEAD68FE8773/ksdk/lib/ksdk_platform_lib/kds/KL25Z4/debug/libksdk_platform.a(fsl_mcg_hal.o)
                0x000021bc                CLOCK_HAL_TestFllFreq
 .text.CLOCK_HAL_GetFllClk
                0x000021f4       0x40 /mnt/9A68FEAD68FE8773/ksdk/lib/ksdk_platform_lib/kds/KL25Z4/debug/libksdk_platform.a(fsl_mcg_hal.o)
                0x000021f4                CLOCK_HAL_GetFllClk
 .text.CLOCK_HAL_UpdateFastClkInternalRefDiv
                0x00002234       0x60 /mnt/9A68FEAD68FE8773/ksdk/lib/ksdk_platform_lib/kds/KL25Z4/debug/libksdk_platform.a(fsl_mcg_hal.o)
                0x00002234                CLOCK_HAL_UpdateFastClkInternalRefDiv
 .text.CLOCK_HAL_GetPll0Clk
                0x00002294       0x48 /mnt/9A68FEAD68FE8773/ksdk/lib/ksdk_platform_lib/kds/KL25Z4/debug/libksdk_platform.a(fsl_mcg_hal.o)
                0x00002294                CLOCK_HAL_GetPll0Clk
 .text.CLOCK_HAL_EnablePll0InFllMode
                0x000022dc       0x38 /mnt/9A68FEAD68FE8773/ksdk/lib/ksdk_platform_lib/kds/KL25Z4/debug/libksdk_platform.a(fsl_mcg_hal.o)
                0x000022dc                CLOCK_HAL_EnablePll0InFllMode
 .text.CLOCK_HAL_GetInternalRefClk
                0x00002314       0x40 /mnt/9A68FEAD68FE8773/ksdk/lib/ksdk_platform_lib/kds/KL25Z4/debug/libksdk_platform.a(fsl_mcg_hal.o)
                0x00002314                CLOCK_HAL_GetInternalRefClk
 .text.CLOCK_HAL_GetOutClk
                0x00002354       0x48 /mnt/9A68FEAD68FE8773/ksdk/lib/ksdk_platform_lib/kds/KL25Z4/debug/libksdk_platform.a(fsl_mcg_hal.o)
                0x00002354                CLOCK_HAL_GetOutClk
 .text.CLOCK_HAL_SetOsc0Mode
                0x0000239c       0x24 /mnt/9A68FEAD68FE8773/ksdk/lib/ksdk_platform_lib/kds/KL25Z4/debug/libksdk_platform.a(fsl_mcg_hal.o)
                0x0000239c                CLOCK_HAL_SetOsc0Mode
 .text.CLOCK_HAL_PrepareOsc.isra.0
                0x000023c0       0x1e /mnt/9A68FEAD68FE8773/ksdk/lib/ksdk_platform_lib/kds/KL25Z4/debug/libksdk_platform.a(fsl_mcg_hal_modes.o)
 *fill*         0x000023de        0x2 
 .text.CLOCK_HAL_GetMcgMode
                0x000023e0       0x8c /mnt/9A68FEAD68FE8773/ksdk/lib/ksdk_platform_lib/kds/KL25Z4/debug/libksdk_platform.a(fsl_mcg_hal_modes.o)
                0x000023e0                CLOCK_HAL_GetMcgMode
 .text.CLOCK_HAL_SetFbiMode
                0x0000246c       0xc0 /mnt/9A68FEAD68FE8773/ksdk/lib/ksdk_platform_lib/kds/KL25Z4/debug/libksdk_platform.a(fsl_mcg_hal_modes.o)
                0x0000246c                CLOCK_HAL_SetFbiMode
 .text.CLOCK_HAL_SetFbeMode
                0x0000252c       0xd0 /mnt/9A68FEAD68FE8773/ksdk/lib/ksdk_platform_lib/kds/KL25Z4/debug/libksdk_platform.a(fsl_mcg_hal_modes.o)
                0x0000252c                CLOCK_HAL_SetFbeMode
 .text.CLOCK_HAL_SetPbeMode
                0x000025fc       0xc8 /mnt/9A68FEAD68FE8773/ksdk/lib/ksdk_platform_lib/kds/KL25Z4/debug/libksdk_platform.a(fsl_mcg_hal_modes.o)
                0x000025fc                CLOCK_HAL_SetPbeMode
 .text.__assert_func
                0x000026c4       0x3c /opt/Freescale/KDS_3.0.0/toolchain/bin/../lib/gcc/arm-none-eabi/4.8.4/../../../../arm-none-eabi/lib/armv6-m/libg_s.a(lib_a-assert.o)
                0x000026c4                __assert_func
 .text.exit     0x00002700       0x2c /opt/Freescale/KDS_3.0.0/toolchain/bin/../lib/gcc/arm-none-eabi/4.8.4/../../../../arm-none-eabi/lib/armv6-m/libg_s.a(lib_a-exit.o)
                0x00002700                exit
 .text.fprintf  0x0000272c       0x24 /opt/Freescale/KDS_3.0.0/toolchain/bin/../lib/gcc/arm-none-eabi/4.8.4/../../../../arm-none-eabi/lib/armv6-m/libg_s.a(lib_a-fprintf.o)
                0x0000272c                fprintf
                0x0000272c                fiprintf
 .text.__libc_init_array
                0x00002750       0x4c /opt/Freescale/KDS_3.0.0/toolchain/bin/../lib/gcc/arm-none-eabi/4.8.4/../../../../arm-none-eabi/lib/armv6-m/libg_s.a(lib_a-init.o)
                0x00002750                __libc_init_array
 .text.memcpy   0x0000279c       0x12 /opt/Freescale/KDS_3.0.0/toolchain/bin/../lib/gcc/arm-none-eabi/4.8.4/../../../../arm-none-eabi/lib/armv6-m/libg_s.a(lib_a-memcpy-stub.o)
                0x0000279c                memcpy
 .text.memset   0x000027ae       0x10 /opt/Freescale/KDS_3.0.0/toolchain/bin/../lib/gcc/arm-none-eabi/4.8.4/../../../../arm-none-eabi/lib/armv6-m/libg_s.a(lib_a-memset.o)
                0x000027ae                memset
 *fill*         0x000027be        0x2 
 .text._free_r  0x000027c0       0x90 /opt/Freescale/KDS_3.0.0/toolchain/bin/../lib/gcc/arm-none-eabi/4.8.4/../../../../arm-none-eabi/lib/armv6-m/libg_s.a(lib_a-nano-freer.o)
                0x000027c0                _free_r
 .text._malloc_r
                0x00002850       0xa8 /opt/Freescale/KDS_3.0.0/toolchain/bin/../lib/gcc/arm-none-eabi/4.8.4/../../../../arm-none-eabi/lib/armv6-m/libg_s.a(lib_a-nano-mallocr.o)
                0x00002850                _malloc_r
 .text._sbrk_r  0x000028f8       0x24 /opt/Freescale/KDS_3.0.0/toolchain/bin/../lib/gcc/arm-none-eabi/4.8.4/../../../../arm-none-eabi/lib/armv6-m/libg_s.a(lib_a-sbrkr.o)
                0x000028f8                _sbrk_r
 .text.sscanf   0x0000291c       0x50 /opt/Freescale/KDS_3.0.0/toolchain/bin/../lib/gcc/arm-none-eabi/4.8.4/../../../../arm-none-eabi/lib/armv6-m/libg_s.a(lib_a-sscanf.o)
                0x0000291c                sscanf
                0x0000291c                siscanf
 .text.__sread  0x0000296c       0x28 /opt/Freescale/KDS_3.0.0/toolchain/bin/../lib/gcc/arm-none-eabi/4.8.4/../../../../arm-none-eabi/lib/armv6-m/libg_s.a(lib_a-stdio.o)
                0x0000296c                __sread
 .text.__seofread
                0x00002994        0x4 /opt/Freescale/KDS_3.0.0/toolchain/bin/../lib/gcc/arm-none-eabi/4.8.4/../../../../arm-none-eabi/lib/armv6-m/libg_s.a(lib_a-stdio.o)
                0x00002994                __seofread
 .text.__swrite
                0x00002998       0x38 /opt/Freescale/KDS_3.0.0/toolchain/bin/../lib/gcc/arm-none-eabi/4.8.4/../../../../arm-none-eabi/lib/armv6-m/libg_s.a(lib_a-stdio.o)
                0x00002998                __swrite
 .text.__sseek  0x000029d0       0x2c /opt/Freescale/KDS_3.0.0/toolchain/bin/../lib/gcc/arm-none-eabi/4.8.4/../../../../arm-none-eabi/lib/armv6-m/libg_s.a(lib_a-stdio.o)
                0x000029d0                __sseek
 .text.__sclose
                0x000029fc        0xc /opt/Freescale/KDS_3.0.0/toolchain/bin/../lib/gcc/arm-none-eabi/4.8.4/../../../../arm-none-eabi/lib/armv6-m/libg_s.a(lib_a-stdio.o)
                0x000029fc                __sclose
 .text.strlen   0x00002a08        0xe /opt/Freescale/KDS_3.0.0/toolchain/bin/../lib/gcc/arm-none-eabi/4.8.4/../../../../arm-none-eabi/lib/armv6-m/libg_s.a(lib_a-strlen.o)
                0x00002a08                strlen
 .text._sungetc_r
                0x00002a16       0x7a /opt/Freescale/KDS_3.0.0/toolchain/bin/../lib/gcc/arm-none-eabi/4.8.4/../../../../arm-none-eabi/lib/armv6-m/libg_s.a(lib_a-svfscanf.o)
                0x00002a16                _sungetc_r
 .text.__ssrefill_r
                0x00002a90       0x3e /opt/Freescale/KDS_3.0.0/toolchain/bin/../lib/gcc/arm-none-eabi/4.8.4/../../../../arm-none-eabi/lib/armv6-m/libg_s.a(lib_a-svfscanf.o)
                0x00002a90                __ssrefill_r
 *fill*         0x00002ace        0x2 
 .text.__ssvfscanf_r
                0x00002ad0      0x2b0 /opt/Freescale/KDS_3.0.0/toolchain/bin/../lib/gcc/arm-none-eabi/4.8.4/../../../../arm-none-eabi/lib/armv6-m/libg_s.a(lib_a-svfscanf.o)
                0x00002ad0                __ssvfscanf_r
                0x00002ad0                __ssvfiscanf_r
 .text.__submore
                0x00002d80       0x7c /opt/Freescale/KDS_3.0.0/toolchain/bin/../lib/gcc/arm-none-eabi/4.8.4/../../../../arm-none-eabi/lib/armv6-m/libg_s.a(lib_a-ungetc.o)
                0x00002d80                __submore
 .text.__sfputc_r
                0x00002dfc       0x2a /opt/Freescale/KDS_3.0.0/toolchain/bin/../lib/gcc/arm-none-eabi/4.8.4/../../../../arm-none-eabi/lib/armv6-m/libg_s.a(lib_a-vfprintf.o)
 .text.__sfputs_r
                0x00002e26       0x24 /opt/Freescale/KDS_3.0.0/toolchain/bin/../lib/gcc/arm-none-eabi/4.8.4/../../../../arm-none-eabi/lib/armv6-m/libg_s.a(lib_a-vfprintf.o)
                0x00002e26                __sfputs_r
 *fill*         0x00002e4a        0x2 
 .text._vfprintf_r
                0x00002e4c      0x210 /opt/Freescale/KDS_3.0.0/toolchain/bin/../lib/gcc/arm-none-eabi/4.8.4/../../../../arm-none-eabi/lib/armv6-m/libg_s.a(lib_a-vfprintf.o)
                0x00002e4c                _vfiprintf_r
                0x00002e4c                _vfprintf_r
 .text._printf_common
                0x0000305c       0xe8 /opt/Freescale/KDS_3.0.0/toolchain/bin/../lib/gcc/arm-none-eabi/4.8.4/../../../../arm-none-eabi/lib/armv6-m/libg_s.a(lib_a-vfprintf_i.o)
                0x0000305c                _printf_common
 .text._printf_i
                0x00003144      0x22c /opt/Freescale/KDS_3.0.0/toolchain/bin/../lib/gcc/arm-none-eabi/4.8.4/../../../../arm-none-eabi/lib/armv6-m/libg_s.a(lib_a-vfprintf_i.o)
                0x00003144                _printf_i
 .text._scanf_chars
                0x00003370       0xc8 /opt/Freescale/KDS_3.0.0/toolchain/bin/../lib/gcc/arm-none-eabi/4.8.4/../../../../arm-none-eabi/lib/armv6-m/libg_s.a(lib_a-vfscanf_i.o)
                0x00003370                _scanf_chars
 .text._scanf_i
                0x00003438      0x1fc /opt/Freescale/KDS_3.0.0/toolchain/bin/../lib/gcc/arm-none-eabi/4.8.4/../../../../arm-none-eabi/lib/armv6-m/libg_s.a(lib_a-vfscanf_i.o)
                0x00003438                _scanf_i
 .text.__swbuf_r
                0x00003634       0xb0 /opt/Freescale/KDS_3.0.0/toolchain/bin/../lib/gcc/arm-none-eabi/4.8.4/../../../../arm-none-eabi/lib/armv6-m/libg_s.a(lib_a-wbuf.o)
                0x00003634                __swbuf_r
 .text._write_r
                0x000036e4       0x28 /opt/Freescale/KDS_3.0.0/toolchain/bin/../lib/gcc/arm-none-eabi/4.8.4/../../../../arm-none-eabi/lib/armv6-m/libg_s.a(lib_a-writer.o)
                0x000036e4                _write_r
 .text.__swsetup_r
                0x0000370c       0xe4 /opt/Freescale/KDS_3.0.0/toolchain/bin/../lib/gcc/arm-none-eabi/4.8.4/../../../../arm-none-eabi/lib/armv6-m/libg_s.a(lib_a-wsetup.o)
                0x0000370c                __swsetup_r
 .text.abort    0x000037f0        0xe /opt/Freescale/KDS_3.0.0/toolchain/bin/../lib/gcc/arm-none-eabi/4.8.4/../../../../arm-none-eabi/lib/armv6-m/libg_s.a(lib_a-abort.o)
                0x000037f0                abort
 *fill*         0x000037fe        0x2 
 .text._close_r
                0x00003800       0x24 /opt/Freescale/KDS_3.0.0/toolchain/bin/../lib/gcc/arm-none-eabi/4.8.4/../../../../arm-none-eabi/lib/armv6-m/libg_s.a(lib_a-closer.o)
                0x00003800                _close_r
 .text.__sflush_r
                0x00003824      0x112 /opt/Freescale/KDS_3.0.0/toolchain/bin/../lib/gcc/arm-none-eabi/4.8.4/../../../../arm-none-eabi/lib/armv6-m/libg_s.a(lib_a-fflush.o)
                0x00003824                __sflush_r
 *fill*         0x00003936        0x2 
 .text._fflush_r
                0x00003938       0x58 /opt/Freescale/KDS_3.0.0/toolchain/bin/../lib/gcc/arm-none-eabi/4.8.4/../../../../arm-none-eabi/lib/armv6-m/libg_s.a(lib_a-fflush.o)
                0x00003938                _fflush_r
 .text._cleanup_r
                0x00003990       0x34 /opt/Freescale/KDS_3.0.0/toolchain/bin/../lib/gcc/arm-none-eabi/4.8.4/../../../../arm-none-eabi/lib/armv6-m/libg_s.a(lib_a-findfp.o)
                0x00003990                _cleanup_r
 .text.std.isra.0
                0x000039c4       0x48 /opt/Freescale/KDS_3.0.0/toolchain/bin/../lib/gcc/arm-none-eabi/4.8.4/../../../../arm-none-eabi/lib/armv6-m/libg_s.a(lib_a-findfp.o)
 .text.__sfmoreglue
                0x00003a0c       0x2c /opt/Freescale/KDS_3.0.0/toolchain/bin/../lib/gcc/arm-none-eabi/4.8.4/../../../../arm-none-eabi/lib/armv6-m/libg_s.a(lib_a-findfp.o)
                0x00003a0c                __sfmoreglue
 .text.__sinit  0x00003a38       0x64 /opt/Freescale/KDS_3.0.0/toolchain/bin/../lib/gcc/arm-none-eabi/4.8.4/../../../../arm-none-eabi/lib/armv6-m/libg_s.a(lib_a-findfp.o)
                0x00003a38                __sinit
 .text.__sfp    0x00003a9c       0x7c /opt/Freescale/KDS_3.0.0/toolchain/bin/../lib/gcc/arm-none-eabi/4.8.4/../../../../arm-none-eabi/lib/armv6-m/libg_s.a(lib_a-findfp.o)
                0x00003a9c                __sfp
 .text._lseek_r
                0x00003b18       0x28 /opt/Freescale/KDS_3.0.0/toolchain/bin/../lib/gcc/arm-none-eabi/4.8.4/../../../../arm-none-eabi/lib/armv6-m/libg_s.a(lib_a-lseekr.o)
                0x00003b18                _lseek_r
 .text.__smakebuf_r
                0x00003b40       0xa0 /opt/Freescale/KDS_3.0.0/toolchain/bin/../lib/gcc/arm-none-eabi/4.8.4/../../../../arm-none-eabi/lib/armv6-m/libg_s.a(lib_a-makebuf.o)
                0x00003b40                __smakebuf_r
 .text.memchr   0x00003be0       0x16 /opt/Freescale/KDS_3.0.0/toolchain/bin/../lib/gcc/arm-none-eabi/4.8.4/../../../../arm-none-eabi/lib/armv6-m/libg_s.a(lib_a-memchr-stub.o)
                0x00003be0                memchr
 .text._realloc_r
                0x00003bf6       0x4c /opt/Freescale/KDS_3.0.0/toolchain/bin/../lib/gcc/arm-none-eabi/4.8.4/../../../../arm-none-eabi/lib/armv6-m/libg_s.a(lib_a-nano-reallocr.o)
                0x00003bf6                _realloc_r
 *fill*         0x00003c42        0x2 
 .text._read_r  0x00003c44       0x28 /opt/Freescale/KDS_3.0.0/toolchain/bin/../lib/gcc/arm-none-eabi/4.8.4/../../../../arm-none-eabi/lib/armv6-m/libg_s.a(lib_a-readr.o)
                0x00003c44                _read_r
 .text.__sccl   0x00003c6c       0x66 /opt/Freescale/KDS_3.0.0/toolchain/bin/../lib/gcc/arm-none-eabi/4.8.4/../../../../arm-none-eabi/lib/armv6-m/libg_s.a(lib_a-sccl.o)
                0x00003c6c                __sccl
 .text._raise_r
                0x00003cd2       0x56 /opt/Freescale/KDS_3.0.0/toolchain/bin/../lib/gcc/arm-none-eabi/4.8.4/../../../../arm-none-eabi/lib/armv6-m/libg_s.a(lib_a-signal.o)
                0x00003cd2                _raise_r
 .text.raise    0x00003d28       0x14 /opt/Freescale/KDS_3.0.0/toolchain/bin/../lib/gcc/arm-none-eabi/4.8.4/../../../../arm-none-eabi/lib/armv6-m/libg_s.a(lib_a-signal.o)
                0x00003d28                raise
 .text._kill_r  0x00003d3c       0x24 /opt/Freescale/KDS_3.0.0/toolchain/bin/../lib/gcc/arm-none-eabi/4.8.4/../../../../arm-none-eabi/lib/armv6-m/libg_s.a(lib_a-signalr.o)
                0x00003d3c                _kill_r
 .text._getpid_r
                0x00003d60        0x8 /opt/Freescale/KDS_3.0.0/toolchain/bin/../lib/gcc/arm-none-eabi/4.8.4/../../../../arm-none-eabi/lib/armv6-m/libg_s.a(lib_a-signalr.o)
                0x00003d60                _getpid_r
 .text._strtol_r
                0x00003d68      0x114 /opt/Freescale/KDS_3.0.0/toolchain/bin/../lib/gcc/arm-none-eabi/4.8.4/../../../../arm-none-eabi/lib/armv6-m/libg_s.a(lib_a-strtol.o)
                0x00003d68                _strtol_r
 .text._strtoul_r
                0x00003e7c       0xf8 /opt/Freescale/KDS_3.0.0/toolchain/bin/../lib/gcc/arm-none-eabi/4.8.4/../../../../arm-none-eabi/lib/armv6-m/libg_s.a(lib_a-strtoul.o)
                0x00003e7c                _strtoul_r
 .text._fstat_r
                0x00003f74       0x24 /opt/Freescale/KDS_3.0.0/toolchain/bin/../lib/gcc/arm-none-eabi/4.8.4/../../../../arm-none-eabi/lib/armv6-m/libg_s.a(lib_a-fstatr.o)
                0x00003f74                _fstat_r
 .text._isatty_r
                0x00003f98       0x24 /opt/Freescale/KDS_3.0.0/toolchain/bin/../lib/gcc/arm-none-eabi/4.8.4/../../../../arm-none-eabi/lib/armv6-m/libg_s.a(lib_a-isattyr.o)
                0x00003f98                _isatty_r
 .text._malloc_usable_size_r
                0x00003fbc       0x12 /opt/Freescale/KDS_3.0.0/toolchain/bin/../lib/gcc/arm-none-eabi/4.8.4/../../../../arm-none-eabi/lib/armv6-m/libg_s.a(lib_a-nano-msizer.o)
                0x00003fbc                _malloc_usable_size_r
 *fill*         0x00003fce        0x2 
 .text._close   0x00003fd0       0x10 /opt/Freescale/KDS_3.0.0/toolchain/bin/../lib/gcc/arm-none-eabi/4.8.4/../../../../arm-none-eabi/lib/armv6-m/libnosys.a(close.o)
                0x00003fd0                _close
 .text._fstat   0x00003fe0       0x10 /opt/Freescale/KDS_3.0.0/toolchain/bin/../lib/gcc/arm-none-eabi/4.8.4/../../../../arm-none-eabi/lib/armv6-m/libnosys.a(fstat.o)
                0x00003fe0                _fstat
 .text._getpid  0x00003ff0       0x10 /opt/Freescale/KDS_3.0.0/toolchain/bin/../lib/gcc/arm-none-eabi/4.8.4/../../../../arm-none-eabi/lib/armv6-m/libnosys.a(getpid.o)
                0x00003ff0                _getpid
 .text._isatty  0x00004000       0x10 /opt/Freescale/KDS_3.0.0/toolchain/bin/../lib/gcc/arm-none-eabi/4.8.4/../../../../arm-none-eabi/lib/armv6-m/libnosys.a(isatty.o)
                0x00004000                _isatty
 .text._kill    0x00004010       0x10 /opt/Freescale/KDS_3.0.0/toolchain/bin/../lib/gcc/arm-none-eabi/4.8.4/../../../../arm-none-eabi/lib/armv6-m/libnosys.a(kill.o)
                0x00004010                _kill
 .text._lseek   0x00004020       0x10 /opt/Freescale/KDS_3.0.0/toolchain/bin/../lib/gcc/arm-none-eabi/4.8.4/../../../../arm-none-eabi/lib/armv6-m/libnosys.a(lseek.o)
                0x00004020                _lseek
 .text._sbrk    0x00004030       0x34 /opt/Freescale/KDS_3.0.0/toolchain/bin/../lib/gcc/arm-none-eabi/4.8.4/../../../../arm-none-eabi/lib/armv6-m/libnosys.a(sbrk.o)
                0x00004030                _sbrk
 .text._exit    0x00004064        0x4 /opt/Freescale/KDS_3.0.0/toolchain/bin/../lib/gcc/arm-none-eabi/4.8.4/../../../../arm-none-eabi/lib/armv6-m/libnosys.a(_exit.o)
                0x00004064                _exit
 *(.rodata)
 .rodata        0x00004068       0x48 ./Sources/Util/debugUart.o
 .rodata        0x000040b0       0x1c ./Sources/Protocolo/cmdmachine_hal.o
 .rodata        0x000040cc       0x48 ./Sources/Mcg/mcg_hal.o
 .rodata        0x00004114        0xc ./Sources/fsl_debug_console.o
 .rodata        0x00004120        0xc /opt/Freescale/KDS_3.0.0/toolchain/bin/../lib/gcc/arm-none-eabi/4.8.4/../../../../arm-none-eabi/lib/armv6-m/libg_s.a(lib_a-vfscanf_i.o)
 *(.rodata*)
 .rodata.__func__.6339
                0x0000412c       0x14 ./Sources/Util/debugUart.o
 .rodata.handleError
                0x00004140       0x84 ./Sources/Protocolo/cmdmachine_hal.o
 .rodata.g_defaultClockConfigRun
                0x000041c4       0x14 ./Sources/Mcg/mcg_hal.o
                0x000041c4                g_defaultClockConfigRun
 .rodata.__func__.5200
                0x000041d8       0x14 ./Sources/Mcg/mcg_hal.o
 .rodata.ledswi_initLedSwitch
                0x000041ec       0x14 ./Sources/LedSwi/ledswi_hal.o
 .rodata.__func__.6307
                0x00004200       0x1b /mnt/9A68FEAD68FE8773/ksdk/lib/ksdk_platform_lib/kds/KL25Z4/debug/libksdk_platform.a(fsl_clock_MKL25Z4.o)
 .rodata.uartGateTable
                0x0000421b        0x3 /mnt/9A68FEAD68FE8773/ksdk/lib/ksdk_platform_lib/kds/KL25Z4/debug/libksdk_platform.a(fsl_clock_MKL25Z4.o)
 .rodata.__func__.6521
                0x0000421e       0x1a /mnt/9A68FEAD68FE8773/ksdk/lib/ksdk_platform_lib/kds/KL25Z4/debug/libksdk_platform.a(fsl_clock_MKL25Z4.o)
 .rodata.portGateTable
                0x00004238        0x5 /mnt/9A68FEAD68FE8773/ksdk/lib/ksdk_platform_lib/kds/KL25Z4/debug/libksdk_platform.a(fsl_clock_MKL25Z4.o)
 .rodata.__func__.6516
                0x0000423d       0x1b /mnt/9A68FEAD68FE8773/ksdk/lib/ksdk_platform_lib/kds/KL25Z4/debug/libksdk_platform.a(fsl_clock_MKL25Z4.o)
 .rodata.str1.1
                0x00004258      0x225 /mnt/9A68FEAD68FE8773/ksdk/lib/ksdk_platform_lib/kds/KL25Z4/debug/libksdk_platform.a(fsl_clock_MKL25Z4.o)
 .rodata.__func__.6443
                0x0000447d       0x1a /mnt/9A68FEAD68FE8773/ksdk/lib/ksdk_platform_lib/kds/KL25Z4/debug/libksdk_platform.a(fsl_clock_MKL25Z4.o)
 .rodata.__func__.6545
                0x00004497       0x12 /mnt/9A68FEAD68FE8773/ksdk/lib/ksdk_platform_lib/kds/KL25Z4/debug/libksdk_platform.a(fsl_clock_manager.o)
 .rodata.__func__.6562
                0x000044a9       0x15 /mnt/9A68FEAD68FE8773/ksdk/lib/ksdk_platform_lib/kds/KL25Z4/debug/libksdk_platform.a(fsl_clock_manager.o)
 .rodata.str1.1
                0x000044be       0xaf /mnt/9A68FEAD68FE8773/ksdk/lib/ksdk_platform_lib/kds/KL25Z4/debug/libksdk_platform.a(fsl_clock_manager.o)
 *fill*         0x0000456d        0x3 
 .rodata.g_oscBase
                0x00004570        0x4 /mnt/9A68FEAD68FE8773/ksdk/lib/ksdk_platform_lib/kds/KL25Z4/debug/libksdk_platform.a(fsl_clock_manager_common.o)
                0x00004570                g_oscBase
 .rodata.g_rtcBase
                0x00004574        0x4 /mnt/9A68FEAD68FE8773/ksdk/lib/ksdk_platform_lib/kds/KL25Z4/debug/libksdk_platform.a(fsl_rtc_common.o)
                0x00004574                g_rtcBase
 .rodata.fllFactorTable.5183
                0x00004578       0x10 /mnt/9A68FEAD68FE8773/ksdk/lib/ksdk_platform_lib/kds/KL25Z4/debug/libksdk_platform.a(fsl_mcg_hal.o)
 .rodata.str1.1
                0x00004588       0x3c /opt/Freescale/KDS_3.0.0/toolchain/bin/../lib/gcc/arm-none-eabi/4.8.4/../../../../arm-none-eabi/lib/armv6-m/libg_s.a(lib_a-assert.o)
                                 0x3d (size before relaxing)
 .rodata.str1.1
                0x000045c4        0x2 /opt/Freescale/KDS_3.0.0/toolchain/bin/../lib/gcc/arm-none-eabi/4.8.4/../../../../arm-none-eabi/lib/armv6-m/libg_s.a(lib_a-impure.o)
 *fill*         0x000045c6        0x2 
 .rodata._global_impure_ptr
                0x000045c8        0x4 /opt/Freescale/KDS_3.0.0/toolchain/bin/../lib/gcc/arm-none-eabi/4.8.4/../../../../arm-none-eabi/lib/armv6-m/libg_s.a(lib_a-impure.o)
                0x000045c8                _global_impure_ptr
 .rodata.str1.1
                0x000045cc        0x4 /opt/Freescale/KDS_3.0.0/toolchain/bin/../lib/gcc/arm-none-eabi/4.8.4/../../../../arm-none-eabi/lib/armv6-m/libg_s.a(lib_a-svfscanf.o)
 .rodata.str1.1
                0x000045d0        0xd /opt/Freescale/KDS_3.0.0/toolchain/bin/../lib/gcc/arm-none-eabi/4.8.4/../../../../arm-none-eabi/lib/armv6-m/libg_s.a(lib_a-vfprintf.o)
                                 0x11 (size before relaxing)
 .rodata.str1.1
                0x000045dd       0x22 /opt/Freescale/KDS_3.0.0/toolchain/bin/../lib/gcc/arm-none-eabi/4.8.4/../../../../arm-none-eabi/lib/armv6-m/libg_s.a(lib_a-vfprintf_i.o)
 .rodata.str1.1
                0x000045ff       0x1b /opt/Freescale/KDS_3.0.0/toolchain/bin/../lib/gcc/arm-none-eabi/4.8.4/../../../../arm-none-eabi/lib/armv6-m/libg_s.a(lib_a-vfscanf_i.o)
 .rodata._ctype_
                0x0000461a      0x101 /opt/Freescale/KDS_3.0.0/toolchain/bin/../lib/gcc/arm-none-eabi/4.8.4/../../../../arm-none-eabi/lib/armv6-m/libg_s.a(lib_a-ctype_.o)
                0x0000461a                _ctype_
 *fill*         0x0000471b        0x1 
 .rodata.__sf_fake_stdin
                0x0000471c       0x20 /opt/Freescale/KDS_3.0.0/toolchain/bin/../lib/gcc/arm-none-eabi/4.8.4/../../../../arm-none-eabi/lib/armv6-m/libg_s.a(lib_a-findfp.o)
                0x0000471c                __sf_fake_stdin
 .rodata.__sf_fake_stdout
                0x0000473c       0x20 /opt/Freescale/KDS_3.0.0/toolchain/bin/../lib/gcc/arm-none-eabi/4.8.4/../../../../arm-none-eabi/lib/armv6-m/libg_s.a(lib_a-findfp.o)
                0x0000473c                __sf_fake_stdout
 .rodata.__sf_fake_stderr
                0x0000475c       0x20 /opt/Freescale/KDS_3.0.0/toolchain/bin/../lib/gcc/arm-none-eabi/4.8.4/../../../../arm-none-eabi/lib/armv6-m/libg_s.a(lib_a-findfp.o)
                0x0000475c                __sf_fake_stderr
 *(.glue_7)
 .glue_7        0x00000000        0x0 linker stubs
 *(.glue_7t)
 .glue_7t       0x00000000        0x0 linker stubs
 *(.eh_frame)
 .eh_frame      0x0000477c        0x0 /opt/Freescale/KDS_3.0.0/toolchain/bin/../lib/gcc/arm-none-eabi/4.8.4/armv6-m/crtbegin.o
 *(.init)
 .init          0x0000477c        0x4 /opt/Freescale/KDS_3.0.0/toolchain/bin/../lib/gcc/arm-none-eabi/4.8.4/armv6-m/crti.o
                0x0000477c                _init
 .init          0x00004780        0x8 /opt/Freescale/KDS_3.0.0/toolchain/bin/../lib/gcc/arm-none-eabi/4.8.4/armv6-m/crtn.o
 *(.fini)
 .fini          0x00004788        0x4 /opt/Freescale/KDS_3.0.0/toolchain/bin/../lib/gcc/arm-none-eabi/4.8.4/armv6-m/crti.o
                0x00004788                _fini
 .fini          0x0000478c        0x8 /opt/Freescale/KDS_3.0.0/toolchain/bin/../lib/gcc/arm-none-eabi/4.8.4/armv6-m/crtn.o
                0x00004794                . = ALIGN (0x4)

.vfp11_veneer   0x00004794        0x0
 .vfp11_veneer  0x00000000        0x0 linker stubs

.v4_bx          0x00004794        0x0
 .v4_bx         0x00000000        0x0 linker stubs

.iplt           0x00004794        0x0
 .iplt          0x00000000        0x0 /opt/Freescale/KDS_3.0.0/toolchain/bin/../lib/gcc/arm-none-eabi/4.8.4/armv6-m/crtbegin.o

.ARM.extab
 *(.ARM.extab* .gnu.linkonce.armextab.*)

.ARM            0x00004794        0x8
                0x00004794                __exidx_start = .
 *(.ARM.exidx*)
 .ARM.exidx     0x00004794        0x8 /opt/Freescale/KDS_3.0.0/toolchain/bin/../lib/gcc/arm-none-eabi/4.8.4/../../../../arm-none-eabi/lib/armv6-m/crt0.o
                0x0000479c                __exidx_end = .

.rel.dyn        0x0000479c        0x0
 .rel.iplt      0x00000000        0x0 /opt/Freescale/KDS_3.0.0/toolchain/bin/../lib/gcc/arm-none-eabi/4.8.4/armv6-m/crtbegin.o

.ctors          0x0000479c        0x0
                0x0000479c                __CTOR_LIST__ = .
 *crtbegin.o(.ctors)
 *crtbegin?.o(.ctors)
 *(EXCLUDE_FILE(*crtend.o *crtend?.o) .ctors)
 *(SORT(.ctors.*))
 *(.ctors)
                0x0000479c                __CTOR_END__ = .

.dtors          0x0000479c        0x0
                0x0000479c                __DTOR_LIST__ = .
 *crtbegin.o(.dtors)
 *crtbegin?.o(.dtors)
 *(EXCLUDE_FILE(*crtend.o *crtend?.o) .dtors)
 *(SORT(.dtors.*))
 *(.dtors)
                0x0000479c                __DTOR_END__ = .

.preinit_array  0x0000479c        0x0
                0x0000479c                PROVIDE (__preinit_array_start, .)
 *(.preinit_array*)
                0x0000479c                PROVIDE (__preinit_array_end, .)

.init_array     0x0000479c        0x4
                0x0000479c                PROVIDE (__init_array_start, .)
 *(SORT(.init_array.*))
 *(.init_array*)
 .init_array    0x0000479c        0x4 /opt/Freescale/KDS_3.0.0/toolchain/bin/../lib/gcc/arm-none-eabi/4.8.4/armv6-m/crtbegin.o
                0x000047a0                PROVIDE (__init_array_end, .)

.fini_array     0x000047a0        0x4
                0x000047a0                PROVIDE (__fini_array_start, .)
 *(SORT(.fini_array.*))
 *(.fini_array*)
 .fini_array    0x000047a0        0x4 /opt/Freescale/KDS_3.0.0/toolchain/bin/../lib/gcc/arm-none-eabi/4.8.4/armv6-m/crtbegin.o
                0x000047a4                PROVIDE (__fini_array_end, .)
                0x000047a4                __etext = .
                0x000047a4                __DATA_ROM = .

.mtb            0x1ffff000        0x0
                0x1ffff000                . = ALIGN (0x8)
                0x1ffff000                _mtb_start = .
 *(.mtb_buf)
                0x1ffff000                . = ALIGN (0x8)
                0x1ffff000                _mtb_end = .

.interrupts_ram
                0x1ffff000        0x0
                0x1ffff000                . = ALIGN (0x4)
                0x1ffff000                __VECTOR_RAM__ = .
                0x1ffff000                __interrupts_ram_start__ = .
 *(.m_interrupts_ram)
                0x1ffff000                . = (. + M_VECTOR_RAM_SIZE)
                0x1ffff000                . = ALIGN (0x4)
                0x1ffff000                __interrupts_ram_end__ = .
                0x00000000                __VECTOR_RAM = DEFINED (__ram_vector_table__)?__VECTOR_RAM__:ORIGIN (m_interrupts)
                0x00000000                __RAM_VECTOR_TABLE_SIZE_BYTES = DEFINED (__ram_vector_table__)?(__interrupts_ram_end__ - __interrupts_ram_start__):0x0

.data           0x1ffff000       0x80 load address 0x000047a4
                0x1ffff000                . = ALIGN (0x4)
                0x1ffff000                __DATA_RAM = .
                0x1ffff000                __data_start__ = .
 *(.data)
 *(.data*)
 .data.fpTimer0Handler
                0x1ffff000        0x4 ./Sources/PIT/pit_hal.o
 .data.fpTimer1Handler
                0x1ffff004        0x4 ./Sources/PIT/pit_hal.o
 .data.SystemCoreClock
                0x1ffff008        0x4 ./Project_Settings/Startup_Code/system_MKL25Z4.o
                0x1ffff008                SystemCoreClock
 .data.g_slowInternalRefClkFreq
                0x1ffff00c        0x4 /mnt/9A68FEAD68FE8773/ksdk/lib/ksdk_platform_lib/kds/KL25Z4/debug/libksdk_platform.a(fsl_mcg_hal.o)
                0x1ffff00c                g_slowInternalRefClkFreq
 .data.g_fastInternalRefClkFreq
                0x1ffff010        0x4 /mnt/9A68FEAD68FE8773/ksdk/lib/ksdk_platform_lib/kds/KL25Z4/debug/libksdk_platform.a(fsl_mcg_hal.o)
                0x1ffff010                g_fastInternalRefClkFreq
 .data.impure_data
                0x1ffff014       0x60 /opt/Freescale/KDS_3.0.0/toolchain/bin/../lib/gcc/arm-none-eabi/4.8.4/../../../../arm-none-eabi/lib/armv6-m/libg_s.a(lib_a-impure.o)
 .data._impure_ptr
                0x1ffff074        0x4 /opt/Freescale/KDS_3.0.0/toolchain/bin/../lib/gcc/arm-none-eabi/4.8.4/../../../../arm-none-eabi/lib/armv6-m/libg_s.a(lib_a-impure.o)
                0x1ffff074                _impure_ptr
 .data.__ctype_ptr__
                0x1ffff078        0x4 /opt/Freescale/KDS_3.0.0/toolchain/bin/../lib/gcc/arm-none-eabi/4.8.4/../../../../arm-none-eabi/lib/armv6-m/libg_s.a(lib_a-ctype_.o)
                0x1ffff078                __ctype_ptr__
 *(.jcr*)
 .jcr           0x1ffff07c        0x0 /opt/Freescale/KDS_3.0.0/toolchain/bin/../lib/gcc/arm-none-eabi/4.8.4/armv6-m/crtbegin.o
 .jcr           0x1ffff07c        0x4 /opt/Freescale/KDS_3.0.0/toolchain/bin/../lib/gcc/arm-none-eabi/4.8.4/armv6-m/crtend.o
                0x1ffff080                . = ALIGN (0x4)
                0x1ffff080                __data_end__ = .
                0x00004824                __DATA_END = (__DATA_ROM + (__data_end__ - __data_start__))
                0x00020000                text_end = (ORIGIN (m_text) + 0x1fbf0)
                0x00000001                ASSERT ((__DATA_END <= text_end), region m_text overflowed with text and data)

.igot.plt       0x1ffff080        0x0 load address 0x00004824
 .igot.plt      0x00000000        0x0 /opt/Freescale/KDS_3.0.0/toolchain/bin/../lib/gcc/arm-none-eabi/4.8.4/armv6-m/crtbegin.o

.bss            0x1ffff080       0x4c load address 0x00004824
                0x1ffff080                . = ALIGN (0x4)
                0x1ffff080                __START_BSS = .
                0x1ffff080                __bss_start__ = .
 *(.bss)
 .bss           0x1ffff080       0x1c /opt/Freescale/KDS_3.0.0/toolchain/bin/../lib/gcc/arm-none-eabi/4.8.4/armv6-m/crtbegin.o
 *(.bss*)
 .bss.iState    0x1ffff09c        0x4 ./Sources/Protocolo/cmdmachine_hal.o
 .bss.usBusOn.5063
                0x1ffff0a0        0x2 ./Sources/Buzzer/buzzer_hal.o
 *fill*         0x1ffff0a2        0x2 
 .bss.s_debugConsole
                0x1ffff0a4       0x10 ./Sources/fsl_debug_console.o
 .bss.g_xtal0ClkFreq
                0x1ffff0b4        0x4 /mnt/9A68FEAD68FE8773/ksdk/lib/ksdk_platform_lib/kds/KL25Z4/debug/libksdk_platform.a(fsl_mcg_hal.o)
                0x1ffff0b4                g_xtal0ClkFreq
 .bss.g_xtalRtcClkFreq
                0x1ffff0b8        0x4 /mnt/9A68FEAD68FE8773/ksdk/lib/ksdk_platform_lib/kds/KL25Z4/debug/libksdk_platform.a(fsl_mcg_hal.o)
                0x1ffff0b8                g_xtalRtcClkFreq
 .bss.__malloc_sbrk_start
                0x1ffff0bc        0x4 /opt/Freescale/KDS_3.0.0/toolchain/bin/../lib/gcc/arm-none-eabi/4.8.4/../../../../arm-none-eabi/lib/armv6-m/libg_s.a(lib_a-nano-mallocr.o)
                0x1ffff0bc                __malloc_sbrk_start
 .bss.__malloc_free_list
                0x1ffff0c0        0x4 /opt/Freescale/KDS_3.0.0/toolchain/bin/../lib/gcc/arm-none-eabi/4.8.4/../../../../arm-none-eabi/lib/armv6-m/libg_s.a(lib_a-nano-mallocr.o)
                0x1ffff0c0                __malloc_free_list
 .bss.heap_end.4246
                0x1ffff0c4        0x4 /opt/Freescale/KDS_3.0.0/toolchain/bin/../lib/gcc/arm-none-eabi/4.8.4/../../../../arm-none-eabi/lib/armv6-m/libnosys.a(sbrk.o)
 *(COMMON)
 COMMON         0x1ffff0c8        0x4 /opt/Freescale/KDS_3.0.0/toolchain/bin/../lib/gcc/arm-none-eabi/4.8.4/../../../../arm-none-eabi/lib/armv6-m/libg_s.a(lib_a-reent.o)
                0x1ffff0c8                errno
                0x1ffff0cc                . = ALIGN (0x4)
                0x1ffff0cc                __bss_end__ = .
                0x1ffff0cc                __END_BSS = .

.heap           0x1ffff0cc      0x404 load address 0x00004870
                0x1ffff0d0                . = ALIGN (0x8)
 *fill*         0x1ffff0cc        0x4 
                0x1ffff0d0                __end__ = .
                0x1ffff0d0                PROVIDE (end, .)
                0x1ffff0d0                __HeapBase = .
                0x1ffff4d0                . = (. + HEAP_SIZE)
 *fill*         0x1ffff0d0      0x400 
                0x1ffff4d0                __HeapLimit = .

.stack          0x1ffff4d0      0x400 load address 0x00004c74
                0x1ffff4d0                . = ALIGN (0x8)
                0x1ffff8d0                . = (. + STACK_SIZE)
 *fill*         0x1ffff4d0      0x400 
                0x20003000                __StackTop = (ORIGIN (m_data) + 0x4000)
                0x20002c00                __StackLimit = (__StackTop - STACK_SIZE)
                0x20003000                PROVIDE (__stack, __StackTop)

.ARM.attributes
                0x00000000       0x28
 *(.ARM.attributes)
 .ARM.attributes
                0x00000000       0x1e /opt/Freescale/KDS_3.0.0/toolchain/bin/../lib/gcc/arm-none-eabi/4.8.4/armv6-m/crti.o
 .ARM.attributes
                0x0000001e       0x2c /opt/Freescale/KDS_3.0.0/toolchain/bin/../lib/gcc/arm-none-eabi/4.8.4/armv6-m/crtbegin.o
 .ARM.attributes
                0x0000004a       0x1b /opt/Freescale/KDS_3.0.0/toolchain/bin/../lib/gcc/arm-none-eabi/4.8.4/../../../../arm-none-eabi/lib/armv6-m/crt0.o
 .ARM.attributes
                0x00000065       0x32 ./Sources/Util/debugUart.o
 .ARM.attributes
                0x00000097       0x32 ./Sources/Util/util.o
 .ARM.attributes
                0x000000c9       0x32 ./Sources/Serial/serial_hal.o
 .ARM.attributes
                0x000000fb       0x32 ./Sources/Protocolo/cmdmachine_hal.o
 .ARM.attributes
                0x0000012d       0x32 ./Sources/PIT/pit_hal.o
 .ARM.attributes
                0x0000015f       0x32 ./Sources/Mcg/mcg_hal.o
 .ARM.attributes
                0x00000191       0x32 ./Sources/Main/es670.o
 .ARM.attributes
                0x000001c3       0x32 ./Sources/LedSwi/ledswi_hal.o
 .ARM.attributes
                0x000001f5       0x32 ./Sources/Buzzer/buzzer_hal.o
 .ARM.attributes
                0x00000227       0x32 ./Sources/fsl_debug_console.o
 .ARM.attributes
                0x00000259       0x32 ./Project_Settings/Startup_Code/startup.o
 .ARM.attributes
                0x0000028b       0x1b ./Project_Settings/Startup_Code/startup_MKL25Z4.o
 .ARM.attributes
                0x000002a6       0x32 ./Project_Settings/Startup_Code/system_MKL25Z4.o
 .ARM.attributes
                0x000002d8       0x32 /mnt/9A68FEAD68FE8773/ksdk/lib/ksdk_platform_lib/kds/KL25Z4/debug/libksdk_platform.a(fsl_uart_hal.o)
 .ARM.attributes
                0x0000030a       0x32 /mnt/9A68FEAD68FE8773/ksdk/lib/ksdk_platform_lib/kds/KL25Z4/debug/libksdk_platform.a(fsl_lpsci_hal.o)
 .ARM.attributes
                0x0000033c       0x32 /mnt/9A68FEAD68FE8773/ksdk/lib/ksdk_platform_lib/kds/KL25Z4/debug/libksdk_platform.a(fsl_clock_MKL25Z4.o)
 .ARM.attributes
                0x0000036e       0x32 /mnt/9A68FEAD68FE8773/ksdk/lib/ksdk_platform_lib/kds/KL25Z4/debug/libksdk_platform.a(fsl_clock_manager.o)
 .ARM.attributes
                0x000003a0       0x32 /mnt/9A68FEAD68FE8773/ksdk/lib/ksdk_platform_lib/kds/KL25Z4/debug/libksdk_platform.a(fsl_clock_manager_common.o)
 .ARM.attributes
                0x000003d2       0x32 /mnt/9A68FEAD68FE8773/ksdk/lib/ksdk_platform_lib/kds/KL25Z4/debug/libksdk_platform.a(fsl_sim_hal_MKL25Z4.o)
 .ARM.attributes
                0x00000404       0x32 /mnt/9A68FEAD68FE8773/ksdk/lib/ksdk_platform_lib/kds/KL25Z4/debug/libksdk_platform.a(fsl_rtc_common.o)
 .ARM.attributes
                0x00000436       0x32 /mnt/9A68FEAD68FE8773/ksdk/lib/ksdk_platform_lib/kds/KL25Z4/debug/libksdk_platform.a(fsl_osc_hal.o)
 .ARM.attributes
                0x00000468       0x32 /mnt/9A68FEAD68FE8773/ksdk/lib/ksdk_platform_lib/kds/KL25Z4/debug/libksdk_platform.a(fsl_mcg_hal.o)
 .ARM.attributes
                0x0000049a       0x32 /mnt/9A68FEAD68FE8773/ksdk/lib/ksdk_platform_lib/kds/KL25Z4/debug/libksdk_platform.a(fsl_mcg_hal_modes.o)
 .ARM.attributes
                0x000004cc       0x1e /opt/Freescale/KDS_3.0.0/toolchain/bin/../lib/gcc/arm-none-eabi/4.8.4/armv6-m/libgcc.a(_thumb1_case_uqi.o)
 .ARM.attributes
                0x000004ea       0x1e /opt/Freescale/KDS_3.0.0/toolchain/bin/../lib/gcc/arm-none-eabi/4.8.4/armv6-m/libgcc.a(_udivsi3.o)
 .ARM.attributes
                0x00000508       0x1e /opt/Freescale/KDS_3.0.0/toolchain/bin/../lib/gcc/arm-none-eabi/4.8.4/armv6-m/libgcc.a(_dvmd_tls.o)
 .ARM.attributes
                0x00000526       0x2c /opt/Freescale/KDS_3.0.0/toolchain/bin/../lib/gcc/arm-none-eabi/4.8.4/../../../../arm-none-eabi/lib/armv6-m/libg_s.a(lib_a-assert.o)
 .ARM.attributes
                0x00000552       0x2c /opt/Freescale/KDS_3.0.0/toolchain/bin/../lib/gcc/arm-none-eabi/4.8.4/../../../../arm-none-eabi/lib/armv6-m/libg_s.a(lib_a-exit.o)
 .ARM.attributes
                0x0000057e       0x2c /opt/Freescale/KDS_3.0.0/toolchain/bin/../lib/gcc/arm-none-eabi/4.8.4/../../../../arm-none-eabi/lib/armv6-m/libg_s.a(lib_a-fprintf.o)
 .ARM.attributes
                0x000005aa       0x2c /opt/Freescale/KDS_3.0.0/toolchain/bin/../lib/gcc/arm-none-eabi/4.8.4/../../../../arm-none-eabi/lib/armv6-m/libg_s.a(lib_a-impure.o)
 .ARM.attributes
                0x000005d6       0x2c /opt/Freescale/KDS_3.0.0/toolchain/bin/../lib/gcc/arm-none-eabi/4.8.4/../../../../arm-none-eabi/lib/armv6-m/libg_s.a(lib_a-init.o)
 .ARM.attributes
                0x00000602       0x2c /opt/Freescale/KDS_3.0.0/toolchain/bin/../lib/gcc/arm-none-eabi/4.8.4/../../../../arm-none-eabi/lib/armv6-m/libg_s.a(lib_a-memcpy-stub.o)
 .ARM.attributes
                0x0000062e       0x2c /opt/Freescale/KDS_3.0.0/toolchain/bin/../lib/gcc/arm-none-eabi/4.8.4/../../../../arm-none-eabi/lib/armv6-m/libg_s.a(lib_a-memset.o)
 .ARM.attributes
                0x0000065a       0x2c /opt/Freescale/KDS_3.0.0/toolchain/bin/../lib/gcc/arm-none-eabi/4.8.4/../../../../arm-none-eabi/lib/armv6-m/libg_s.a(lib_a-nano-freer.o)
 .ARM.attributes
                0x00000686       0x2c /opt/Freescale/KDS_3.0.0/toolchain/bin/../lib/gcc/arm-none-eabi/4.8.4/../../../../arm-none-eabi/lib/armv6-m/libg_s.a(lib_a-nano-mallocr.o)
 .ARM.attributes
                0x000006b2       0x2c /opt/Freescale/KDS_3.0.0/toolchain/bin/../lib/gcc/arm-none-eabi/4.8.4/../../../../arm-none-eabi/lib/armv6-m/libg_s.a(lib_a-sbrkr.o)
 .ARM.attributes
                0x000006de       0x2c /opt/Freescale/KDS_3.0.0/toolchain/bin/../lib/gcc/arm-none-eabi/4.8.4/../../../../arm-none-eabi/lib/armv6-m/libg_s.a(lib_a-sscanf.o)
 .ARM.attributes
                0x0000070a       0x2c /opt/Freescale/KDS_3.0.0/toolchain/bin/../lib/gcc/arm-none-eabi/4.8.4/../../../../arm-none-eabi/lib/armv6-m/libg_s.a(lib_a-stdio.o)
 .ARM.attributes
                0x00000736       0x2c /opt/Freescale/KDS_3.0.0/toolchain/bin/../lib/gcc/arm-none-eabi/4.8.4/../../../../arm-none-eabi/lib/armv6-m/libg_s.a(lib_a-strlen.o)
 .ARM.attributes
                0x00000762       0x2c /opt/Freescale/KDS_3.0.0/toolchain/bin/../lib/gcc/arm-none-eabi/4.8.4/../../../../arm-none-eabi/lib/armv6-m/libg_s.a(lib_a-svfscanf.o)
 .ARM.attributes
                0x0000078e       0x2c /opt/Freescale/KDS_3.0.0/toolchain/bin/../lib/gcc/arm-none-eabi/4.8.4/../../../../arm-none-eabi/lib/armv6-m/libg_s.a(lib_a-ungetc.o)
 .ARM.attributes
                0x000007ba       0x2c /opt/Freescale/KDS_3.0.0/toolchain/bin/../lib/gcc/arm-none-eabi/4.8.4/../../../../arm-none-eabi/lib/armv6-m/libg_s.a(lib_a-vfprintf.o)
 .ARM.attributes
                0x000007e6       0x2c /opt/Freescale/KDS_3.0.0/toolchain/bin/../lib/gcc/arm-none-eabi/4.8.4/../../../../arm-none-eabi/lib/armv6-m/libg_s.a(lib_a-vfprintf_i.o)
 .ARM.attributes
                0x00000812       0x2c /opt/Freescale/KDS_3.0.0/toolchain/bin/../lib/gcc/arm-none-eabi/4.8.4/../../../../arm-none-eabi/lib/armv6-m/libg_s.a(lib_a-vfscanf_i.o)
 .ARM.attributes
                0x0000083e       0x2c /opt/Freescale/KDS_3.0.0/toolchain/bin/../lib/gcc/arm-none-eabi/4.8.4/../../../../arm-none-eabi/lib/armv6-m/libg_s.a(lib_a-wbuf.o)
 .ARM.attributes
                0x0000086a       0x2c /opt/Freescale/KDS_3.0.0/toolchain/bin/../lib/gcc/arm-none-eabi/4.8.4/../../../../arm-none-eabi/lib/armv6-m/libg_s.a(lib_a-writer.o)
 .ARM.attributes
                0x00000896       0x2c /opt/Freescale/KDS_3.0.0/toolchain/bin/../lib/gcc/arm-none-eabi/4.8.4/../../../../arm-none-eabi/lib/armv6-m/libg_s.a(lib_a-wsetup.o)
 .ARM.attributes
                0x000008c2       0x2c /opt/Freescale/KDS_3.0.0/toolchain/bin/../lib/gcc/arm-none-eabi/4.8.4/../../../../arm-none-eabi/lib/armv6-m/libg_s.a(lib_a-abort.o)
 .ARM.attributes
                0x000008ee       0x2c /opt/Freescale/KDS_3.0.0/toolchain/bin/../lib/gcc/arm-none-eabi/4.8.4/../../../../arm-none-eabi/lib/armv6-m/libg_s.a(lib_a-closer.o)
 .ARM.attributes
                0x0000091a       0x2c /opt/Freescale/KDS_3.0.0/toolchain/bin/../lib/gcc/arm-none-eabi/4.8.4/../../../../arm-none-eabi/lib/armv6-m/libg_s.a(lib_a-ctype_.o)
 .ARM.attributes
                0x00000946       0x2c /opt/Freescale/KDS_3.0.0/toolchain/bin/../lib/gcc/arm-none-eabi/4.8.4/../../../../arm-none-eabi/lib/armv6-m/libg_s.a(lib_a-fflush.o)
 .ARM.attributes
                0x00000972       0x2c /opt/Freescale/KDS_3.0.0/toolchain/bin/../lib/gcc/arm-none-eabi/4.8.4/../../../../arm-none-eabi/lib/armv6-m/libg_s.a(lib_a-findfp.o)
 .ARM.attributes
                0x0000099e       0x2c /opt/Freescale/KDS_3.0.0/toolchain/bin/../lib/gcc/arm-none-eabi/4.8.4/../../../../arm-none-eabi/lib/armv6-m/libg_s.a(lib_a-lseekr.o)
 .ARM.attributes
                0x000009ca       0x2c /opt/Freescale/KDS_3.0.0/toolchain/bin/../lib/gcc/arm-none-eabi/4.8.4/../../../../arm-none-eabi/lib/armv6-m/libg_s.a(lib_a-makebuf.o)
 .ARM.attributes
                0x000009f6       0x2c /opt/Freescale/KDS_3.0.0/toolchain/bin/../lib/gcc/arm-none-eabi/4.8.4/../../../../arm-none-eabi/lib/armv6-m/libg_s.a(lib_a-memchr-stub.o)
 .ARM.attributes
                0x00000a22       0x2c /opt/Freescale/KDS_3.0.0/toolchain/bin/../lib/gcc/arm-none-eabi/4.8.4/../../../../arm-none-eabi/lib/armv6-m/libg_s.a(lib_a-nano-reallocr.o)
 .ARM.attributes
                0x00000a4e       0x2c /opt/Freescale/KDS_3.0.0/toolchain/bin/../lib/gcc/arm-none-eabi/4.8.4/../../../../arm-none-eabi/lib/armv6-m/libg_s.a(lib_a-readr.o)
 .ARM.attributes
                0x00000a7a       0x2c /opt/Freescale/KDS_3.0.0/toolchain/bin/../lib/gcc/arm-none-eabi/4.8.4/../../../../arm-none-eabi/lib/armv6-m/libg_s.a(lib_a-reent.o)
 .ARM.attributes
                0x00000aa6       0x2c /opt/Freescale/KDS_3.0.0/toolchain/bin/../lib/gcc/arm-none-eabi/4.8.4/../../../../arm-none-eabi/lib/armv6-m/libg_s.a(lib_a-sccl.o)
 .ARM.attributes
                0x00000ad2       0x2c /opt/Freescale/KDS_3.0.0/toolchain/bin/../lib/gcc/arm-none-eabi/4.8.4/../../../../arm-none-eabi/lib/armv6-m/libg_s.a(lib_a-signal.o)
 .ARM.attributes
                0x00000afe       0x2c /opt/Freescale/KDS_3.0.0/toolchain/bin/../lib/gcc/arm-none-eabi/4.8.4/../../../../arm-none-eabi/lib/armv6-m/libg_s.a(lib_a-signalr.o)
 .ARM.attributes
                0x00000b2a       0x2c /opt/Freescale/KDS_3.0.0/toolchain/bin/../lib/gcc/arm-none-eabi/4.8.4/../../../../arm-none-eabi/lib/armv6-m/libg_s.a(lib_a-strtol.o)
 .ARM.attributes
                0x00000b56       0x2c /opt/Freescale/KDS_3.0.0/toolchain/bin/../lib/gcc/arm-none-eabi/4.8.4/../../../../arm-none-eabi/lib/armv6-m/libg_s.a(lib_a-strtoul.o)
 .ARM.attributes
                0x00000b82       0x2c /opt/Freescale/KDS_3.0.0/toolchain/bin/../lib/gcc/arm-none-eabi/4.8.4/../../../../arm-none-eabi/lib/armv6-m/libg_s.a(lib_a-fstatr.o)
 .ARM.attributes
                0x00000bae       0x2c /opt/Freescale/KDS_3.0.0/toolchain/bin/../lib/gcc/arm-none-eabi/4.8.4/../../../../arm-none-eabi/lib/armv6-m/libg_s.a(lib_a-isattyr.o)
 .ARM.attributes
                0x00000bda       0x2c /opt/Freescale/KDS_3.0.0/toolchain/bin/../lib/gcc/arm-none-eabi/4.8.4/../../../../arm-none-eabi/lib/armv6-m/libg_s.a(lib_a-nano-msizer.o)
 .ARM.attributes
                0x00000c06       0x2c /opt/Freescale/KDS_3.0.0/toolchain/bin/../lib/gcc/arm-none-eabi/4.8.4/../../../../arm-none-eabi/lib/armv6-m/libnosys.a(close.o)
 .ARM.attributes
                0x00000c32       0x2c /opt/Freescale/KDS_3.0.0/toolchain/bin/../lib/gcc/arm-none-eabi/4.8.4/../../../../arm-none-eabi/lib/armv6-m/libnosys.a(fstat.o)
 .ARM.attributes
                0x00000c5e       0x2c /opt/Freescale/KDS_3.0.0/toolchain/bin/../lib/gcc/arm-none-eabi/4.8.4/../../../../arm-none-eabi/lib/armv6-m/libnosys.a(getpid.o)
 .ARM.attributes
                0x00000c8a       0x2c /opt/Freescale/KDS_3.0.0/toolchain/bin/../lib/gcc/arm-none-eabi/4.8.4/../../../../arm-none-eabi/lib/armv6-m/libnosys.a(isatty.o)
 .ARM.attributes
                0x00000cb6       0x2c /opt/Freescale/KDS_3.0.0/toolchain/bin/../lib/gcc/arm-none-eabi/4.8.4/../../../../arm-none-eabi/lib/armv6-m/libnosys.a(kill.o)
 .ARM.attributes
                0x00000ce2       0x2c /opt/Freescale/KDS_3.0.0/toolchain/bin/../lib/gcc/arm-none-eabi/4.8.4/../../../../arm-none-eabi/lib/armv6-m/libnosys.a(lseek.o)
 .ARM.attributes
                0x00000d0e       0x2c /opt/Freescale/KDS_3.0.0/toolchain/bin/../lib/gcc/arm-none-eabi/4.8.4/../../../../arm-none-eabi/lib/armv6-m/libnosys.a(sbrk.o)
 .ARM.attributes
                0x00000d3a       0x2c /opt/Freescale/KDS_3.0.0/toolchain/bin/../lib/gcc/arm-none-eabi/4.8.4/../../../../arm-none-eabi/lib/armv6-m/libnosys.a(_exit.o)
 .ARM.attributes
                0x00000d66       0x2c /opt/Freescale/KDS_3.0.0/toolchain/bin/../lib/gcc/arm-none-eabi/4.8.4/armv6-m/crtend.o
 .ARM.attributes
                0x00000d92       0x1e /opt/Freescale/KDS_3.0.0/toolchain/bin/../lib/gcc/arm-none-eabi/4.8.4/armv6-m/crtn.o
                0x00000001                ASSERT ((__StackLimit >= __HeapLimit), region m_data overflowed with stack and heap)
OUTPUT(emb.elf elf32-littlearm)

.debug_info     0x00000000     0xb939
 .debug_info    0x00000000      0x4ff ./Sources/Util/debugUart.o
 .debug_info    0x000004ff       0x97 ./Sources/Util/util.o
 .debug_info    0x00000596      0x1e1 ./Sources/Serial/serial_hal.o
 .debug_info    0x00000777      0x3a0 ./Sources/Protocolo/cmdmachine_hal.o
 .debug_info    0x00000b17      0x6a1 ./Sources/PIT/pit_hal.o
 .debug_info    0x000011b8      0x778 ./Sources/Mcg/mcg_hal.o
 .debug_info    0x00001930       0xd0 ./Sources/Main/es670.o
 .debug_info    0x00001a00      0x50f ./Sources/LedSwi/ledswi_hal.o
 .debug_info    0x00001f0f      0x407 ./Sources/Buzzer/buzzer_hal.o
 .debug_info    0x00002316      0xa71 ./Sources/fsl_debug_console.o
 .debug_info    0x00002d87      0x296 ./Project_Settings/Startup_Code/startup.o
 .debug_info    0x0000301d       0x8f ./Project_Settings/Startup_Code/startup_MKL25Z4.o
 .debug_info    0x000030ac      0x3f4 ./Project_Settings/Startup_Code/system_MKL25Z4.o
 .debug_info    0x000034a0      0x934 /mnt/9A68FEAD68FE8773/ksdk/lib/ksdk_platform_lib/kds/KL25Z4/debug/libksdk_platform.a(fsl_uart_hal.o)
 .debug_info    0x00003dd4      0x9e2 /mnt/9A68FEAD68FE8773/ksdk/lib/ksdk_platform_lib/kds/KL25Z4/debug/libksdk_platform.a(fsl_lpsci_hal.o)
 .debug_info    0x000047b6     0x2546 /mnt/9A68FEAD68FE8773/ksdk/lib/ksdk_platform_lib/kds/KL25Z4/debug/libksdk_platform.a(fsl_clock_MKL25Z4.o)
 .debug_info    0x00006cfc     0x1c57 /mnt/9A68FEAD68FE8773/ksdk/lib/ksdk_platform_lib/kds/KL25Z4/debug/libksdk_platform.a(fsl_clock_manager.o)
 .debug_info    0x00008953      0x448 /mnt/9A68FEAD68FE8773/ksdk/lib/ksdk_platform_lib/kds/KL25Z4/debug/libksdk_platform.a(fsl_clock_manager_common.o)
 .debug_info    0x00008d9b      0xbe0 /mnt/9A68FEAD68FE8773/ksdk/lib/ksdk_platform_lib/kds/KL25Z4/debug/libksdk_platform.a(fsl_sim_hal_MKL25Z4.o)
 .debug_info    0x0000997b      0x262 /mnt/9A68FEAD68FE8773/ksdk/lib/ksdk_platform_lib/kds/KL25Z4/debug/libksdk_platform.a(fsl_rtc_common.o)
 .debug_info    0x00009bdd       0xef /mnt/9A68FEAD68FE8773/ksdk/lib/ksdk_platform_lib/kds/KL25Z4/debug/libksdk_platform.a(fsl_osc_hal.o)
 .debug_info    0x00009ccc      0xd33 /mnt/9A68FEAD68FE8773/ksdk/lib/ksdk_platform_lib/kds/KL25Z4/debug/libksdk_platform.a(fsl_mcg_hal.o)
 .debug_info    0x0000a9ff      0xf3a /mnt/9A68FEAD68FE8773/ksdk/lib/ksdk_platform_lib/kds/KL25Z4/debug/libksdk_platform.a(fsl_mcg_hal_modes.o)

.debug_abbrev   0x00000000     0x24c6
 .debug_abbrev  0x00000000      0x183 ./Sources/Util/debugUart.o
 .debug_abbrev  0x00000183       0x7d ./Sources/Util/util.o
 .debug_abbrev  0x00000200       0xdd ./Sources/Serial/serial_hal.o
 .debug_abbrev  0x000002dd      0x12b ./Sources/Protocolo/cmdmachine_hal.o
 .debug_abbrev  0x00000408      0x17b ./Sources/PIT/pit_hal.o
 .debug_abbrev  0x00000583      0x19e ./Sources/Mcg/mcg_hal.o
 .debug_abbrev  0x00000721       0x68 ./Sources/Main/es670.o
 .debug_abbrev  0x00000789      0x13b ./Sources/LedSwi/ledswi_hal.o
 .debug_abbrev  0x000008c4      0x11f ./Sources/Buzzer/buzzer_hal.o
 .debug_abbrev  0x000009e3      0x23a ./Sources/fsl_debug_console.o
 .debug_abbrev  0x00000c1d       0xe9 ./Project_Settings/Startup_Code/startup.o
 .debug_abbrev  0x00000d06       0x14 ./Project_Settings/Startup_Code/startup_MKL25Z4.o
 .debug_abbrev  0x00000d1a      0x109 ./Project_Settings/Startup_Code/system_MKL25Z4.o
 .debug_abbrev  0x00000e23      0x27e /mnt/9A68FEAD68FE8773/ksdk/lib/ksdk_platform_lib/kds/KL25Z4/debug/libksdk_platform.a(fsl_uart_hal.o)
 .debug_abbrev  0x000010a1      0x228 /mnt/9A68FEAD68FE8773/ksdk/lib/ksdk_platform_lib/kds/KL25Z4/debug/libksdk_platform.a(fsl_lpsci_hal.o)
 .debug_abbrev  0x000012c9      0x445 /mnt/9A68FEAD68FE8773/ksdk/lib/ksdk_platform_lib/kds/KL25Z4/debug/libksdk_platform.a(fsl_clock_MKL25Z4.o)
 .debug_abbrev  0x0000170e      0x3d0 /mnt/9A68FEAD68FE8773/ksdk/lib/ksdk_platform_lib/kds/KL25Z4/debug/libksdk_platform.a(fsl_clock_manager.o)
 .debug_abbrev  0x00001ade       0xdb /mnt/9A68FEAD68FE8773/ksdk/lib/ksdk_platform_lib/kds/KL25Z4/debug/libksdk_platform.a(fsl_clock_manager_common.o)
 .debug_abbrev  0x00001bb9      0x1ac /mnt/9A68FEAD68FE8773/ksdk/lib/ksdk_platform_lib/kds/KL25Z4/debug/libksdk_platform.a(fsl_sim_hal_MKL25Z4.o)
 .debug_abbrev  0x00001d65       0xae /mnt/9A68FEAD68FE8773/ksdk/lib/ksdk_platform_lib/kds/KL25Z4/debug/libksdk_platform.a(fsl_rtc_common.o)
 .debug_abbrev  0x00001e13       0xa8 /mnt/9A68FEAD68FE8773/ksdk/lib/ksdk_platform_lib/kds/KL25Z4/debug/libksdk_platform.a(fsl_osc_hal.o)
 .debug_abbrev  0x00001ebb      0x314 /mnt/9A68FEAD68FE8773/ksdk/lib/ksdk_platform_lib/kds/KL25Z4/debug/libksdk_platform.a(fsl_mcg_hal.o)
 .debug_abbrev  0x000021cf      0x2f7 /mnt/9A68FEAD68FE8773/ksdk/lib/ksdk_platform_lib/kds/KL25Z4/debug/libksdk_platform.a(fsl_mcg_hal_modes.o)

.debug_aranges  0x00000000      0x8a8
 .debug_aranges
                0x00000000       0x38 ./Sources/Util/debugUart.o
 .debug_aranges
                0x00000038       0x38 ./Sources/Util/util.o
 .debug_aranges
                0x00000070       0x30 ./Sources/Serial/serial_hal.o
 .debug_aranges
                0x000000a0       0x58 ./Sources/Protocolo/cmdmachine_hal.o
 .debug_aranges
                0x000000f8       0x58 ./Sources/PIT/pit_hal.o
 .debug_aranges
                0x00000150       0x48 ./Sources/Mcg/mcg_hal.o
 .debug_aranges
                0x00000198       0x20 ./Sources/Main/es670.o
 .debug_aranges
                0x000001b8       0x50 ./Sources/LedSwi/ledswi_hal.o
 .debug_aranges
                0x00000208       0x48 ./Sources/Buzzer/buzzer_hal.o
 .debug_aranges
                0x00000250       0xa0 ./Sources/fsl_debug_console.o
 .debug_aranges
                0x000002f0       0x20 ./Project_Settings/Startup_Code/startup.o
 .debug_aranges
                0x00000310       0x20 ./Project_Settings/Startup_Code/startup_MKL25Z4.o
 .debug_aranges
                0x00000330       0x28 ./Project_Settings/Startup_Code/system_MKL25Z4.o
 .debug_aranges
                0x00000358       0xa8 /mnt/9A68FEAD68FE8773/ksdk/lib/ksdk_platform_lib/kds/KL25Z4/debug/libksdk_platform.a(fsl_uart_hal.o)
 .debug_aranges
                0x00000400       0xb0 /mnt/9A68FEAD68FE8773/ksdk/lib/ksdk_platform_lib/kds/KL25Z4/debug/libksdk_platform.a(fsl_lpsci_hal.o)
 .debug_aranges
                0x000004b0      0x198 /mnt/9A68FEAD68FE8773/ksdk/lib/ksdk_platform_lib/kds/KL25Z4/debug/libksdk_platform.a(fsl_clock_MKL25Z4.o)
 .debug_aranges
                0x00000648       0x78 /mnt/9A68FEAD68FE8773/ksdk/lib/ksdk_platform_lib/kds/KL25Z4/debug/libksdk_platform.a(fsl_clock_manager.o)
 .debug_aranges
                0x000006c0       0x18 /mnt/9A68FEAD68FE8773/ksdk/lib/ksdk_platform_lib/kds/KL25Z4/debug/libksdk_platform.a(fsl_clock_manager_common.o)
 .debug_aranges
                0x000006d8       0x90 /mnt/9A68FEAD68FE8773/ksdk/lib/ksdk_platform_lib/kds/KL25Z4/debug/libksdk_platform.a(fsl_sim_hal_MKL25Z4.o)
 .debug_aranges
                0x00000768       0x18 /mnt/9A68FEAD68FE8773/ksdk/lib/ksdk_platform_lib/kds/KL25Z4/debug/libksdk_platform.a(fsl_rtc_common.o)
 .debug_aranges
                0x00000780       0x20 /mnt/9A68FEAD68FE8773/ksdk/lib/ksdk_platform_lib/kds/KL25Z4/debug/libksdk_platform.a(fsl_osc_hal.o)
 .debug_aranges
                0x000007a0       0xa0 /mnt/9A68FEAD68FE8773/ksdk/lib/ksdk_platform_lib/kds/KL25Z4/debug/libksdk_platform.a(fsl_mcg_hal.o)
 .debug_aranges
                0x00000840       0x68 /mnt/9A68FEAD68FE8773/ksdk/lib/ksdk_platform_lib/kds/KL25Z4/debug/libksdk_platform.a(fsl_mcg_hal_modes.o)

.debug_ranges   0x00000000      0x990
 .debug_ranges  0x00000000       0x28 ./Sources/Util/debugUart.o
 .debug_ranges  0x00000028       0x28 ./Sources/Util/util.o
 .debug_ranges  0x00000050       0x20 ./Sources/Serial/serial_hal.o
 .debug_ranges  0x00000070       0x48 ./Sources/Protocolo/cmdmachine_hal.o
 .debug_ranges  0x000000b8       0x48 ./Sources/PIT/pit_hal.o
 .debug_ranges  0x00000100       0x38 ./Sources/Mcg/mcg_hal.o
 .debug_ranges  0x00000138       0x10 ./Sources/Main/es670.o
 .debug_ranges  0x00000148       0x40 ./Sources/LedSwi/ledswi_hal.o
 .debug_ranges  0x00000188       0x38 ./Sources/Buzzer/buzzer_hal.o
 .debug_ranges  0x000001c0       0x90 ./Sources/fsl_debug_console.o
 .debug_ranges  0x00000250       0x10 ./Project_Settings/Startup_Code/startup.o
 .debug_ranges  0x00000260       0x18 ./Project_Settings/Startup_Code/system_MKL25Z4.o
 .debug_ranges  0x00000278       0xb0 /mnt/9A68FEAD68FE8773/ksdk/lib/ksdk_platform_lib/kds/KL25Z4/debug/libksdk_platform.a(fsl_uart_hal.o)
 .debug_ranges  0x00000328       0xb8 /mnt/9A68FEAD68FE8773/ksdk/lib/ksdk_platform_lib/kds/KL25Z4/debug/libksdk_platform.a(fsl_lpsci_hal.o)
 .debug_ranges  0x000003e0      0x2b8 /mnt/9A68FEAD68FE8773/ksdk/lib/ksdk_platform_lib/kds/KL25Z4/debug/libksdk_platform.a(fsl_clock_MKL25Z4.o)
 .debug_ranges  0x00000698       0xe0 /mnt/9A68FEAD68FE8773/ksdk/lib/ksdk_platform_lib/kds/KL25Z4/debug/libksdk_platform.a(fsl_clock_manager.o)
 .debug_ranges  0x00000778       0x80 /mnt/9A68FEAD68FE8773/ksdk/lib/ksdk_platform_lib/kds/KL25Z4/debug/libksdk_platform.a(fsl_sim_hal_MKL25Z4.o)
 .debug_ranges  0x000007f8       0x10 /mnt/9A68FEAD68FE8773/ksdk/lib/ksdk_platform_lib/kds/KL25Z4/debug/libksdk_platform.a(fsl_osc_hal.o)
 .debug_ranges  0x00000808       0xc8 /mnt/9A68FEAD68FE8773/ksdk/lib/ksdk_platform_lib/kds/KL25Z4/debug/libksdk_platform.a(fsl_mcg_hal.o)
 .debug_ranges  0x000008d0       0xc0 /mnt/9A68FEAD68FE8773/ksdk/lib/ksdk_platform_lib/kds/KL25Z4/debug/libksdk_platform.a(fsl_mcg_hal_modes.o)

.debug_macro    0x00000000    0x1413a
 .debug_macro   0x00000000      0x24d ./Sources/Util/debugUart.o
 .debug_macro   0x0000024d      0x808 ./Sources/Util/debugUart.o
 .debug_macro   0x00000a55       0x16 ./Sources/Util/debugUart.o
 .debug_macro   0x00000a6b       0x44 ./Sources/Util/debugUart.o
 .debug_macro   0x00000aaf      0x209 ./Sources/Util/debugUart.o
 .debug_macro   0x00000cb8       0x22 ./Sources/Util/debugUart.o
 .debug_macro   0x00000cda       0x58 ./Sources/Util/debugUart.o
 .debug_macro   0x00000d32       0x35 ./Sources/Util/debugUart.o
 .debug_macro   0x00000d67       0xa3 ./Sources/Util/debugUart.o
 .debug_macro   0x00000e0a       0x16 ./Sources/Util/debugUart.o
 .debug_macro   0x00000e20       0x11 ./Sources/Util/debugUart.o
 .debug_macro   0x00000e31       0x4c ./Sources/Util/debugUart.o
 .debug_macro   0x00000e7d       0x3a ./Sources/Util/debugUart.o
 .debug_macro   0x00000eb7       0x26 ./Sources/Util/debugUart.o
 .debug_macro   0x00000edd      0x306 ./Sources/Util/debugUart.o
 .debug_macro   0x000011e3       0x63 ./Sources/Util/debugUart.o
 .debug_macro   0x00001246     0x8439 ./Sources/Util/debugUart.o
 .debug_macro   0x0000967f       0x16 ./Sources/Util/debugUart.o
 .debug_macro   0x00009695      0x10e ./Sources/Util/debugUart.o
 .debug_macro   0x000097a3       0x7f ./Sources/Util/debugUart.o
 .debug_macro   0x00009822       0x52 ./Sources/Util/debugUart.o
 .debug_macro   0x00009874       0x16 ./Sources/Util/debugUart.o
 .debug_macro   0x0000988a       0x43 ./Sources/Util/debugUart.o
 .debug_macro   0x000098cd      0x180 ./Sources/Util/debugUart.o
 .debug_macro   0x00009a4d       0x22 ./Sources/Util/debugUart.o
 .debug_macro   0x00009a6f       0x7c ./Sources/Util/debugUart.o
 .debug_macro   0x00009aeb     0x7658 ./Sources/Util/debugUart.o
 .debug_macro   0x00011143     0x1108 ./Sources/Util/debugUart.o
 .debug_macro   0x0001224b       0x10 ./Sources/Util/debugUart.o
 .debug_macro   0x0001225b       0x11 ./Sources/Util/debugUart.o
 .debug_macro   0x0001226c       0x10 ./Sources/Util/debugUart.o
 .debug_macro   0x0001227c       0x10 ./Sources/Util/debugUart.o
 .debug_macro   0x0001228c       0x44 ./Sources/Util/debugUart.o
 .debug_macro   0x000122d0       0x22 ./Sources/Util/debugUart.o
 .debug_macro   0x000122f2       0x1b ./Sources/Util/util.o
 .debug_macro   0x0001230d      0x16b ./Sources/Serial/serial_hal.o
 .debug_macro   0x00012478      0x21d ./Sources/Protocolo/cmdmachine_hal.o
 .debug_macro   0x00012695      0x166 ./Sources/Protocolo/cmdmachine_hal.o
 .debug_macro   0x000127fb       0x4a ./Sources/Protocolo/cmdmachine_hal.o
 .debug_macro   0x00012845      0x2a6 ./Sources/Protocolo/cmdmachine_hal.o
 .debug_macro   0x00012aeb       0x10 ./Sources/Protocolo/cmdmachine_hal.o
 .debug_macro   0x00012afb       0x35 ./Sources/Protocolo/cmdmachine_hal.o
 .debug_macro   0x00012b30       0x1c ./Sources/Protocolo/cmdmachine_hal.o
 .debug_macro   0x00012b4c       0x10 ./Sources/Protocolo/cmdmachine_hal.o
 .debug_macro   0x00012b5c       0x10 ./Sources/Protocolo/cmdmachine_hal.o
 .debug_macro   0x00012b6c       0x22 ./Sources/Protocolo/cmdmachine_hal.o
 .debug_macro   0x00012b8e       0xbd ./Sources/Protocolo/cmdmachine_hal.o
 .debug_macro   0x00012c4b       0x16 ./Sources/Protocolo/cmdmachine_hal.o
 .debug_macro   0x00012c61      0x14a ./Sources/Protocolo/cmdmachine_hal.o
 .debug_macro   0x00012dab      0x20f ./Sources/Protocolo/cmdmachine_hal.o
 .debug_macro   0x00012fba      0x167 ./Sources/PIT/pit_hal.o
 .debug_macro   0x00013121      0x2c2 ./Sources/Mcg/mcg_hal.o
 .debug_macro   0x000133e3      0x1eb ./Sources/Main/es670.o
 .debug_macro   0x000135ce       0x10 ./Sources/Main/es670.o
 .debug_macro   0x000135de      0x176 ./Sources/LedSwi/ledswi_hal.o
 .debug_macro   0x00013754       0x70 ./Sources/LedSwi/ledswi_hal.o
 .debug_macro   0x000137c4      0x17a ./Sources/Buzzer/buzzer_hal.o
 .debug_macro   0x0001393e      0x2c7 ./Sources/fsl_debug_console.o
 .debug_macro   0x00013c05       0x58 ./Sources/fsl_debug_console.o
 .debug_macro   0x00013c5d       0x16 ./Sources/fsl_debug_console.o
 .debug_macro   0x00013c73       0x97 ./Sources/fsl_debug_console.o
 .debug_macro   0x00013d0a       0xef ./Sources/fsl_debug_console.o
 .debug_macro   0x00013df9       0x82 ./Sources/fsl_debug_console.o
 .debug_macro   0x00013e7b      0x167 ./Project_Settings/Startup_Code/startup.o
 .debug_macro   0x00013fe2      0x158 ./Project_Settings/Startup_Code/system_MKL25Z4.o

.debug_line     0x00000000     0x5a88
 .debug_line    0x00000000      0x5dd ./Sources/Util/debugUart.o
 .debug_line    0x000005dd      0x132 ./Sources/Util/util.o
 .debug_line    0x0000070f      0x398 ./Sources/Serial/serial_hal.o
 .debug_line    0x00000aa7      0x5a2 ./Sources/Protocolo/cmdmachine_hal.o
 .debug_line    0x00001049      0x3c2 ./Sources/PIT/pit_hal.o
 .debug_line    0x0000140b      0x568 ./Sources/Mcg/mcg_hal.o
 .debug_line    0x00001973      0x4a7 ./Sources/Main/es670.o
 .debug_line    0x00001e1a      0x3d1 ./Sources/LedSwi/ledswi_hal.o
 .debug_line    0x000021eb      0x3c2 ./Sources/Buzzer/buzzer_hal.o
 .debug_line    0x000025ad      0x801 ./Sources/fsl_debug_console.o
 .debug_line    0x00002dae      0x35f ./Project_Settings/Startup_Code/startup.o
 .debug_line    0x0000310d       0x6c ./Project_Settings/Startup_Code/startup_MKL25Z4.o
 .debug_line    0x00003179      0x380 ./Project_Settings/Startup_Code/system_MKL25Z4.o
 .debug_line    0x000034f9      0x38a /mnt/9A68FEAD68FE8773/ksdk/lib/ksdk_platform_lib/kds/KL25Z4/debug/libksdk_platform.a(fsl_uart_hal.o)
 .debug_line    0x00003883      0x3d7 /mnt/9A68FEAD68FE8773/ksdk/lib/ksdk_platform_lib/kds/KL25Z4/debug/libksdk_platform.a(fsl_lpsci_hal.o)
 .debug_line    0x00003c5a      0x951 /mnt/9A68FEAD68FE8773/ksdk/lib/ksdk_platform_lib/kds/KL25Z4/debug/libksdk_platform.a(fsl_clock_MKL25Z4.o)
 .debug_line    0x000045ab      0x614 /mnt/9A68FEAD68FE8773/ksdk/lib/ksdk_platform_lib/kds/KL25Z4/debug/libksdk_platform.a(fsl_clock_manager.o)
 .debug_line    0x00004bbf      0x14e /mnt/9A68FEAD68FE8773/ksdk/lib/ksdk_platform_lib/kds/KL25Z4/debug/libksdk_platform.a(fsl_clock_manager_common.o)
 .debug_line    0x00004d0d      0x343 /mnt/9A68FEAD68FE8773/ksdk/lib/ksdk_platform_lib/kds/KL25Z4/debug/libksdk_platform.a(fsl_sim_hal_MKL25Z4.o)
 .debug_line    0x00005050       0xf4 /mnt/9A68FEAD68FE8773/ksdk/lib/ksdk_platform_lib/kds/KL25Z4/debug/libksdk_platform.a(fsl_rtc_common.o)
 .debug_line    0x00005144       0xfe /mnt/9A68FEAD68FE8773/ksdk/lib/ksdk_platform_lib/kds/KL25Z4/debug/libksdk_platform.a(fsl_osc_hal.o)
 .debug_line    0x00005242      0x3e7 /mnt/9A68FEAD68FE8773/ksdk/lib/ksdk_platform_lib/kds/KL25Z4/debug/libksdk_platform.a(fsl_mcg_hal.o)
 .debug_line    0x00005629      0x45f /mnt/9A68FEAD68FE8773/ksdk/lib/ksdk_platform_lib/kds/KL25Z4/debug/libksdk_platform.a(fsl_mcg_hal_modes.o)

.debug_str      0x00000000    0xa31ac
 .debug_str     0x00000000    0x9be76 ./Sources/Util/debugUart.o
                              0x9c3a3 (size before relaxing)
 .debug_str     0x0009be76       0x68 ./Sources/Util/util.o
                               0x2328 (size before relaxing)
 .debug_str     0x0009bede      0x762 ./Sources/Serial/serial_hal.o
                              0x960b9 (size before relaxing)
 .debug_str     0x0009c640     0x1b07 ./Sources/Protocolo/cmdmachine_hal.o
                              0x97b10 (size before relaxing)
 .debug_str     0x0009e147      0x363 ./Sources/PIT/pit_hal.o
                              0x9647d (size before relaxing)
 .debug_str     0x0009e4aa      0x85c ./Sources/Mcg/mcg_hal.o
                              0x9c72d (size before relaxing)
 .debug_str     0x0009ed06       0xa1 ./Sources/Main/es670.o
                              0x97066 (size before relaxing)
 .debug_str     0x0009eda7      0x6c0 ./Sources/LedSwi/ledswi_hal.o
                              0x96848 (size before relaxing)
 .debug_str     0x0009f467       0x9e ./Sources/Buzzer/buzzer_hal.o
                              0x96781 (size before relaxing)
 .debug_str     0x0009f505      0xa0c ./Sources/fsl_debug_console.o
                              0x9e449 (size before relaxing)
 .debug_str     0x0009ff11      0x12f ./Project_Settings/Startup_Code/startup.o
                              0x9bc6e (size before relaxing)
 .debug_str     0x000a0040       0x97 ./Project_Settings/Startup_Code/system_MKL25Z4.o
                              0x9bcb5 (size before relaxing)
 .debug_str     0x000a00d7      0x61d /mnt/9A68FEAD68FE8773/ksdk/lib/ksdk_platform_lib/kds/KL25Z4/debug/libksdk_platform.a(fsl_uart_hal.o)
                                0x919 (size before relaxing)
 .debug_str     0x000a06f4      0x534 /mnt/9A68FEAD68FE8773/ksdk/lib/ksdk_platform_lib/kds/KL25Z4/debug/libksdk_platform.a(fsl_lpsci_hal.o)
                                0xa1f (size before relaxing)
 .debug_str     0x000a0c28     0x103d /mnt/9A68FEAD68FE8773/ksdk/lib/ksdk_platform_lib/kds/KL25Z4/debug/libksdk_platform.a(fsl_clock_MKL25Z4.o)
                               0x17aa (size before relaxing)
 .debug_str     0x000a1c65      0xa09 /mnt/9A68FEAD68FE8773/ksdk/lib/ksdk_platform_lib/kds/KL25Z4/debug/libksdk_platform.a(fsl_clock_manager.o)
                               0x1798 (size before relaxing)
 .debug_str     0x000a266e       0x61 /mnt/9A68FEAD68FE8773/ksdk/lib/ksdk_platform_lib/kds/KL25Z4/debug/libksdk_platform.a(fsl_clock_manager_common.o)
                                0x34e (size before relaxing)
 .debug_str     0x000a26cf      0x417 /mnt/9A68FEAD68FE8773/ksdk/lib/ksdk_platform_lib/kds/KL25Z4/debug/libksdk_platform.a(fsl_sim_hal_MKL25Z4.o)
                                0x786 (size before relaxing)
 .debug_str     0x000a2ae6       0x5f /mnt/9A68FEAD68FE8773/ksdk/lib/ksdk_platform_lib/kds/KL25Z4/debug/libksdk_platform.a(fsl_rtc_common.o)
                                0x3fc (size before relaxing)
 .debug_str     0x000a2b45       0x43 /mnt/9A68FEAD68FE8773/ksdk/lib/ksdk_platform_lib/kds/KL25Z4/debug/libksdk_platform.a(fsl_osc_hal.o)
                                0x233 (size before relaxing)
 .debug_str     0x000a2b88      0x4eb /mnt/9A68FEAD68FE8773/ksdk/lib/ksdk_platform_lib/kds/KL25Z4/debug/libksdk_platform.a(fsl_mcg_hal.o)
                                0xb03 (size before relaxing)
 .debug_str     0x000a3073      0x139 /mnt/9A68FEAD68FE8773/ksdk/lib/ksdk_platform_lib/kds/KL25Z4/debug/libksdk_platform.a(fsl_mcg_hal_modes.o)
                                0xa90 (size before relaxing)

.comment        0x00000000       0x70
 .comment       0x00000000       0x70 ./Sources/Util/debugUart.o
                                 0x71 (size before relaxing)
 .comment       0x00000000       0x71 ./Sources/Util/util.o
 .comment       0x00000000       0x71 ./Sources/Serial/serial_hal.o
 .comment       0x00000000       0x71 ./Sources/Protocolo/cmdmachine_hal.o
 .comment       0x00000000       0x71 ./Sources/PIT/pit_hal.o
 .comment       0x00000000       0x71 ./Sources/Mcg/mcg_hal.o
 .comment       0x00000000       0x71 ./Sources/Main/es670.o
 .comment       0x00000000       0x71 ./Sources/LedSwi/ledswi_hal.o
 .comment       0x00000000       0x71 ./Sources/Buzzer/buzzer_hal.o
 .comment       0x00000000       0x71 ./Sources/fsl_debug_console.o
 .comment       0x00000000       0x71 ./Project_Settings/Startup_Code/startup.o
 .comment       0x00000000       0x71 ./Project_Settings/Startup_Code/system_MKL25Z4.o
 .comment       0x00000000       0x71 /mnt/9A68FEAD68FE8773/ksdk/lib/ksdk_platform_lib/kds/KL25Z4/debug/libksdk_platform.a(fsl_uart_hal.o)
 .comment       0x00000000       0x71 /mnt/9A68FEAD68FE8773/ksdk/lib/ksdk_platform_lib/kds/KL25Z4/debug/libksdk_platform.a(fsl_lpsci_hal.o)
 .comment       0x00000000       0x71 /mnt/9A68FEAD68FE8773/ksdk/lib/ksdk_platform_lib/kds/KL25Z4/debug/libksdk_platform.a(fsl_clock_MKL25Z4.o)
 .comment       0x00000000       0x71 /mnt/9A68FEAD68FE8773/ksdk/lib/ksdk_platform_lib/kds/KL25Z4/debug/libksdk_platform.a(fsl_clock_manager.o)
 .comment       0x00000000       0x71 /mnt/9A68FEAD68FE8773/ksdk/lib/ksdk_platform_lib/kds/KL25Z4/debug/libksdk_platform.a(fsl_clock_manager_common.o)
 .comment       0x00000000       0x71 /mnt/9A68FEAD68FE8773/ksdk/lib/ksdk_platform_lib/kds/KL25Z4/debug/libksdk_platform.a(fsl_sim_hal_MKL25Z4.o)
 .comment       0x00000000       0x71 /mnt/9A68FEAD68FE8773/ksdk/lib/ksdk_platform_lib/kds/KL25Z4/debug/libksdk_platform.a(fsl_rtc_common.o)
 .comment       0x00000000       0x71 /mnt/9A68FEAD68FE8773/ksdk/lib/ksdk_platform_lib/kds/KL25Z4/debug/libksdk_platform.a(fsl_osc_hal.o)
 .comment       0x00000000       0x71 /mnt/9A68FEAD68FE8773/ksdk/lib/ksdk_platform_lib/kds/KL25Z4/debug/libksdk_platform.a(fsl_mcg_hal.o)
 .comment       0x00000000       0x71 /mnt/9A68FEAD68FE8773/ksdk/lib/ksdk_platform_lib/kds/KL25Z4/debug/libksdk_platform.a(fsl_mcg_hal_modes.o)

.debug_frame    0x00000000     0x2254
 .debug_frame   0x00000000       0x8c ./Sources/Util/debugUart.o
 .debug_frame   0x0000008c       0x88 ./Sources/Util/util.o
 .debug_frame   0x00000114       0x6c ./Sources/Serial/serial_hal.o
 .debug_frame   0x00000180      0x110 ./Sources/Protocolo/cmdmachine_hal.o
 .debug_frame   0x00000290      0x104 ./Sources/PIT/pit_hal.o
 .debug_frame   0x00000394       0xc8 ./Sources/Mcg/mcg_hal.o
 .debug_frame   0x0000045c       0x30 ./Sources/Main/es670.o
 .debug_frame   0x0000048c       0xf0 ./Sources/LedSwi/ledswi_hal.o
 .debug_frame   0x0000057c       0xbc ./Sources/Buzzer/buzzer_hal.o
 .debug_frame   0x00000638      0x230 ./Sources/fsl_debug_console.o
 .debug_frame   0x00000868       0x30 ./Project_Settings/Startup_Code/startup.o
 .debug_frame   0x00000898       0x4c ./Project_Settings/Startup_Code/system_MKL25Z4.o
 .debug_frame   0x000008e4      0x184 /mnt/9A68FEAD68FE8773/ksdk/lib/ksdk_platform_lib/kds/KL25Z4/debug/libksdk_platform.a(fsl_uart_hal.o)
 .debug_frame   0x00000a68      0x1b0 /mnt/9A68FEAD68FE8773/ksdk/lib/ksdk_platform_lib/kds/KL25Z4/debug/libksdk_platform.a(fsl_lpsci_hal.o)
 .debug_frame   0x00000c18      0x474 /mnt/9A68FEAD68FE8773/ksdk/lib/ksdk_platform_lib/kds/KL25Z4/debug/libksdk_platform.a(fsl_clock_MKL25Z4.o)
 .debug_frame   0x0000108c      0x128 /mnt/9A68FEAD68FE8773/ksdk/lib/ksdk_platform_lib/kds/KL25Z4/debug/libksdk_platform.a(fsl_clock_manager.o)
 .debug_frame   0x000011b4      0x174 /mnt/9A68FEAD68FE8773/ksdk/lib/ksdk_platform_lib/kds/KL25Z4/debug/libksdk_platform.a(fsl_sim_hal_MKL25Z4.o)
 .debug_frame   0x00001328       0x20 /mnt/9A68FEAD68FE8773/ksdk/lib/ksdk_platform_lib/kds/KL25Z4/debug/libksdk_platform.a(fsl_osc_hal.o)
 .debug_frame   0x00001348      0x1b4 /mnt/9A68FEAD68FE8773/ksdk/lib/ksdk_platform_lib/kds/KL25Z4/debug/libksdk_platform.a(fsl_mcg_hal.o)
 .debug_frame   0x000014fc      0x13c /mnt/9A68FEAD68FE8773/ksdk/lib/ksdk_platform_lib/kds/KL25Z4/debug/libksdk_platform.a(fsl_mcg_hal_modes.o)
 .debug_frame   0x00001638       0x20 /opt/Freescale/KDS_3.0.0/toolchain/bin/../lib/gcc/arm-none-eabi/4.8.4/armv6-m/libgcc.a(_udivsi3.o)
 .debug_frame   0x00001658       0x4c /opt/Freescale/KDS_3.0.0/toolchain/bin/../lib/gcc/arm-none-eabi/4.8.4/../../../../arm-none-eabi/lib/armv6-m/libg_s.a(lib_a-assert.o)
 .debug_frame   0x000016a4       0x28 /opt/Freescale/KDS_3.0.0/toolchain/bin/../lib/gcc/arm-none-eabi/4.8.4/../../../../arm-none-eabi/lib/armv6-m/libg_s.a(lib_a-exit.o)
 .debug_frame   0x000016cc       0x4c /opt/Freescale/KDS_3.0.0/toolchain/bin/../lib/gcc/arm-none-eabi/4.8.4/../../../../arm-none-eabi/lib/armv6-m/libg_s.a(lib_a-fprintf.o)
 .debug_frame   0x00001718       0x2c /opt/Freescale/KDS_3.0.0/toolchain/bin/../lib/gcc/arm-none-eabi/4.8.4/../../../../arm-none-eabi/lib/armv6-m/libg_s.a(lib_a-init.o)