Archive member included because of file (symbol)

/mnt/9A68FEAD68FE8773/ksdk/lib/ksdk_platform_lib/kds/KL25Z4/debug//libksdk_platform.a(fsl_clock_MKL25Z4.o)
                              ./Sources/Mcg/mcg_hal.o (CLOCK_SYS_SetConfiguration)
/mnt/9A68FEAD68FE8773/ksdk/lib/ksdk_platform_lib/kds/KL25Z4/debug//libksdk_platform.a(fsl_clock_manager.o)
                              /mnt/9A68FEAD68FE8773/ksdk/lib/ksdk_platform_lib/kds/KL25Z4/debug//libksdk_platform.a(fsl_clock_MKL25Z4.o) (CLOCK_SYS_GetSystickFreq)
/mnt/9A68FEAD68FE8773/ksdk/lib/ksdk_platform_lib/kds/KL25Z4/debug//libksdk_platform.a(fsl_clock_manager_common.o)
                              /mnt/9A68FEAD68FE8773/ksdk/lib/ksdk_platform_lib/kds/KL25Z4/debug//libksdk_platform.a(fsl_clock_MKL25Z4.o) (g_oscBase)
/mnt/9A68FEAD68FE8773/ksdk/lib/ksdk_platform_lib/kds/KL25Z4/debug//libksdk_platform.a(fsl_os_abstraction_bm.o)
                              /mnt/9A68FEAD68FE8773/ksdk/lib/ksdk_platform_lib/kds/KL25Z4/debug//libksdk_platform.a(fsl_clock_manager.o) (OSA_EnterCritical)
/mnt/9A68FEAD68FE8773/ksdk/lib/ksdk_platform_lib/kds/KL25Z4/debug//libksdk_platform.a(fsl_sim_hal_MKL25Z4.o)
                              /mnt/9A68FEAD68FE8773/ksdk/lib/ksdk_platform_lib/kds/KL25Z4/debug//libksdk_platform.a(fsl_clock_MKL25Z4.o) (CLOCK_HAL_SetOutDiv)
/mnt/9A68FEAD68FE8773/ksdk/lib/ksdk_platform_lib/kds/KL25Z4/debug//libksdk_platform.a(fsl_osc_hal.o)
                              /mnt/9A68FEAD68FE8773/ksdk/lib/ksdk_platform_lib/kds/KL25Z4/debug//libksdk_platform.a(fsl_clock_manager.o) (OSC_HAL_SetCapacitor)
/mnt/9A68FEAD68FE8773/ksdk/lib/ksdk_platform_lib/kds/KL25Z4/debug//libksdk_platform.a(fsl_mcg_hal.o)
                              /mnt/9A68FEAD68FE8773/ksdk/lib/ksdk_platform_lib/kds/KL25Z4/debug//libksdk_platform.a(fsl_clock_MKL25Z4.o) (g_xtal0ClkFreq)
/mnt/9A68FEAD68FE8773/ksdk/lib/ksdk_platform_lib/kds/KL25Z4/debug//libksdk_platform.a(fsl_mcg_hal_modes.o)
                              /mnt/9A68FEAD68FE8773/ksdk/lib/ksdk_platform_lib/kds/KL25Z4/debug//libksdk_platform.a(fsl_clock_manager.o) (CLOCK_HAL_GetMcgMode)
/mnt/9A68FEAD68FE8773/ksdk/lib/ksdk_platform_lib/kds/KL25Z4/debug//libksdk_platform.a(fsl_lptmr_hal.o)
                              /mnt/9A68FEAD68FE8773/ksdk/lib/ksdk_platform_lib/kds/KL25Z4/debug//libksdk_platform.a(fsl_os_abstraction_bm.o) (LPTMR_HAL_SetTimerWorkingMode)
/mnt/9A68FEAD68FE8773/ksdk/lib/ksdk_platform_lib/kds/KL25Z4/debug//libksdk_platform.a(fsl_interrupt_manager.o)
                              /mnt/9A68FEAD68FE8773/ksdk/lib/ksdk_platform_lib/kds/KL25Z4/debug//libksdk_platform.a(fsl_os_abstraction_bm.o) (INT_SYS_InstallHandler)
/opt/Freescale/KDS_3.0.0/toolchain/bin/../lib/gcc/arm-none-eabi/4.8.4/armv6-m/libgcc.a(_udivsi3.o)
                              ./Project_Settings/Startup_Code/system_MKL25Z4.o (__aeabi_uidiv)
/opt/Freescale/KDS_3.0.0/toolchain/bin/../lib/gcc/arm-none-eabi/4.8.4/armv6-m/libgcc.a(_dvmd_tls.o)
                              /opt/Freescale/KDS_3.0.0/toolchain/bin/../lib/gcc/arm-none-eabi/4.8.4/armv6-m/libgcc.a(_udivsi3.o) (__aeabi_idiv0)
/opt/Freescale/KDS_3.0.0/toolchain/bin/../lib/gcc/arm-none-eabi/4.8.4/../../../../arm-none-eabi/lib/armv6-m/libg_s.a(lib_a-assert.o)
                              ./Sources/Mcg/mcg_hal.o (__assert_func)
/opt/Freescale/KDS_3.0.0/toolchain/bin/../lib/gcc/arm-none-eabi/4.8.4/../../../../arm-none-eabi/lib/armv6-m/libg_s.a(lib_a-calloc.o)
                              /mnt/9A68FEAD68FE8773/ksdk/lib/ksdk_platform_lib/kds/KL25Z4/debug//libksdk_platform.a(fsl_os_abstraction_bm.o) (calloc)
/opt/Freescale/KDS_3.0.0/toolchain/bin/../lib/gcc/arm-none-eabi/4.8.4/../../../../arm-none-eabi/lib/armv6-m/libg_s.a(lib_a-exit.o)
                              /opt/Freescale/KDS_3.0.0/toolchain/bin/../lib/gcc/arm-none-eabi/4.8.4/../../../../arm-none-eabi/lib/armv6-m/crt0.o (exit)
/opt/Freescale/KDS_3.0.0/toolchain/bin/../lib/gcc/arm-none-eabi/4.8.4/../../../../arm-none-eabi/lib/armv6-m/libg_s.a(lib_a-fprintf.o)
                              /opt/Freescale/KDS_3.0.0/toolchain/bin/../lib/gcc/arm-none-eabi/4.8.4/../../../../arm-none-eabi/lib/armv6-m/libg_s.a(lib_a-assert.o) (fiprintf)
/opt/Freescale/KDS_3.0.0/toolchain/bin/../lib/gcc/arm-none-eabi/4.8.4/../../../../arm-none-eabi/lib/armv6-m/libg_s.a(lib_a-impure.o)
                              /opt/Freescale/KDS_3.0.0/toolchain/bin/../lib/gcc/arm-none-eabi/4.8.4/../../../../arm-none-eabi/lib/armv6-m/libg_s.a(lib_a-exit.o) (_global_impure_ptr)
/opt/Freescale/KDS_3.0.0/toolchain/bin/../lib/gcc/arm-none-eabi/4.8.4/../../../../arm-none-eabi/lib/armv6-m/libg_s.a(lib_a-init.o)
                              /opt/Freescale/KDS_3.0.0/toolchain/bin/../lib/gcc/arm-none-eabi/4.8.4/../../../../arm-none-eabi/lib/armv6-m/crt0.o (__libc_init_array)
/opt/Freescale/KDS_3.0.0/toolchain/bin/../lib/gcc/arm-none-eabi/4.8.4/../../../../arm-none-eabi/lib/armv6-m/libg_s.a(lib_a-malloc.o)
[...]
Memory Configuration

Name             Origin             Length             Attributes
m_interrupts     0x00000000         0x00000100         xr
m_flash_config   0x00000400         0x00000010         xr
m_text           0x00000410         0x0001fbf0         xr
m_data           0x1ffff000         0x00004000         rw
*default*        0x00000000         0xffffffff

Linker script and memory map

LOAD /opt/Freescale/KDS_3.0.0/toolchain/bin/../lib/gcc/arm-none-eabi/4.8.4/armv6-m/crti.o
LOAD /opt/Freescale/KDS_3.0.0/toolchain/bin/../lib/gcc/arm-none-eabi/4.8.4/armv6-m/crtbegin.o
LOAD /opt/Freescale/KDS_3.0.0/toolchain/bin/../lib/gcc/arm-none-eabi/4.8.4/../../../../arm-none-eabi/lib/armv6-m/crt0.o
LOAD ./Sources/Util/util.o
LOAD ./Sources/Mcg/mcg_hal.o
LOAD ./Sources/Main/es670.o
LOAD ./Sources/LedSwi/ledswi_hal.o
LOAD ./Sources/Buzzer/buzzer_hal.o
LOAD ./Project_Settings/Startup_Code/startup.o
LOAD ./Project_Settings/Startup_Code/startup_MKL25Z4.o
LOAD ./Project_Settings/Startup_Code/system_MKL25Z4.o
LOAD /mnt/9A68FEAD68FE8773/ksdk/lib/ksdk_platform_lib/kds/KL25Z4/debug//libksdk_platform.a
LOAD /opt/Freescale/KDS_3.0.0/toolchain/bin/../lib/gcc/arm-none-eabi/4.8.4/../../../../arm-none-eabi/lib/armv6-m/libstdc++_s.a
LOAD /opt/Freescale/KDS_3.0.0/toolchain/bin/../lib/gcc/arm-none-eabi/4.8.4/../../../../arm-none-eabi/lib/armv6-m/libm.a
START GROUP
LOAD /opt/Freescale/KDS_3.0.0/toolchain/bin/../lib/gcc/arm-none-eabi/4.8.4/armv6-m/libgcc.a
LOAD /opt/Freescale/KDS_3.0.0/toolchain/bin/../lib/gcc/arm-none-eabi/4.8.4/../../../../arm-none-eabi/lib/armv6-m/libg_s.a
LOAD /opt/Freescale/KDS_3.0.0/toolchain/bin/../lib/gcc/arm-none-eabi/4.8.4/../../../../arm-none-eabi/lib/armv6-m/libc_s.a
END GROUP
START GROUP
LOAD /opt/Freescale/KDS_3.0.0/toolchain/bin/../lib/gcc/arm-none-eabi/4.8.4/armv6-m/libgcc.a
LOAD /opt/Freescale/KDS_3.0.0/toolchain/bin/../lib/gcc/arm-none-eabi/4.8.4/../../../../arm-none-eabi/lib/armv6-m/libc_s.a
LOAD /opt/Freescale/KDS_3.0.0/toolchain/bin/../lib/gcc/arm-none-eabi/4.8.4/../../../../arm-none-eabi/lib/armv6-m/libnosys.a
END GROUP
START GROUP
LOAD /opt/Freescale/KDS_3.0.0/toolchain/bin/../lib/gcc/arm-none-eabi/4.8.4/armv6-m/libgcc.a
LOAD /opt/Freescale/KDS_3.0.0/toolchain/bin/../lib/gcc/arm-none-eabi/4.8.4/../../../../arm-none-eabi/lib/armv6-m/libc_s.a
LOAD /opt/Freescale/KDS_3.0.0/toolchain/bin/../lib/gcc/arm-none-eabi/4.8.4/../../../../arm-none-eabi/lib/armv6-m/libnosys.a
END GROUP
LOAD /opt/Freescale/KDS_3.0.0/toolchain/bin/../lib/gcc/arm-none-eabi/4.8.4/armv6-m/crtend.o
LOAD /opt/Freescale/KDS_3.0.0/toolchain/bin/../lib/gcc/arm-none-eabi/4.8.4/armv6-m/crtn.o
                0x00000400                HEAP_SIZE = DEFINED (__heap_size__)?__heap_size__:0x400
                0x00000400                STACK_SIZE = DEFINED (__stack_size__)?__stack_size__:0x400
                0x00000000                M_VECTOR_RAM_SIZE = DEFINED (__ram_vector_table__)?0x100:0x0

.interrupts     0x00000000       0xc0
                0x00000000                __VECTOR_TABLE = .
                0x00000000                . = ALIGN (0x4)
 *(.isr_vector)
 .isr_vector    0x00000000       0xc0 ./Project_Settings/Startup_Code/startup_MKL25Z4.o
                0x00000000                __isr_vector
                0x000000c0                . = ALIGN (0x4)

.flash_config   0x00000400       0x10
                0x00000400                . = ALIGN (0x4)
 *(.FlashConfig)
 .FlashConfig   0x00000400       0x10 ./Project_Settings/Startup_Code/startup_MKL25Z4.o
                0x00000410                . = ALIGN (0x4)

.text           0x00000410     0x3328
                0x00000410                . = ALIGN (0x4)
 *(.text)
 .text          0x00000410       0x60 /opt/Freescale/KDS_3.0.0/toolchain/bin/../lib/gcc/arm-none-eabi/4.8.4/armv6-m/crtbegin.o
 .text          0x00000470       0x78 /opt/Freescale/KDS_3.0.0/toolchain/bin/../lib/gcc/arm-none-eabi/4.8.4/../../../../arm-none-eabi/lib/armv6-m/crt0.o
                0x00000470                _mainCRTStartup
                0x00000470                _start
 .text          0x000004e8       0x18 ./Project_Settings/Startup_Code/startup_MKL25Z4.o
                0x000004e8                Reset_Handler
                0x000004f8                I2C0_IRQHandler
                0x000004f8                HardFault_Handler
                0x000004f8                SysTick_Handler
                0x000004f8                PendSV_Handler
                0x000004f8                NMI_Handler
                0x000004f8                I2C1_IRQHandler
                0x000004f8                UART1_IRQHandler
                0x000004f8                DMA2_IRQHandler
                0x000004f8                TPM0_IRQHandler
                0x000004f8                LLWU_IRQHandler
                0x000004f8                TSI0_IRQHandler
                0x000004f8                UART0_IRQHandler
                0x000004f8                ADC0_IRQHandler
                0x000004f8                Reserved39_IRQHandler
                0x000004f8                SPI1_IRQHandler
                0x000004f8                DefaultISR
                0x000004f8                PORTD_IRQHandler
                0x000004f8                TPM2_IRQHandler
                0x000004f8                RTC_IRQHandler
                0x000004f8                RTC_Seconds_IRQHandler
                0x000004f8                MCG_IRQHandler
                0x000004f8                UART2_IRQHandler
                0x000004f8                Reserved20_IRQHandler
                0x000004f8                USB0_IRQHandler
                0x000004f8                PIT_IRQHandler
                0x000004f8                SVC_Handler
                0x000004f8                DMA3_IRQHandler
                0x000004f8                DMA0_IRQHandler
                0x000004f8                DAC0_IRQHandler
                0x000004f8                Reserved45_IRQHandler
                0x000004f8                TPM1_IRQHandler
                0x000004f8                LVD_LVW_IRQHandler
                0x000004f8                SPI0_IRQHandler
                0x000004f8                PORTA_IRQHandler
                0x000004f8                FTFA_IRQHandler
                0x000004f8                LPTMR0_IRQHandler
                0x000004f8                CMP0_IRQHandler
                0x000004f8                DMA1_IRQHandler
 .text          0x00000500       0x9c /opt/Freescale/KDS_3.0.0/toolchain/bin/../lib/gcc/arm-none-eabi/4.8.4/armv6-m/libgcc.a(_udivsi3.o)
                0x00000500                __udivsi3
                0x00000500                __aeabi_uidiv
                0x00000588                __aeabi_uidivmod
 .text          0x0000059c        0x4 /opt/Freescale/KDS_3.0.0/toolchain/bin/../lib/gcc/arm-none-eabi/4.8.4/armv6-m/libgcc.a(_dvmd_tls.o)
                0x0000059c                __aeabi_ldiv0
                0x0000059c                __aeabi_idiv0
 *(.text*)
 .text.util_genDelay088us
                0x000005a0       0x48 ./Sources/Util/util.o
                0x000005a0                util_genDelay088us
 .text.util_genDelay250us
                0x000005e8       0x44 ./Sources/Util/util.o
                0x000005e8                util_genDelay250us
 .text.util_genDelay1ms
                0x0000062c       0x18 ./Sources/Util/util.o
                0x0000062c                util_genDelay1ms
 .text.SMC_HAL_SetProtection
                0x00000644       0x1c ./Sources/Mcg/mcg_hal.o
 .text.PORT_HAL_SetMuxMode
                0x00000660       0x4c ./Sources/Mcg/mcg_hal.o
 .text.mcg_initOsc0
                0x000006ac       0x40 ./Sources/Mcg/mcg_hal.o
                0x000006ac                mcg_initOsc0
 .text.mcg_initRtcOsc
                0x000006ec       0x3c ./Sources/Mcg/mcg_hal.o
                0x000006ec                mcg_initRtcOsc
 .text.mcg_initSystemClock
                0x00000728       0x14 ./Sources/Mcg/mcg_hal.o
                0x00000728                mcg_initSystemClock
 .text.mcg_clockInit
                0x0000073c       0x50 ./Sources/Mcg/mcg_hal.o
                0x0000073c                mcg_clockInit
 .text.main     0x0000078c       0x3c ./Sources/Main/es670.o
                0x0000078c                main
 .text.buzzer_init
                0x000007c8       0x38 ./Sources/Buzzer/buzzer_hal.o
                0x000007c8                buzzer_init
 .text.buzzer_clearBuzz
                0x00000800       0x14 ./Sources/Buzzer/buzzer_hal.o
                0x00000800                buzzer_clearBuzz
 .text.buzzer_setBuzz
                0x00000814       0x14 ./Sources/Buzzer/buzzer_hal.o
                0x00000814                buzzer_setBuzz
 .text.init_data_bss
                0x00000828       0xc8 ./Project_Settings/Startup_Code/startup.o
                0x00000828                init_data_bss
 .text.SystemInit
                0x000008f0       0x18 ./Project_Settings/Startup_Code/system_MKL25Z4.o
                0x000008f0                SystemInit
 .text.SIM_HAL_EnableClock
                0x00000908       0x58 /mnt/9A68FEAD68FE8773/ksdk/lib/ksdk_platform_lib/kds/KL25Z4/debug//libksdk_platform.a(fsl_clock_MKL25Z4.o)
 .text.CLOCK_HAL_SetExternalRefClock32kSrc
                0x00000960       0x28 /mnt/9A68FEAD68FE8773/ksdk/lib/ksdk_platform_lib/kds/KL25Z4/debug//libksdk_platform.a(fsl_clock_MKL25Z4.o)
 .text.CLOCK_HAL_SetPllfllSel
                0x00000988       0x2c /mnt/9A68FEAD68FE8773/ksdk/lib/ksdk_platform_lib/kds/KL25Z4/debug//libksdk_platform.a(fsl_clock_MKL25Z4.o)
 .text.CLOCK_HAL_GetOutDiv1
                0x000009b4       0x28 /mnt/9A68FEAD68FE8773/ksdk/lib/ksdk_platform_lib/kds/KL25Z4/debug//libksdk_platform.a(fsl_clock_MKL25Z4.o)
 .text.CLOCK_SYS_SetSimConfigration
                0x000009dc       0x48 /mnt/9A68FEAD68FE8773/ksdk/lib/ksdk_platform_lib/kds/KL25Z4/debug//libksdk_platform.a(fsl_clock_MKL25Z4.o)
                0x000009dc                CLOCK_SYS_SetSimConfigration
 .text.CLOCK_SYS_SetConfiguration
                0x00000a24       0x74 /mnt/9A68FEAD68FE8773/ksdk/lib/ksdk_platform_lib/kds/KL25Z4/debug//libksdk_platform.a(fsl_clock_MKL25Z4.o)
                0x00000a24                CLOCK_SYS_SetConfiguration
 .text.CLOCK_SYS_GetCoreClockFreq
                0x00000a98       0x34 /mnt/9A68FEAD68FE8773/ksdk/lib/ksdk_platform_lib/kds/KL25Z4/debug//libksdk_platform.a(fsl_clock_MKL25Z4.o)
                0x00000a98                CLOCK_SYS_GetCoreClockFreq
 .text.CLOCK_SYS_EnablePortClock
                0x00000acc       0x4c /mnt/9A68FEAD68FE8773/ksdk/lib/ksdk_platform_lib/kds/KL25Z4/debug//libksdk_platform.a(fsl_clock_MKL25Z4.o)
                0x00000acc                CLOCK_SYS_EnablePortClock
 .text.SIM_HAL_EnableClock
                0x00000b18       0x58 /mnt/9A68FEAD68FE8773/ksdk/lib/ksdk_platform_lib/kds/KL25Z4/debug//libksdk_platform.a(fsl_clock_manager.o)
 .text.CLOCK_HAL_SetClkOutSrc
                0x00000b70       0x28 /mnt/9A68FEAD68FE8773/ksdk/lib/ksdk_platform_lib/kds/KL25Z4/debug//libksdk_platform.a(fsl_clock_manager.o)
 .text.CLOCK_HAL_GetClkOutStat
                0x00000b98       0x20 /mnt/9A68FEAD68FE8773/ksdk/lib/ksdk_platform_lib/kds/KL25Z4/debug//libksdk_platform.a(fsl_clock_manager.o)
 .text.CLOCK_HAL_SetInternalRefClkEnableCmd
                0x00000bb8       0x28 /mnt/9A68FEAD68FE8773/ksdk/lib/ksdk_platform_lib/kds/KL25Z4/debug//libksdk_platform.a(fsl_clock_manager.o)
 .text.CLOCK_HAL_SetInternalRefClkEnableInStopCmd
                0x00000be0       0x24 /mnt/9A68FEAD68FE8773/ksdk/lib/ksdk_platform_lib/kds/KL25Z4/debug//libksdk_platform.a(fsl_clock_manager.o)
 .text.CLOCK_HAL_SetInternalRefClkMode
                0x00000c04       0x24 /mnt/9A68FEAD68FE8773/ksdk/lib/ksdk_platform_lib/kds/KL25Z4/debug//libksdk_platform.a(fsl_clock_manager.o)
 .text.CLOCK_HAL_GetInternalRefClkMode
                0x00000c28       0x20 /mnt/9A68FEAD68FE8773/ksdk/lib/ksdk_platform_lib/kds/KL25Z4/debug//libksdk_platform.a(fsl_clock_manager.o)
 .text.CLOCK_HAL_SetPll0EnableCmd
                0x00000c48       0x28 /mnt/9A68FEAD68FE8773/ksdk/lib/ksdk_platform_lib/kds/KL25Z4/debug//libksdk_platform.a(fsl_clock_manager.o)
 .text.CLOCK_HAL_IsOsc0Stable
                0x00000c70       0x24 /mnt/9A68FEAD68FE8773/ksdk/lib/ksdk_platform_lib/kds/KL25Z4/debug//libksdk_platform.a(fsl_clock_manager.o)
 .text.OSC_HAL_SetExternalRefClkCmd
                0x00000c94       0x28 /mnt/9A68FEAD68FE8773/ksdk/lib/ksdk_platform_lib/kds/KL25Z4/debug//libksdk_platform.a(fsl_clock_manager.o)
 .text.OSC_HAL_SetExternalRefClkInStopModeCmd
                0x00000cbc       0x28 /mnt/9A68FEAD68FE8773/ksdk/lib/ksdk_platform_lib/kds/KL25Z4/debug//libksdk_platform.a(fsl_clock_manager.o)
 .text.CLOCK_SYS_EnableRtcClock
                0x00000ce4       0x1c /mnt/9A68FEAD68FE8773/ksdk/lib/ksdk_platform_lib/kds/KL25Z4/debug//libksdk_platform.a(fsl_clock_manager.o)
 .text.RTC_HAL_SetOsc2pfLoadCmd
                0x00000d00       0x28 /mnt/9A68FEAD68FE8773/ksdk/lib/ksdk_platform_lib/kds/KL25Z4/debug//libksdk_platform.a(fsl_clock_manager.o)
 .text.RTC_HAL_SetOsc4pfLoadCmd
                0x00000d28       0x28 /mnt/9A68FEAD68FE8773/ksdk/lib/ksdk_platform_lib/kds/KL25Z4/debug//libksdk_platform.a(fsl_clock_manager.o)
 .text.RTC_HAL_SetOsc8pfLoadCmd
                0x00000d50       0x28 /mnt/9A68FEAD68FE8773/ksdk/lib/ksdk_platform_lib/kds/KL25Z4/debug//libksdk_platform.a(fsl_clock_manager.o)
 .text.RTC_HAL_SetOsc16pfLoadCmd
                0x00000d78       0x28 /mnt/9A68FEAD68FE8773/ksdk/lib/ksdk_platform_lib/kds/KL25Z4/debug//libksdk_platform.a(fsl_clock_manager.o)
 .text.RTC_HAL_SetOscillatorCmd
                0x00000da0       0x28 /mnt/9A68FEAD68FE8773/ksdk/lib/ksdk_platform_lib/kds/KL25Z4/debug//libksdk_platform.a(fsl_clock_manager.o)
 .text.RTC_HAL_IsOscillatorEnabled
                0x00000dc8       0x24 /mnt/9A68FEAD68FE8773/ksdk/lib/ksdk_platform_lib/kds/KL25Z4/debug//libksdk_platform.a(fsl_clock_manager.o)
 .text.CLOCK_SYS_FllStableDelay
                0x00000dec       0x24 /mnt/9A68FEAD68FE8773/ksdk/lib/ksdk_platform_lib/kds/KL25Z4/debug//libksdk_platform.a(fsl_clock_manager.o)
 .text.CLOCK_SYS_McgModeToIdx
                0x00000e10       0x6c /mnt/9A68FEAD68FE8773/ksdk/lib/ksdk_platform_lib/kds/KL25Z4/debug//libksdk_platform.a(fsl_clock_manager.o)
 .text.CLOCK_SYS_SetMcgMode
                0x00000e7c      0x210 /mnt/9A68FEAD68FE8773/ksdk/lib/ksdk_platform_lib/kds/KL25Z4/debug//libksdk_platform.a(fsl_clock_manager.o)
                0x00000e7c                CLOCK_SYS_SetMcgMode
 .text.CLOCK_SYS_OscInit
                0x0000108c       0xf0 /mnt/9A68FEAD68FE8773/ksdk/lib/ksdk_platform_lib/kds/KL25Z4/debug//libksdk_platform.a(fsl_clock_manager.o)
                0x0000108c                CLOCK_SYS_OscInit
 .text.CLOCK_SYS_SetOscerConfigration
                0x0000117c       0x3c /mnt/9A68FEAD68FE8773/ksdk/lib/ksdk_platform_lib/kds/KL25Z4/debug//libksdk_platform.a(fsl_clock_manager.o)
                0x0000117c                CLOCK_SYS_SetOscerConfigration
 .text.CLOCK_SYS_RtcOscInit
                0x000011b8       0xb0 /mnt/9A68FEAD68FE8773/ksdk/lib/ksdk_platform_lib/kds/KL25Z4/debug//libksdk_platform.a(fsl_clock_manager.o)
                0x000011b8                CLOCK_SYS_RtcOscInit
 .text.CLOCK_HAL_SetOutDiv
                0x00001268       0x50 /mnt/9A68FEAD68FE8773/ksdk/lib/ksdk_platform_lib/kds/KL25Z4/debug//libksdk_platform.a(fsl_sim_hal_MKL25Z4.o)
                0x00001268                CLOCK_HAL_SetOutDiv
 .text.OSC_HAL_SetCapacitor
                0x000012b8       0x28 /mnt/9A68FEAD68FE8773/ksdk/lib/ksdk_platform_lib/kds/KL25Z4/debug//libksdk_platform.a(fsl_osc_hal.o)
                0x000012b8                OSC_HAL_SetCapacitor
 .text.CLOCK_HAL_GetClkOutStat
                0x000012e0       0x20 /mnt/9A68FEAD68FE8773/ksdk/lib/ksdk_platform_lib/kds/KL25Z4/debug//libksdk_platform.a(fsl_mcg_hal.o)
 .text.CLOCK_HAL_SetInternalRefClkMode
                0x00001300       0x24 /mnt/9A68FEAD68FE8773/ksdk/lib/ksdk_platform_lib/kds/KL25Z4/debug//libksdk_platform.a(fsl_mcg_hal.o)
 .text.CLOCK_HAL_GetInternalRefClkMode
                0x00001324       0x20 /mnt/9A68FEAD68FE8773/ksdk/lib/ksdk_platform_lib/kds/KL25Z4/debug//libksdk_platform.a(fsl_mcg_hal.o)
 .text.CLOCK_HAL_IsPll0Locked
                0x00001344       0x24 /mnt/9A68FEAD68FE8773/ksdk/lib/ksdk_platform_lib/kds/KL25Z4/debug//libksdk_platform.a(fsl_mcg_hal.o)
 .text.CLOCK_HAL_IsPllSelected
                0x00001368       0x24 /mnt/9A68FEAD68FE8773/ksdk/lib/ksdk_platform_lib/kds/KL25Z4/debug//libksdk_platform.a(fsl_mcg_hal.o)
 .text.CLOCK_HAL_IsOsc0Stable
                0x0000138c       0x24 /mnt/9A68FEAD68FE8773/ksdk/lib/ksdk_platform_lib/kds/KL25Z4/debug//libksdk_platform.a(fsl_mcg_hal.o)
 .text.CLOCK_HAL_PrepareOsc
                0x000013b0       0x3c /mnt/9A68FEAD68FE8773/ksdk/lib/ksdk_platform_lib/kds/KL25Z4/debug//libksdk_platform.a(fsl_mcg_hal.o)
                0x000013b0                CLOCK_HAL_PrepareOsc
 .text.CLOCK_HAL_GetMcgExternalClkFreq
                0x000013ec       0x18 /mnt/9A68FEAD68FE8773/ksdk/lib/ksdk_platform_lib/kds/KL25Z4/debug//libksdk_platform.a(fsl_mcg_hal.o)
 .text.CLOCK_HAL_TestFllExternalRefFreq
                0x00001404       0x7c /mnt/9A68FEAD68FE8773/ksdk/lib/ksdk_platform_lib/kds/KL25Z4/debug//libksdk_platform.a(fsl_mcg_hal.o)
                0x00001404                CLOCK_HAL_TestFllExternalRefFreq
 .text.CLOCK_HAL_GetFllRefClk
                0x00001480       0x8c /mnt/9A68FEAD68FE8773/ksdk/lib/ksdk_platform_lib/kds/KL25Z4/debug//libksdk_platform.a(fsl_mcg_hal.o)
                0x00001480                CLOCK_HAL_GetFllRefClk
 .text.CLOCK_HAL_TestFllFreq
                0x0000150c       0x6c /mnt/9A68FEAD68FE8773/ksdk/lib/ksdk_platform_lib/kds/KL25Z4/debug//libksdk_platform.a(fsl_mcg_hal.o)
                0x0000150c                CLOCK_HAL_TestFllFreq
 .text.CLOCK_HAL_GetFllClk
                0x00001578       0x7c /mnt/9A68FEAD68FE8773/ksdk/lib/ksdk_platform_lib/kds/KL25Z4/debug//libksdk_platform.a(fsl_mcg_hal.o)
                0x00001578                CLOCK_HAL_GetFllClk
 .text.CLOCK_HAL_UpdateFastClkInternalRefDiv
                0x000015f4       0xb8 /mnt/9A68FEAD68FE8773/ksdk/lib/ksdk_platform_lib/kds/KL25Z4/debug//libksdk_platform.a(fsl_mcg_hal.o)
                0x000015f4                CLOCK_HAL_UpdateFastClkInternalRefDiv
 .text.CLOCK_HAL_GetPll0RefFreq
                0x000016ac       0x1c /mnt/9A68FEAD68FE8773/ksdk/lib/ksdk_platform_lib/kds/KL25Z4/debug//libksdk_platform.a(fsl_mcg_hal.o)
                0x000016ac                CLOCK_HAL_GetPll0RefFreq
 .text.CLOCK_HAL_GetPll0Clk
                0x000016c8       0x90 /mnt/9A68FEAD68FE8773/ksdk/lib/ksdk_platform_lib/kds/KL25Z4/debug//libksdk_platform.a(fsl_mcg_hal.o)
                0x000016c8                CLOCK_HAL_GetPll0Clk
 .text.CLOCK_HAL_EnablePll0InFllMode
                0x00001758       0x8c /mnt/9A68FEAD68FE8773/ksdk/lib/ksdk_platform_lib/kds/KL25Z4/debug//libksdk_platform.a(fsl_mcg_hal.o)
                0x00001758                CLOCK_HAL_EnablePll0InFllMode
 .text.CLOCK_HAL_GetInternalRefClk
                0x000017e4       0x64 /mnt/9A68FEAD68FE8773/ksdk/lib/ksdk_platform_lib/kds/KL25Z4/debug//libksdk_platform.a(fsl_mcg_hal.o)
                0x000017e4                CLOCK_HAL_GetInternalRefClk
 .text.CLOCK_HAL_GetOutClk
                0x00001848       0x7c /mnt/9A68FEAD68FE8773/ksdk/lib/ksdk_platform_lib/kds/KL25Z4/debug//libksdk_platform.a(fsl_mcg_hal.o)
                0x00001848                CLOCK_HAL_GetOutClk
 .text.CLOCK_HAL_SetOsc0Mode
                0x000018c4       0x68 /mnt/9A68FEAD68FE8773/ksdk/lib/ksdk_platform_lib/kds/KL25Z4/debug//libksdk_platform.a(fsl_mcg_hal.o)
                0x000018c4                CLOCK_HAL_SetOsc0Mode
 .text.CLOCK_HAL_GetClkOutStat
                0x0000192c       0x20 /mnt/9A68FEAD68FE8773/ksdk/lib/ksdk_platform_lib/kds/KL25Z4/debug//libksdk_platform.a(fsl_mcg_hal_modes.o)
 .text.CLOCK_HAL_GetFllSrc
                0x0000194c       0x20 /mnt/9A68FEAD68FE8773/ksdk/lib/ksdk_platform_lib/kds/KL25Z4/debug//libksdk_platform.a(fsl_mcg_hal_modes.o)
 .text.CLOCK_HAL_GetInternalRefClkMode
                0x0000196c       0x20 /mnt/9A68FEAD68FE8773/ksdk/lib/ksdk_platform_lib/kds/KL25Z4/debug//libksdk_platform.a(fsl_mcg_hal_modes.o)
 .text.CLOCK_HAL_SetPll0EnableCmd
                0x0000198c       0x28 /mnt/9A68FEAD68FE8773/ksdk/lib/ksdk_platform_lib/kds/KL25Z4/debug//libksdk_platform.a(fsl_mcg_hal_modes.o)
 .text.CLOCK_HAL_IsPll0Locked
                0x000019b4       0x24 /mnt/9A68FEAD68FE8773/ksdk/lib/ksdk_platform_lib/kds/KL25Z4/debug//libksdk_platform.a(fsl_mcg_hal_modes.o)
 .text.CLOCK_HAL_IsPllSelected
                0x000019d8       0x24 /mnt/9A68FEAD68FE8773/ksdk/lib/ksdk_platform_lib/kds/KL25Z4/debug//libksdk_platform.a(fsl_mcg_hal_modes.o)
 .text.CLOCK_HAL_IsOsc0Stable
                0x000019fc       0x24 /mnt/9A68FEAD68FE8773/ksdk/lib/ksdk_platform_lib/kds/KL25Z4/debug//libksdk_platform.a(fsl_mcg_hal_modes.o)
 .text.CLOCK_HAL_GetMcgMode
                0x00001a20      0x148 /mnt/9A68FEAD68FE8773/ksdk/lib/ksdk_platform_lib/kds/KL25Z4/debug//libksdk_platform.a(fsl_mcg_hal_modes.o)
                0x00001a20                CLOCK_HAL_GetMcgMode
 .text.CLOCK_HAL_SetFeiMode
                0x00001b68       0xf8 /mnt/9A68FEAD68FE8773/ksdk/lib/ksdk_platform_lib/kds/KL25Z4/debug//libksdk_platform.a(fsl_mcg_hal_modes.o)
                0x00001b68                CLOCK_HAL_SetFeiMode
 .text.CLOCK_HAL_SetFeeMode
                0x00001c60      0x130 /mnt/9A68FEAD68FE8773/ksdk/lib/ksdk_platform_lib/kds/KL25Z4/debug//libksdk_platform.a(fsl_mcg_hal_modes.o)
                0x00001c60                CLOCK_HAL_SetFeeMode
 .text.CLOCK_HAL_SetFbiMode
                0x00001d90      0x144 /mnt/9A68FEAD68FE8773/ksdk/lib/ksdk_platform_lib/kds/KL25Z4/debug//libksdk_platform.a(fsl_mcg_hal_modes.o)
                0x00001d90                CLOCK_HAL_SetFbiMode
 .text.CLOCK_HAL_SetFbeMode
                0x00001ed4      0x164 /mnt/9A68FEAD68FE8773/ksdk/lib/ksdk_platform_lib/kds/KL25Z4/debug//libksdk_platform.a(fsl_mcg_hal_modes.o)
                0x00001ed4                CLOCK_HAL_SetFbeMode
 .text.CLOCK_HAL_SetBlpiMode
                0x00002038       0x68 /mnt/9A68FEAD68FE8773/ksdk/lib/ksdk_platform_lib/kds/KL25Z4/debug//libksdk_platform.a(fsl_mcg_hal_modes.o)
                0x00002038                CLOCK_HAL_SetBlpiMode
 .text.CLOCK_HAL_SetBlpeMode
                0x000020a0       0x34 /mnt/9A68FEAD68FE8773/ksdk/lib/ksdk_platform_lib/kds/KL25Z4/debug//libksdk_platform.a(fsl_mcg_hal_modes.o)
                0x000020a0                CLOCK_HAL_SetBlpeMode
 .text.CLOCK_HAL_SetPbeMode
                0x000020d4      0x100 /mnt/9A68FEAD68FE8773/ksdk/lib/ksdk_platform_lib/kds/KL25Z4/debug//libksdk_platform.a(fsl_mcg_hal_modes.o)
                0x000020d4                CLOCK_HAL_SetPbeMode
 .text.CLOCK_HAL_SetPeeMode
                0x000021d4       0x30 /mnt/9A68FEAD68FE8773/ksdk/lib/ksdk_platform_lib/kds/KL25Z4/debug//libksdk_platform.a(fsl_mcg_hal_modes.o)
                0x000021d4                CLOCK_HAL_SetPeeMode
 .text.__assert_func
                0x00002204       0x3c /opt/Freescale/KDS_3.0.0/toolchain/bin/../lib/gcc/arm-none-eabi/4.8.4/../../../../arm-none-eabi/lib/armv6-m/libg_s.a(lib_a-assert.o)
                0x00002204                __assert_func
 .text.exit     0x00002240       0x2c /opt/Freescale/KDS_3.0.0/toolchain/bin/../lib/gcc/arm-none-eabi/4.8.4/../../../../arm-none-eabi/lib/armv6-m/libg_s.a(lib_a-exit.o)
                0x00002240                exit
 .text.fprintf  0x0000226c       0x24 /opt/Freescale/KDS_3.0.0/toolchain/bin/../lib/gcc/arm-none-eabi/4.8.4/../../../../arm-none-eabi/lib/armv6-m/libg_s.a(lib_a-fprintf.o)
                0x0000226c                fprintf
                0x0000226c                fiprintf
 .text.__libc_init_array
                0x00002290       0x4c /opt/Freescale/KDS_3.0.0/toolchain/bin/../lib/gcc/arm-none-eabi/4.8.4/../../../../arm-none-eabi/lib/armv6-m/libg_s.a(lib_a-init.o)
                0x00002290                __libc_init_array
 .text.memset   0x000022dc       0x10 /opt/Freescale/KDS_3.0.0/toolchain/bin/../lib/gcc/arm-none-eabi/4.8.4/../../../../arm-none-eabi/lib/armv6-m/libg_s.a(lib_a-memset.o)
                0x000022dc                memset
 .text._free_r  0x000022ec       0x90 /opt/Freescale/KDS_3.0.0/toolchain/bin/../lib/gcc/arm-none-eabi/4.8.4/../../../../arm-none-eabi/lib/armv6-m/libg_s.a(lib_a-nano-freer.o)
                0x000022ec                _free_r
 .text._malloc_r
                0x0000237c       0xa8 /opt/Freescale/KDS_3.0.0/toolchain/bin/../lib/gcc/arm-none-eabi/4.8.4/../../../../arm-none-eabi/lib/armv6-m/libg_s.a(lib_a-nano-mallocr.o)
                0x0000237c                _malloc_r
 .text._sbrk_r  0x00002424       0x24 /opt/Freescale/KDS_3.0.0/toolchain/bin/../lib/gcc/arm-none-eabi/4.8.4/../../../../arm-none-eabi/lib/armv6-m/libg_s.a(lib_a-sbrkr.o)
                0x00002424                _sbrk_r
 .text.__sfputc_r
                0x00002448       0x2a /opt/Freescale/KDS_3.0.0/toolchain/bin/../lib/gcc/arm-none-eabi/4.8.4/../../../../arm-none-eabi/lib/armv6-m/libg_s.a(lib_a-vfprintf.o)
 .text.__sfputs_r
                0x00002472       0x24 /opt/Freescale/KDS_3.0.0/toolchain/bin/../lib/gcc/arm-none-eabi/4.8.4/../../../../arm-none-eabi/lib/armv6-m/libg_s.a(lib_a-vfprintf.o)
                0x00002472                __sfputs_r
 *fill*         0x00002496        0x2 
 .text._vfprintf_r
                0x00002498      0x210 /opt/Freescale/KDS_3.0.0/toolchain/bin/../lib/gcc/arm-none-eabi/4.8.4/../../../../arm-none-eabi/lib/armv6-m/libg_s.a(lib_a-vfprintf.o)
                0x00002498                _vfiprintf_r
                0x00002498                _vfprintf_r
 .text._printf_common
                0x000026a8       0xe8 /opt/Freescale/KDS_3.0.0/toolchain/bin/../lib/gcc/arm-none-eabi/4.8.4/../../../../arm-none-eabi/lib/armv6-m/libg_s.a(lib_a-vfprintf_i.o)
                0x000026a8                _printf_common
 .text._printf_i
                0x00002790      0x22c /opt/Freescale/KDS_3.0.0/toolchain/bin/../lib/gcc/arm-none-eabi/4.8.4/../../../../arm-none-eabi/lib/armv6-m/libg_s.a(lib_a-vfprintf_i.o)
                0x00002790                _printf_i
 .text.__swbuf_r
                0x000029bc       0xb0 /opt/Freescale/KDS_3.0.0/toolchain/bin/../lib/gcc/arm-none-eabi/4.8.4/../../../../arm-none-eabi/lib/armv6-m/libg_s.a(lib_a-wbuf.o)
                0x000029bc                __swbuf_r
 .text.__swsetup_r
                0x00002a6c       0xe4 /opt/Freescale/KDS_3.0.0/toolchain/bin/../lib/gcc/arm-none-eabi/4.8.4/../../../../arm-none-eabi/lib/armv6-m/libg_s.a(lib_a-wsetup.o)
                0x00002a6c                __swsetup_r
 .text.abort    0x00002b50        0xe /opt/Freescale/KDS_3.0.0/toolchain/bin/../lib/gcc/arm-none-eabi/4.8.4/../../../../arm-none-eabi/lib/armv6-m/libg_s.a(lib_a-abort.o)
                0x00002b50                abort
 .text.__sflush_r
                0x00002b5e      0x112 /opt/Freescale/KDS_3.0.0/toolchain/bin/../lib/gcc/arm-none-eabi/4.8.4/../../../../arm-none-eabi/lib/armv6-m/libg_s.a(lib_a-fflush.o)
                0x00002b5e                __sflush_r
 .text._fflush_r
                0x00002c70       0x58 /opt/Freescale/KDS_3.0.0/toolchain/bin/../lib/gcc/arm-none-eabi/4.8.4/../../../../arm-none-eabi/lib/armv6-m/libg_s.a(lib_a-fflush.o)
                0x00002c70                _fflush_r
 .text._cleanup_r
                0x00002cc8       0x34 /opt/Freescale/KDS_3.0.0/toolchain/bin/../lib/gcc/arm-none-eabi/4.8.4/../../../../arm-none-eabi/lib/armv6-m/libg_s.a(lib_a-findfp.o)
                0x00002cc8                _cleanup_r
 .text.std.isra.0
                0x00002cfc       0x48 /opt/Freescale/KDS_3.0.0/toolchain/bin/../lib/gcc/arm-none-eabi/4.8.4/../../../../arm-none-eabi/lib/armv6-m/libg_s.a(lib_a-findfp.o)
 .text.__sfmoreglue
                0x00002d44       0x2c /opt/Freescale/KDS_3.0.0/toolchain/bin/../lib/gcc/arm-none-eabi/4.8.4/../../../../arm-none-eabi/lib/armv6-m/libg_s.a(lib_a-findfp.o)
                0x00002d44                __sfmoreglue
 .text.__sinit  0x00002d70       0x64 /opt/Freescale/KDS_3.0.0/toolchain/bin/../lib/gcc/arm-none-eabi/4.8.4/../../../../arm-none-eabi/lib/armv6-m/libg_s.a(lib_a-findfp.o)
                0x00002d70                __sinit
 .text.__sfp    0x00002dd4       0x7c /opt/Freescale/KDS_3.0.0/toolchain/bin/../lib/gcc/arm-none-eabi/4.8.4/../../../../arm-none-eabi/lib/armv6-m/libg_s.a(lib_a-findfp.o)
                0x00002dd4                __sfp
 .text.__smakebuf_r
                0x00002e50       0xa0 /opt/Freescale/KDS_3.0.0/toolchain/bin/../lib/gcc/arm-none-eabi/4.8.4/../../../../arm-none-eabi/lib/armv6-m/libg_s.a(lib_a-makebuf.o)
                0x00002e50                __smakebuf_r
 .text.memchr   0x00002ef0       0x16 /opt/Freescale/KDS_3.0.0/toolchain/bin/../lib/gcc/arm-none-eabi/4.8.4/../../../../arm-none-eabi/lib/armv6-m/libg_s.a(lib_a-memchr-stub.o)
                0x00002ef0                memchr
 .text._raise_r
                0x00002f06       0x56 /opt/Freescale/KDS_3.0.0/toolchain/bin/../lib/gcc/arm-none-eabi/4.8.4/../../../../arm-none-eabi/lib/armv6-m/libg_s.a(lib_a-signal.o)
                0x00002f06                _raise_r
 .text.raise    0x00002f5c       0x14 /opt/Freescale/KDS_3.0.0/toolchain/bin/../lib/gcc/arm-none-eabi/4.8.4/../../../../arm-none-eabi/lib/armv6-m/libg_s.a(lib_a-signal.o)
                0x00002f5c                raise
 .text._kill_r  0x00002f70       0x24 /opt/Freescale/KDS_3.0.0/toolchain/bin/../lib/gcc/arm-none-eabi/4.8.4/../../../../arm-none-eabi/lib/armv6-m/libg_s.a(lib_a-signalr.o)
                0x00002f70                _kill_r
 .text._getpid_r
                0x00002f94        0x8 /opt/Freescale/KDS_3.0.0/toolchain/bin/../lib/gcc/arm-none-eabi/4.8.4/../../../../arm-none-eabi/lib/armv6-m/libg_s.a(lib_a-signalr.o)
                0x00002f94                _getpid_r
 .text.__sread  0x00002f9c       0x28 /opt/Freescale/KDS_3.0.0/toolchain/bin/../lib/gcc/arm-none-eabi/4.8.4/../../../../arm-none-eabi/lib/armv6-m/libg_s.a(lib_a-stdio.o)
                0x00002f9c                __sread
 .text.__swrite
                0x00002fc4       0x38 /opt/Freescale/KDS_3.0.0/toolchain/bin/../lib/gcc/arm-none-eabi/4.8.4/../../../../arm-none-eabi/lib/armv6-m/libg_s.a(lib_a-stdio.o)
                0x00002fc4                __swrite
 .text.__sseek  0x00002ffc       0x2c /opt/Freescale/KDS_3.0.0/toolchain/bin/../lib/gcc/arm-none-eabi/4.8.4/../../../../arm-none-eabi/lib/armv6-m/libg_s.a(lib_a-stdio.o)
                0x00002ffc                __sseek
 .text.__sclose
                0x00003028        0xc /opt/Freescale/KDS_3.0.0/toolchain/bin/../lib/gcc/arm-none-eabi/4.8.4/../../../../arm-none-eabi/lib/armv6-m/libg_s.a(lib_a-stdio.o)
                0x00003028                __sclose
 .text.strlen   0x00003034        0xe /opt/Freescale/KDS_3.0.0/toolchain/bin/../lib/gcc/arm-none-eabi/4.8.4/../../../../arm-none-eabi/lib/armv6-m/libg_s.a(lib_a-strlen.o)
                0x00003034                strlen
 *fill*         0x00003042        0x2 
 .text._write_r
                0x00003044       0x28 /opt/Freescale/KDS_3.0.0/toolchain/bin/../lib/gcc/arm-none-eabi/4.8.4/../../../../arm-none-eabi/lib/armv6-m/libg_s.a(lib_a-writer.o)
                0x00003044                _write_r
 .text._close_r
                0x0000306c       0x24 /opt/Freescale/KDS_3.0.0/toolchain/bin/../lib/gcc/arm-none-eabi/4.8.4/../../../../arm-none-eabi/lib/armv6-m/libg_s.a(lib_a-closer.o)
                0x0000306c                _close_r
 .text._fstat_r
                0x00003090       0x24 /opt/Freescale/KDS_3.0.0/toolchain/bin/../lib/gcc/arm-none-eabi/4.8.4/../../../../arm-none-eabi/lib/armv6-m/libg_s.a(lib_a-fstatr.o)
                0x00003090                _fstat_r
 .text._isatty_r
                0x000030b4       0x24 /opt/Freescale/KDS_3.0.0/toolchain/bin/../lib/gcc/arm-none-eabi/4.8.4/../../../../arm-none-eabi/lib/armv6-m/libg_s.a(lib_a-isattyr.o)
                0x000030b4                _isatty_r
 .text._lseek_r
                0x000030d8       0x28 /opt/Freescale/KDS_3.0.0/toolchain/bin/../lib/gcc/arm-none-eabi/4.8.4/../../../../arm-none-eabi/lib/armv6-m/libg_s.a(lib_a-lseekr.o)
                0x000030d8                _lseek_r
 .text._read_r  0x00003100       0x28 /opt/Freescale/KDS_3.0.0/toolchain/bin/../lib/gcc/arm-none-eabi/4.8.4/../../../../arm-none-eabi/lib/armv6-m/libg_s.a(lib_a-readr.o)
                0x00003100                _read_r
 .text._close   0x00003128       0x10 /opt/Freescale/KDS_3.0.0/toolchain/bin/../lib/gcc/arm-none-eabi/4.8.4/../../../../arm-none-eabi/lib/armv6-m/libnosys.a(close.o)
                0x00003128                _close
 .text._fstat   0x00003138       0x10 /opt/Freescale/KDS_3.0.0/toolchain/bin/../lib/gcc/arm-none-eabi/4.8.4/../../../../arm-none-eabi/lib/armv6-m/libnosys.a(fstat.o)
                0x00003138                _fstat
 .text._getpid  0x00003148       0x10 /opt/Freescale/KDS_3.0.0/toolchain/bin/../lib/gcc/arm-none-eabi/4.8.4/../../../../arm-none-eabi/lib/armv6-m/libnosys.a(getpid.o)
                0x00003148                _getpid
 .text._isatty  0x00003158       0x10 /opt/Freescale/KDS_3.0.0/toolchain/bin/../lib/gcc/arm-none-eabi/4.8.4/../../../../arm-none-eabi/lib/armv6-m/libnosys.a(isatty.o)
                0x00003158                _isatty
 .text._kill    0x00003168       0x10 /opt/Freescale/KDS_3.0.0/toolchain/bin/../lib/gcc/arm-none-eabi/4.8.4/../../../../arm-none-eabi/lib/armv6-m/libnosys.a(kill.o)
                0x00003168                _kill
 .text._lseek   0x00003178       0x10 /opt/Freescale/KDS_3.0.0/toolchain/bin/../lib/gcc/arm-none-eabi/4.8.4/../../../../arm-none-eabi/lib/armv6-m/libnosys.a(lseek.o)
                0x00003178                _lseek
 .text._read    0x00003188       0x10 /opt/Freescale/KDS_3.0.0/toolchain/bin/../lib/gcc/arm-none-eabi/4.8.4/../../../../arm-none-eabi/lib/armv6-m/libnosys.a(read.o)
                0x00003188                _read
 .text._sbrk    0x00003198       0x34 /opt/Freescale/KDS_3.0.0/toolchain/bin/../lib/gcc/arm-none-eabi/4.8.4/../../../../arm-none-eabi/lib/armv6-m/libnosys.a(sbrk.o)
                0x00003198                _sbrk
 .text._write   0x000031cc       0x10 /opt/Freescale/KDS_3.0.0/toolchain/bin/../lib/gcc/arm-none-eabi/4.8.4/../../../../arm-none-eabi/lib/armv6-m/libnosys.a(write.o)
                0x000031cc                _write
 .text._exit    0x000031dc        0x4 /opt/Freescale/KDS_3.0.0/toolchain/bin/../lib/gcc/arm-none-eabi/4.8.4/../../../../arm-none-eabi/lib/armv6-m/libnosys.a(_exit.o)
                0x000031dc                _exit
 *(.rodata)
 .rodata        0x000031e0       0x48 ./Sources/Mcg/mcg_hal.o
 .rodata        0x00003228      0x230 /mnt/9A68FEAD68FE8773/ksdk/lib/ksdk_platform_lib/kds/KL25Z4/debug//libksdk_platform.a(fsl_clock_MKL25Z4.o)
 .rodata        0x00003458       0xd0 /mnt/9A68FEAD68FE8773/ksdk/lib/ksdk_platform_lib/kds/KL25Z4/debug//libksdk_platform.a(fsl_clock_manager.o)
 *(.rodata*)
 .rodata.g_defaultClockConfigRun
                0x00003528       0x14 ./Sources/Mcg/mcg_hal.o
                0x00003528                g_defaultClockConfigRun
 .rodata.__func__.5200
                0x0000353c       0x14 ./Sources/Mcg/mcg_hal.o
 .rodata.portGateTable
                0x00003550        0x8 /mnt/9A68FEAD68FE8773/ksdk/lib/ksdk_platform_lib/kds/KL25Z4/debug//libksdk_platform.a(fsl_clock_MKL25Z4.o)
 .rodata.__func__.6320
                0x00003558       0x1c /mnt/9A68FEAD68FE8773/ksdk/lib/ksdk_platform_lib/kds/KL25Z4/debug//libksdk_platform.a(fsl_clock_MKL25Z4.o)
 .rodata.__func__.6456
                0x00003574       0x1c /mnt/9A68FEAD68FE8773/ksdk/lib/ksdk_platform_lib/kds/KL25Z4/debug//libksdk_platform.a(fsl_clock_MKL25Z4.o)
 .rodata.mcgModeMatrix
                0x00003590       0x40 /mnt/9A68FEAD68FE8773/ksdk/lib/ksdk_platform_lib/kds/KL25Z4/debug//libksdk_platform.a(fsl_clock_manager.o)
 .rodata.CLOCK_SYS_SetMcgMode
                0x000035d0       0x20 /mnt/9A68FEAD68FE8773/ksdk/lib/ksdk_platform_lib/kds/KL25Z4/debug//libksdk_platform.a(fsl_clock_manager.o)
 .rodata.__func__.6581
                0x000035f0       0x18 /mnt/9A68FEAD68FE8773/ksdk/lib/ksdk_platform_lib/kds/KL25Z4/debug//libksdk_platform.a(fsl_clock_manager.o)
 .rodata.__func__.6614
                0x00003608       0x14 /mnt/9A68FEAD68FE8773/ksdk/lib/ksdk_platform_lib/kds/KL25Z4/debug//libksdk_platform.a(fsl_clock_manager.o)
 .rodata.__func__.6631
                0x0000361c       0x18 /mnt/9A68FEAD68FE8773/ksdk/lib/ksdk_platform_lib/kds/KL25Z4/debug//libksdk_platform.a(fsl_clock_manager.o)
 .rodata.g_oscBase
                0x00003634        0x4 /mnt/9A68FEAD68FE8773/ksdk/lib/ksdk_platform_lib/kds/KL25Z4/debug//libksdk_platform.a(fsl_clock_manager_common.o)
                0x00003634                g_oscBase
 .rodata.fllFactorTable.5209
                0x00003638       0x10 /mnt/9A68FEAD68FE8773/ksdk/lib/ksdk_platform_lib/kds/KL25Z4/debug//libksdk_platform.a(fsl_mcg_hal.o)
 .rodata.str1.1
                0x00003648       0x3c /opt/Freescale/KDS_3.0.0/toolchain/bin/../lib/gcc/arm-none-eabi/4.8.4/../../../../arm-none-eabi/lib/armv6-m/libg_s.a(lib_a-assert.o)
                                 0x3d (size before relaxing)
 .rodata.str1.1
                0x00003684        0x2 /opt/Freescale/KDS_3.0.0/toolchain/bin/../lib/gcc/arm-none-eabi/4.8.4/../../../../arm-none-eabi/lib/armv6-m/libg_s.a(lib_a-impure.o)
 *fill*         0x00003686        0x2 
 .rodata._global_impure_ptr
                0x00003688        0x4 /opt/Freescale/KDS_3.0.0/toolchain/bin/../lib/gcc/arm-none-eabi/4.8.4/../../../../arm-none-eabi/lib/armv6-m/libg_s.a(lib_a-impure.o)
                0x00003688                _global_impure_ptr
 .rodata.str1.1
                0x0000368c       0x11 /opt/Freescale/KDS_3.0.0/toolchain/bin/../lib/gcc/arm-none-eabi/4.8.4/../../../../arm-none-eabi/lib/armv6-m/libg_s.a(lib_a-vfprintf.o)
 .rodata.str1.1
                0x0000369d       0x22 /opt/Freescale/KDS_3.0.0/toolchain/bin/../lib/gcc/arm-none-eabi/4.8.4/../../../../arm-none-eabi/lib/armv6-m/libg_s.a(lib_a-vfprintf_i.o)
 *fill*         0x000036bf        0x1 
 .rodata.__sf_fake_stdin
                0x000036c0       0x20 /opt/Freescale/KDS_3.0.0/toolchain/bin/../lib/gcc/arm-none-eabi/4.8.4/../../../../arm-none-eabi/lib/armv6-m/libg_s.a(lib_a-findfp.o)
                0x000036c0                __sf_fake_stdin
 .rodata.__sf_fake_stdout
                0x000036e0       0x20 /opt/Freescale/KDS_3.0.0/toolchain/bin/../lib/gcc/arm-none-eabi/4.8.4/../../../../arm-none-eabi/lib/armv6-m/libg_s.a(lib_a-findfp.o)
                0x000036e0                __sf_fake_stdout
 .rodata.__sf_fake_stderr
                0x00003700       0x20 /opt/Freescale/KDS_3.0.0/toolchain/bin/../lib/gcc/arm-none-eabi/4.8.4/../../../../arm-none-eabi/lib/armv6-m/libg_s.a(lib_a-findfp.o)
                0x00003700                __sf_fake_stderr
 *(.glue_7)
 .glue_7        0x00000000        0x0 linker stubs
 *(.glue_7t)
 .glue_7t       0x00000000        0x0 linker stubs
 *(.eh_frame)
 .eh_frame      0x00003720        0x0 /opt/Freescale/KDS_3.0.0/toolchain/bin/../lib/gcc/arm-none-eabi/4.8.4/armv6-m/crtbegin.o
 *(.init)
 .init          0x00003720        0x4 /opt/Freescale/KDS_3.0.0/toolchain/bin/../lib/gcc/arm-none-eabi/4.8.4/armv6-m/crti.o
                0x00003720                _init
 .init          0x00003724        0x8 /opt/Freescale/KDS_3.0.0/toolchain/bin/../lib/gcc/arm-none-eabi/4.8.4/armv6-m/crtn.o
 *(.fini)
 .fini          0x0000372c        0x4 /opt/Freescale/KDS_3.0.0/toolchain/bin/../lib/gcc/arm-none-eabi/4.8.4/armv6-m/crti.o
                0x0000372c                _fini
 .fini          0x00003730        0x8 /opt/Freescale/KDS_3.0.0/toolchain/bin/../lib/gcc/arm-none-eabi/4.8.4/armv6-m/crtn.o
                0x00003738                . = ALIGN (0x4)

.vfp11_veneer   0x00003738        0x0
 .vfp11_veneer  0x00000000        0x0 linker stubs

.v4_bx          0x00003738        0x0
 .v4_bx         0x00000000        0x0 linker stubs

.iplt           0x00003738        0x0
 .iplt          0x00000000        0x0 /opt/Freescale/KDS_3.0.0/toolchain/bin/../lib/gcc/arm-none-eabi/4.8.4/armv6-m/crtbegin.o

.ARM.extab
 *(.ARM.extab* .gnu.linkonce.armextab.*)

.ARM            0x00003738        0x8
                0x00003738                __exidx_start = .
 *(.ARM.exidx*)
 .ARM.exidx     0x00003738        0x8 /opt/Freescale/KDS_3.0.0/toolchain/bin/../lib/gcc/arm-none-eabi/4.8.4/../../../../arm-none-eabi/lib/armv6-m/crt0.o
                0x00003740                __exidx_end = .

.rel.dyn        0x00003740        0x0
 .rel.iplt      0x00000000        0x0 /opt/Freescale/KDS_3.0.0/toolchain/bin/../lib/gcc/arm-none-eabi/4.8.4/armv6-m/crtbegin.o

.ctors          0x00003740        0x0
                0x00003740                __CTOR_LIST__ = .
 *crtbegin.o(.ctors)
 *crtbegin?.o(.ctors)
 *(EXCLUDE_FILE(*crtend.o *crtend?.o) .ctors)
 *(SORT(.ctors.*))
 *(.ctors)
                0x00003740                __CTOR_END__ = .

.dtors          0x00003740        0x0
                0x00003740                __DTOR_LIST__ = .
 *crtbegin.o(.dtors)
 *crtbegin?.o(.dtors)
 *(EXCLUDE_FILE(*crtend.o *crtend?.o) .dtors)
 *(SORT(.dtors.*))
 *(.dtors)
                0x00003740                __DTOR_END__ = .

.preinit_array  0x00003740        0x0
                0x00003740                PROVIDE (__preinit_array_start, .)
 *(.preinit_array*)
                0x00003740                PROVIDE (__preinit_array_end, .)

.init_array     0x00003740        0x4
                0x00003740                PROVIDE (__init_array_start, .)
 *(SORT(.init_array.*))
 *(.init_array*)
 .init_array    0x00003740        0x4 /opt/Freescale/KDS_3.0.0/toolchain/bin/../lib/gcc/arm-none-eabi/4.8.4/armv6-m/crtbegin.o
                0x00003744                PROVIDE (__init_array_end, .)

.fini_array     0x00003744        0x4
                0x00003744                PROVIDE (__fini_array_start, .)
 *(SORT(.fini_array.*))
 *(.fini_array*)
 .fini_array    0x00003744        0x4 /opt/Freescale/KDS_3.0.0/toolchain/bin/../lib/gcc/arm-none-eabi/4.8.4/armv6-m/crtbegin.o
                0x00003748                PROVIDE (__fini_array_end, .)
                0x00003748                __etext = .
                0x00003748                __DATA_ROM = .

.mtb            0x1ffff000        0x0
                0x1ffff000                . = ALIGN (0x8)
                0x1ffff000                _mtb_start = .
 *(.mtb_buf)
                0x1ffff000                . = ALIGN (0x8)
                0x1ffff000                _mtb_end = .

.interrupts_ram
                0x1ffff000        0x0
                0x1ffff000                . = ALIGN (0x4)
                0x1ffff000                __VECTOR_RAM__ = .
                0x1ffff000                __interrupts_ram_start__ = .
 *(.m_interrupts_ram)
                0x1ffff000                . = (. + M_VECTOR_RAM_SIZE)
                0x1ffff000                . = ALIGN (0x4)
                0x1ffff000                __interrupts_ram_end__ = .
                0x00000000                __VECTOR_RAM = DEFINED (__ram_vector_table__)?__VECTOR_RAM__:ORIGIN (m_interrupts)
                0x00000000                __RAM_VECTOR_TABLE_SIZE_BYTES = DEFINED (__ram_vector_table__)?(__interrupts_ram_end__ - __interrupts_ram_start__):0x0

.data           0x1ffff000       0x74 load address 0x00003748
                0x1ffff000                . = ALIGN (0x4)
                0x1ffff000                __DATA_RAM = .
                0x1ffff000                __data_start__ = .
 *(.data)
 *(.data*)
 .data.SystemCoreClock
                0x1ffff000        0x4 ./Project_Settings/Startup_Code/system_MKL25Z4.o
                0x1ffff000                SystemCoreClock
 .data.g_fastInternalRefClkFreq
                0x1ffff004        0x4 /mnt/9A68FEAD68FE8773/ksdk/lib/ksdk_platform_lib/kds/KL25Z4/debug//libksdk_platform.a(fsl_mcg_hal.o)
                0x1ffff004                g_fastInternalRefClkFreq
 .data.g_slowInternalRefClkFreq
                0x1ffff008        0x4 /mnt/9A68FEAD68FE8773/ksdk/lib/ksdk_platform_lib/kds/KL25Z4/debug//libksdk_platform.a(fsl_mcg_hal.o)
                0x1ffff008                g_slowInternalRefClkFreq
 .data.impure_data
                0x1ffff00c       0x60 /opt/Freescale/KDS_3.0.0/toolchain/bin/../lib/gcc/arm-none-eabi/4.8.4/../../../../arm-none-eabi/lib/armv6-m/libg_s.a(lib_a-impure.o)
 .data._impure_ptr
                0x1ffff06c        0x4 /opt/Freescale/KDS_3.0.0/toolchain/bin/../lib/gcc/arm-none-eabi/4.8.4/../../../../arm-none-eabi/lib/armv6-m/libg_s.a(lib_a-impure.o)
                0x1ffff06c                _impure_ptr
 *(.jcr*)
 .jcr           0x1ffff070        0x0 /opt/Freescale/KDS_3.0.0/toolchain/bin/../lib/gcc/arm-none-eabi/4.8.4/armv6-m/crtbegin.o
 .jcr           0x1ffff070        0x4 /opt/Freescale/KDS_3.0.0/toolchain/bin/../lib/gcc/arm-none-eabi/4.8.4/armv6-m/crtend.o
                0x1ffff074                . = ALIGN (0x4)
                0x1ffff074                __data_end__ = .
                0x000037bc                __DATA_END = (__DATA_ROM + (__data_end__ - __data_start__))
                0x00020000                text_end = (ORIGIN (m_text) + 0x1fbf0)
                0x00000001                ASSERT ((__DATA_END <= text_end), region m_text overflowed with text and data)

.igot.plt       0x1ffff074        0x0 load address 0x000037bc
 .igot.plt      0x00000000        0x0 /opt/Freescale/KDS_3.0.0/toolchain/bin/../lib/gcc/arm-none-eabi/4.8.4/armv6-m/crtbegin.o

.bss            0x1ffff074       0x34 load address 0x000037bc
                0x1ffff074                . = ALIGN (0x4)
                0x1ffff074                __START_BSS = .
                0x1ffff074                __bss_start__ = .
 *(.bss)
 .bss           0x1ffff074       0x1c /opt/Freescale/KDS_3.0.0/toolchain/bin/../lib/gcc/arm-none-eabi/4.8.4/armv6-m/crtbegin.o
 *(.bss*)
 .bss.g_xtal0ClkFreq
                0x1ffff090        0x4 /mnt/9A68FEAD68FE8773/ksdk/lib/ksdk_platform_lib/kds/KL25Z4/debug//libksdk_platform.a(fsl_mcg_hal.o)
                0x1ffff090                g_xtal0ClkFreq
 .bss.g_xtalRtcClkFreq
                0x1ffff094        0x4 /mnt/9A68FEAD68FE8773/ksdk/lib/ksdk_platform_lib/kds/KL25Z4/debug//libksdk_platform.a(fsl_mcg_hal.o)
                0x1ffff094                g_xtalRtcClkFreq
 .bss.__malloc_sbrk_start
                0x1ffff098        0x4 /opt/Freescale/KDS_3.0.0/toolchain/bin/../lib/gcc/arm-none-eabi/4.8.4/../../../../arm-none-eabi/lib/armv6-m/libg_s.a(lib_a-nano-mallocr.o)
                0x1ffff098                __malloc_sbrk_start
 .bss.__malloc_free_list
                0x1ffff09c        0x4 /opt/Freescale/KDS_3.0.0/toolchain/bin/../lib/gcc/arm-none-eabi/4.8.4/../../../../arm-none-eabi/lib/armv6-m/libg_s.a(lib_a-nano-mallocr.o)
                0x1ffff09c                __malloc_free_list
 .bss.heap_end.4246
                0x1ffff0a0        0x4 /opt/Freescale/KDS_3.0.0/toolchain/bin/../lib/gcc/arm-none-eabi/4.8.4/../../../../arm-none-eabi/lib/armv6-m/libnosys.a(sbrk.o)
 *(COMMON)
 COMMON         0x1ffff0a4        0x4 /opt/Freescale/KDS_3.0.0/toolchain/bin/../lib/gcc/arm-none-eabi/4.8.4/../../../../arm-none-eabi/lib/armv6-m/libg_s.a(lib_a-reent.o)
                0x1ffff0a4                errno
                0x1ffff0a8                . = ALIGN (0x4)
                0x1ffff0a8                __bss_end__ = .
                0x1ffff0a8                __END_BSS = .

.heap           0x1ffff0a8      0x400 load address 0x000037f0
                0x1ffff0a8                . = ALIGN (0x8)
                0x1ffff0a8                __end__ = .
                0x1ffff0a8                PROVIDE (end, .)
                0x1ffff0a8                __HeapBase = .
                0x1ffff4a8                . = (. + HEAP_SIZE)
 *fill*         0x1ffff0a8      0x400 
                0x1ffff4a8                __HeapLimit = .

.stack          0x1ffff4a8      0x400 load address 0x00003bf0
                0x1ffff4a8                . = ALIGN (0x8)
                0x1ffff8a8                . = (. + STACK_SIZE)
 *fill*         0x1ffff4a8      0x400 
                0x20003000                __StackTop = (ORIGIN (m_data) + 0x4000)
                0x20002c00                __StackLimit = (__StackTop - STACK_SIZE)
                0x20003000                PROVIDE (__stack, __StackTop)

.ARM.attributes
                0x00000000       0x28
 *(.ARM.attributes)
 .ARM.attributes
                0x00000000       0x1e /opt/Freescale/KDS_3.0.0/toolchain/bin/../lib/gcc/arm-none-eabi/4.8.4/armv6-m/crti.o
 .ARM.attributes
                0x0000001e       0x2c /opt/Freescale/KDS_3.0.0/toolchain/bin/../lib/gcc/arm-none-eabi/4.8.4/armv6-m/crtbegin.o
 .ARM.attributes
                0x0000004a       0x1b /opt/Freescale/KDS_3.0.0/toolchain/bin/../lib/gcc/arm-none-eabi/4.8.4/../../../../arm-none-eabi/lib/armv6-m/crt0.o
 .ARM.attributes
                0x00000065       0x32 ./Sources/Util/util.o
 .ARM.attributes
                0x00000097       0x32 ./Sources/Mcg/mcg_hal.o
 .ARM.attributes
                0x000000c9       0x32 ./Sources/Main/es670.o
 .ARM.attributes
                0x000000fb       0x32 ./Sources/Buzzer/buzzer_hal.o
 .ARM.attributes
                0x0000012d       0x32 ./Project_Settings/Startup_Code/startup.o
 .ARM.attributes
                0x0000015f       0x1b ./Project_Settings/Startup_Code/startup_MKL25Z4.o
 .ARM.attributes
                0x0000017a       0x32 ./Project_Settings/Startup_Code/system_MKL25Z4.o
 .ARM.attributes
                0x000001ac       0x32 /mnt/9A68FEAD68FE8773/ksdk/lib/ksdk_platform_lib/kds/KL25Z4/debug//libksdk_platform.a(fsl_clock_MKL25Z4.o)
 .ARM.attributes
                0x000001de       0x32 /mnt/9A68FEAD68FE8773/ksdk/lib/ksdk_platform_lib/kds/KL25Z4/debug//libksdk_platform.a(fsl_clock_manager.o)
 .ARM.attributes
                0x00000210       0x32 /mnt/9A68FEAD68FE8773/ksdk/lib/ksdk_platform_lib/kds/KL25Z4/debug//libksdk_platform.a(fsl_clock_manager_common.o)
 .ARM.attributes
                0x00000242       0x32 /mnt/9A68FEAD68FE8773/ksdk/lib/ksdk_platform_lib/kds/KL25Z4/debug//libksdk_platform.a(fsl_sim_hal_MKL25Z4.o)
 .ARM.attributes
                0x00000274       0x32 /mnt/9A68FEAD68FE8773/ksdk/lib/ksdk_platform_lib/kds/KL25Z4/debug//libksdk_platform.a(fsl_osc_hal.o)
 .ARM.attributes
                0x000002a6       0x32 /mnt/9A68FEAD68FE8773/ksdk/lib/ksdk_platform_lib/kds/KL25Z4/debug//libksdk_platform.a(fsl_mcg_hal.o)
 .ARM.attributes
                0x000002d8       0x32 /mnt/9A68FEAD68FE8773/ksdk/lib/ksdk_platform_lib/kds/KL25Z4/debug//libksdk_platform.a(fsl_mcg_hal_modes.o)
 .ARM.attributes
                0x0000030a       0x1e /opt/Freescale/KDS_3.0.0/toolchain/bin/../lib/gcc/arm-none-eabi/4.8.4/armv6-m/libgcc.a(_udivsi3.o)
 .ARM.attributes
                0x00000328       0x1e /opt/Freescale/KDS_3.0.0/toolchain/bin/../lib/gcc/arm-none-eabi/4.8.4/armv6-m/libgcc.a(_dvmd_tls.o)
 .ARM.attributes
                0x00000346       0x2c /opt/Freescale/KDS_3.0.0/toolchain/bin/../lib/gcc/arm-none-eabi/4.8.4/../../../../arm-none-eabi/lib/armv6-m/libg_s.a(lib_a-assert.o)
 .ARM.attributes
                0x00000372       0x2c /opt/Freescale/KDS_3.0.0/toolchain/bin/../lib/gcc/arm-none-eabi/4.8.4/../../../../arm-none-eabi/lib/armv6-m/libg_s.a(lib_a-exit.o)
 .ARM.attributes
                0x0000039e       0x2c /opt/Freescale/KDS_3.0.0/toolchain/bin/../lib/gcc/arm-none-eabi/4.8.4/../../../../arm-none-eabi/lib/armv6-m/libg_s.a(lib_a-fprintf.o)
 .ARM.attributes
                0x000003ca       0x2c /opt/Freescale/KDS_3.0.0/toolchain/bin/../lib/gcc/arm-none-eabi/4.8.4/../../../../arm-none-eabi/lib/armv6-m/libg_s.a(lib_a-impure.o)
 .ARM.attributes
                0x000003f6       0x2c /opt/Freescale/KDS_3.0.0/toolchain/bin/../lib/gcc/arm-none-eabi/4.8.4/../../../../arm-none-eabi/lib/armv6-m/libg_s.a(lib_a-init.o)
 .ARM.attributes
                0x00000422       0x2c /opt/Freescale/KDS_3.0.0/toolchain/bin/../lib/gcc/arm-none-eabi/4.8.4/../../../../arm-none-eabi/lib/armv6-m/libg_s.a(lib_a-memset.o)
 .ARM.attributes
                0x0000044e       0x2c /opt/Freescale/KDS_3.0.0/toolchain/bin/../lib/gcc/arm-none-eabi/4.8.4/../../../../arm-none-eabi/lib/armv6-m/libg_s.a(lib_a-nano-freer.o)
 .ARM.attributes
                0x0000047a       0x2c /opt/Freescale/KDS_3.0.0/toolchain/bin/../lib/gcc/arm-none-eabi/4.8.4/../../../../arm-none-eabi/lib/armv6-m/libg_s.a(lib_a-nano-mallocr.o)
 .ARM.attributes
                0x000004a6       0x2c /opt/Freescale/KDS_3.0.0/toolchain/bin/../lib/gcc/arm-none-eabi/4.8.4/../../../../arm-none-eabi/lib/armv6-m/libg_s.a(lib_a-sbrkr.o)
 .ARM.attributes
                0x000004d2       0x2c /opt/Freescale/KDS_3.0.0/toolchain/bin/../lib/gcc/arm-none-eabi/4.8.4/../../../../arm-none-eabi/lib/armv6-m/libg_s.a(lib_a-vfprintf.o)
 .ARM.attributes
                0x000004fe       0x2c /opt/Freescale/KDS_3.0.0/toolchain/bin/../lib/gcc/arm-none-eabi/4.8.4/../../../../arm-none-eabi/lib/armv6-m/libg_s.a(lib_a-vfprintf_i.o)
 .ARM.attributes
                0x0000052a       0x2c /opt/Freescale/KDS_3.0.0/toolchain/bin/../lib/gcc/arm-none-eabi/4.8.4/../../../../arm-none-eabi/lib/armv6-m/libg_s.a(lib_a-wbuf.o)
 .ARM.attributes
                0x00000556       0x2c /opt/Freescale/KDS_3.0.0/toolchain/bin/../lib/gcc/arm-none-eabi/4.8.4/../../../../arm-none-eabi/lib/armv6-m/libg_s.a(lib_a-wsetup.o)
 .ARM.attributes
                0x00000582       0x2c /opt/Freescale/KDS_3.0.0/toolchain/bin/../lib/gcc/arm-none-eabi/4.8.4/../../../../arm-none-eabi/lib/armv6-m/libg_s.a(lib_a-abort.o)
 .ARM.attributes
                0x000005ae       0x2c /opt/Freescale/KDS_3.0.0/toolchain/bin/../lib/gcc/arm-none-eabi/4.8.4/../../../../arm-none-eabi/lib/armv6-m/libg_s.a(lib_a-fflush.o)
 .ARM.attributes
                0x000005da       0x2c /opt/Freescale/KDS_3.0.0/toolchain/bin/../lib/gcc/arm-none-eabi/4.8.4/../../../../arm-none-eabi/lib/armv6-m/libg_s.a(lib_a-findfp.o)
 .ARM.attributes
                0x00000606       0x2c /opt/Freescale/KDS_3.0.0/toolchain/bin/../lib/gcc/arm-none-eabi/4.8.4/../../../../arm-none-eabi/lib/armv6-m/libg_s.a(lib_a-makebuf.o)
 .ARM.attributes
                0x00000632       0x2c /opt/Freescale/KDS_3.0.0/toolchain/bin/../lib/gcc/arm-none-eabi/4.8.4/../../../../arm-none-eabi/lib/armv6-m/libg_s.a(lib_a-memchr-stub.o)
 .ARM.attributes
                0x0000065e       0x2c /opt/Freescale/KDS_3.0.0/toolchain/bin/../lib/gcc/arm-none-eabi/4.8.4/../../../../arm-none-eabi/lib/armv6-m/libg_s.a(lib_a-reent.o)
 .ARM.attributes
                0x0000068a       0x2c /opt/Freescale/KDS_3.0.0/toolchain/bin/../lib/gcc/arm-none-eabi/4.8.4/../../../../arm-none-eabi/lib/armv6-m/libg_s.a(lib_a-signal.o)
 .ARM.attributes
                0x000006b6       0x2c /opt/Freescale/KDS_3.0.0/toolchain/bin/../lib/gcc/arm-none-eabi/4.8.4/../../../../arm-none-eabi/lib/armv6-m/libg_s.a(lib_a-signalr.o)
 .ARM.attributes
                0x000006e2       0x2c /opt/Freescale/KDS_3.0.0/toolchain/bin/../lib/gcc/arm-none-eabi/4.8.4/../../../../arm-none-eabi/lib/armv6-m/libg_s.a(lib_a-stdio.o)
 .ARM.attributes
                0x0000070e       0x2c /opt/Freescale/KDS_3.0.0/toolchain/bin/../lib/gcc/arm-none-eabi/4.8.4/../../../../arm-none-eabi/lib/armv6-m/libg_s.a(lib_a-strlen.o)
 .ARM.attributes
                0x0000073a       0x2c /opt/Freescale/KDS_3.0.0/toolchain/bin/../lib/gcc/arm-none-eabi/4.8.4/../../../../arm-none-eabi/lib/armv6-m/libg_s.a(lib_a-writer.o)
 .ARM.attributes
                0x00000766       0x2c /opt/Freescale/KDS_3.0.0/toolchain/bin/../lib/gcc/arm-none-eabi/4.8.4/../../../../arm-none-eabi/lib/armv6-m/libg_s.a(lib_a-closer.o)
 .ARM.attributes
                0x00000792       0x2c /opt/Freescale/KDS_3.0.0/toolchain/bin/../lib/gcc/arm-none-eabi/4.8.4/../../../../arm-none-eabi/lib/armv6-m/libg_s.a(lib_a-fstatr.o)
 .ARM.attributes
                0x000007be       0x2c /opt/Freescale/KDS_3.0.0/toolchain/bin/../lib/gcc/arm-none-eabi/4.8.4/../../../../arm-none-eabi/lib/armv6-m/libg_s.a(lib_a-isattyr.o)
 .ARM.attributes
                0x000007ea       0x2c /opt/Freescale/KDS_3.0.0/toolchain/bin/../lib/gcc/arm-none-eabi/4.8.4/../../../../arm-none-eabi/lib/armv6-m/libg_s.a(lib_a-lseekr.o)
 .ARM.attributes
                0x00000816       0x2c /opt/Freescale/KDS_3.0.0/toolchain/bin/../lib/gcc/arm-none-eabi/4.8.4/../../../../arm-none-eabi/lib/armv6-m/libg_s.a(lib_a-readr.o)
 .ARM.attributes
                0x00000842       0x2c /opt/Freescale/KDS_3.0.0/toolchain/bin/../lib/gcc/arm-none-eabi/4.8.4/../../../../arm-none-eabi/lib/armv6-m/libnosys.a(close.o)
 .ARM.attributes
                0x0000086e       0x2c /opt/Freescale/KDS_3.0.0/toolchain/bin/../lib/gcc/arm-none-eabi/4.8.4/../../../../arm-none-eabi/lib/armv6-m/libnosys.a(fstat.o)
 .ARM.attributes
                0x0000089a       0x2c /opt/Freescale/KDS_3.0.0/toolchain/bin/../lib/gcc/arm-none-eabi/4.8.4/../../../../arm-none-eabi/lib/armv6-m/libnosys.a(getpid.o)
 .ARM.attributes
                0x000008c6       0x2c /opt/Freescale/KDS_3.0.0/toolchain/bin/../lib/gcc/arm-none-eabi/4.8.4/../../../../arm-none-eabi/lib/armv6-m/libnosys.a(isatty.o)
 .ARM.attributes
                0x000008f2       0x2c /opt/Freescale/KDS_3.0.0/toolchain/bin/../lib/gcc/arm-none-eabi/4.8.4/../../../../arm-none-eabi/lib/armv6-m/libnosys.a(kill.o)
 .ARM.attributes
                0x0000091e       0x2c /opt/Freescale/KDS_3.0.0/toolchain/bin/../lib/gcc/arm-none-eabi/4.8.4/../../../../arm-none-eabi/lib/armv6-m/libnosys.a(lseek.o)
 .ARM.attributes
                0x0000094a       0x2c /opt/Freescale/KDS_3.0.0/toolchain/bin/../lib/gcc/arm-none-eabi/4.8.4/../../../../arm-none-eabi/lib/armv6-m/libnosys.a(read.o)
 .ARM.attributes
                0x00000976       0x2c /opt/Freescale/KDS_3.0.0/toolchain/bin/../lib/gcc/arm-none-eabi/4.8.4/../../../../arm-none-eabi/lib/armv6-m/libnosys.a(sbrk.o)
 .ARM.attributes
                0x000009a2       0x2c /opt/Freescale/KDS_3.0.0/toolchain/bin/../lib/gcc/arm-none-eabi/4.8.4/../../../../arm-none-eabi/lib/armv6-m/libnosys.a(write.o)
 .ARM.attributes
                0x000009ce       0x2c /opt/Freescale/KDS_3.0.0/toolchain/bin/../lib/gcc/arm-none-eabi/4.8.4/../../../../arm-none-eabi/lib/armv6-m/libnosys.a(_exit.o)
 .ARM.attributes
                0x000009fa       0x2c /opt/Freescale/KDS_3.0.0/toolchain/bin/../lib/gcc/arm-none-eabi/4.8.4/armv6-m/crtend.o
 .ARM.attributes
                0x00000a26       0x1e /opt/Freescale/KDS_3.0.0/toolchain/bin/../lib/gcc/arm-none-eabi/4.8.4/armv6-m/crtn.o
                0x00000001                ASSERT ((__StackLimit >= __HeapLimit), region m_data overflowed with stack and heap)
OUTPUT(emb.elf elf32-littlearm)

.debug_info     0x00000000     0x648d
 .debug_info    0x00000000       0x97 ./Sources/Util/util.o
 .debug_info    0x00000097      0x779 ./Sources/Mcg/mcg_hal.o
 .debug_info    0x00000810       0xa2 ./Sources/Main/es670.o
 .debug_info    0x000008b2      0x39f ./Sources/Buzzer/buzzer_hal.o
 .debug_info    0x00000c51      0x296 ./Project_Settings/Startup_Code/startup.o
 .debug_info    0x00000ee7       0x8f ./Project_Settings/Startup_Code/startup_MKL25Z4.o
 .debug_info    0x00000f76      0x3f4 ./Project_Settings/Startup_Code/system_MKL25Z4.o
 .debug_info    0x0000136a     0x17a4 /mnt/9A68FEAD68FE8773/ksdk/lib/ksdk_platform_lib/kds/KL25Z4/debug//libksdk_platform.a(fsl_clock_MKL25Z4.o)
 .debug_info    0x00002b0e     0x1682 /mnt/9A68FEAD68FE8773/ksdk/lib/ksdk_platform_lib/kds/KL25Z4/debug//libksdk_platform.a(fsl_clock_manager.o)
 .debug_info    0x00004190      0x448 /mnt/9A68FEAD68FE8773/ksdk/lib/ksdk_platform_lib/kds/KL25Z4/debug//libksdk_platform.a(fsl_clock_manager_common.o)
 .debug_info    0x000045d8      0x953 /mnt/9A68FEAD68FE8773/ksdk/lib/ksdk_platform_lib/kds/KL25Z4/debug//libksdk_platform.a(fsl_sim_hal_MKL25Z4.o)
 .debug_info    0x00004f2b       0xef /mnt/9A68FEAD68FE8773/ksdk/lib/ksdk_platform_lib/kds/KL25Z4/debug//libksdk_platform.a(fsl_osc_hal.o)
 .debug_info    0x0000501a      0xc23 /mnt/9A68FEAD68FE8773/ksdk/lib/ksdk_platform_lib/kds/KL25Z4/debug//libksdk_platform.a(fsl_mcg_hal.o)
 .debug_info    0x00005c3d      0x850 /mnt/9A68FEAD68FE8773/ksdk/lib/ksdk_platform_lib/kds/KL25Z4/debug//libksdk_platform.a(fsl_mcg_hal_modes.o)

.debug_abbrev   0x00000000     0x11ca
 .debug_abbrev  0x00000000       0x7d ./Sources/Util/util.o
 .debug_abbrev  0x0000007d      0x1b6 ./Sources/Mcg/mcg_hal.o
 .debug_abbrev  0x00000233       0x56 ./Sources/Main/es670.o
 .debug_abbrev  0x00000289       0xcf ./Sources/Buzzer/buzzer_hal.o
 .debug_abbrev  0x00000358       0xe9 ./Project_Settings/Startup_Code/startup.o
 .debug_abbrev  0x00000441       0x14 ./Project_Settings/Startup_Code/startup_MKL25Z4.o
 .debug_abbrev  0x00000455      0x109 ./Project_Settings/Startup_Code/system_MKL25Z4.o
 .debug_abbrev  0x0000055e      0x2ef /mnt/9A68FEAD68FE8773/ksdk/lib/ksdk_platform_lib/kds/KL25Z4/debug//libksdk_platform.a(fsl_clock_MKL25Z4.o)
 .debug_abbrev  0x0000084d      0x2a9 /mnt/9A68FEAD68FE8773/ksdk/lib/ksdk_platform_lib/kds/KL25Z4/debug//libksdk_platform.a(fsl_clock_manager.o)
 .debug_abbrev  0x00000af6       0xdb /mnt/9A68FEAD68FE8773/ksdk/lib/ksdk_platform_lib/kds/KL25Z4/debug//libksdk_platform.a(fsl_clock_manager_common.o)
 .debug_abbrev  0x00000bd1      0x188 /mnt/9A68FEAD68FE8773/ksdk/lib/ksdk_platform_lib/kds/KL25Z4/debug//libksdk_platform.a(fsl_sim_hal_MKL25Z4.o)
 .debug_abbrev  0x00000d59       0x99 /mnt/9A68FEAD68FE8773/ksdk/lib/ksdk_platform_lib/kds/KL25Z4/debug//libksdk_platform.a(fsl_osc_hal.o)
 .debug_abbrev  0x00000df2      0x234 /mnt/9A68FEAD68FE8773/ksdk/lib/ksdk_platform_lib/kds/KL25Z4/debug//libksdk_platform.a(fsl_mcg_hal.o)
 .debug_abbrev  0x00001026      0x1a4 /mnt/9A68FEAD68FE8773/ksdk/lib/ksdk_platform_lib/kds/KL25Z4/debug//libksdk_platform.a(fsl_mcg_hal_modes.o)

.debug_aranges  0x00000000      0x6e8
 .debug_aranges
                0x00000000       0x38 ./Sources/Util/util.o
 .debug_aranges
                0x00000038       0x48 ./Sources/Mcg/mcg_hal.o
 .debug_aranges
                0x00000080       0x20 ./Sources/Main/es670.o
 .debug_aranges
                0x000000a0       0x30 ./Sources/Buzzer/buzzer_hal.o
 .debug_aranges
                0x000000d0       0x20 ./Project_Settings/Startup_Code/startup.o
 .debug_aranges
                0x000000f0       0x20 ./Project_Settings/Startup_Code/startup_MKL25Z4.o
 .debug_aranges
                0x00000110       0x28 ./Project_Settings/Startup_Code/system_MKL25Z4.o
 .debug_aranges
                0x00000138      0x210 /mnt/9A68FEAD68FE8773/ksdk/lib/ksdk_platform_lib/kds/KL25Z4/debug//libksdk_platform.a(fsl_clock_MKL25Z4.o)
 .debug_aranges
                0x00000348      0x150 /mnt/9A68FEAD68FE8773/ksdk/lib/ksdk_platform_lib/kds/KL25Z4/debug//libksdk_platform.a(fsl_clock_manager.o)
 .debug_aranges
                0x00000498       0x18 /mnt/9A68FEAD68FE8773/ksdk/lib/ksdk_platform_lib/kds/KL25Z4/debug//libksdk_platform.a(fsl_clock_manager_common.o)
 .debug_aranges
                0x000004b0       0x90 /mnt/9A68FEAD68FE8773/ksdk/lib/ksdk_platform_lib/kds/KL25Z4/debug//libksdk_platform.a(fsl_sim_hal_MKL25Z4.o)
 .debug_aranges
                0x00000540       0x20 /mnt/9A68FEAD68FE8773/ksdk/lib/ksdk_platform_lib/kds/KL25Z4/debug//libksdk_platform.a(fsl_osc_hal.o)
 .debug_aranges
                0x00000560       0xf0 /mnt/9A68FEAD68FE8773/ksdk/lib/ksdk_platform_lib/kds/KL25Z4/debug//libksdk_platform.a(fsl_mcg_hal.o)
 .debug_aranges
                0x00000650       0x98 /mnt/9A68FEAD68FE8773/ksdk/lib/ksdk_platform_lib/kds/KL25Z4/debug//libksdk_platform.a(fsl_mcg_hal_modes.o)

.debug_ranges   0x00000000      0x5f0
 .debug_ranges  0x00000000       0x28 ./Sources/Util/util.o
 .debug_ranges  0x00000028       0x38 ./Sources/Mcg/mcg_hal.o
 .debug_ranges  0x00000060       0x10 ./Sources/Main/es670.o
 .debug_ranges  0x00000070       0x20 ./Sources/Buzzer/buzzer_hal.o
 .debug_ranges  0x00000090       0x10 ./Project_Settings/Startup_Code/startup.o
 .debug_ranges  0x000000a0       0x18 ./Project_Settings/Startup_Code/system_MKL25Z4.o
 .debug_ranges  0x000000b8      0x200 /mnt/9A68FEAD68FE8773/ksdk/lib/ksdk_platform_lib/kds/KL25Z4/debug//libksdk_platform.a(fsl_clock_MKL25Z4.o)
 .debug_ranges  0x000002b8      0x140 /mnt/9A68FEAD68FE8773/ksdk/lib/ksdk_platform_lib/kds/KL25Z4/debug//libksdk_platform.a(fsl_clock_manager.o)
 .debug_ranges  0x000003f8       0x80 /mnt/9A68FEAD68FE8773/ksdk/lib/ksdk_platform_lib/kds/KL25Z4/debug//libksdk_platform.a(fsl_sim_hal_MKL25Z4.o)
 .debug_ranges  0x00000478       0x10 /mnt/9A68FEAD68FE8773/ksdk/lib/ksdk_platform_lib/kds/KL25Z4/debug//libksdk_platform.a(fsl_osc_hal.o)
 .debug_ranges  0x00000488       0xe0 /mnt/9A68FEAD68FE8773/ksdk/lib/ksdk_platform_lib/kds/KL25Z4/debug//libksdk_platform.a(fsl_mcg_hal.o)
 .debug_ranges  0x00000568       0x88 /mnt/9A68FEAD68FE8773/ksdk/lib/ksdk_platform_lib/kds/KL25Z4/debug//libksdk_platform.a(fsl_mcg_hal_modes.o)

.debug_macro    0x00000000    0x12832
 .debug_macro   0x00000000       0x1b ./Sources/Util/util.o
 .debug_macro   0x0000001b      0x808 ./Sources/Util/util.o
 .debug_macro   0x00000823      0x2c2 ./Sources/Mcg/mcg_hal.o
 .debug_macro   0x00000ae5       0x16 ./Sources/Mcg/mcg_hal.o
 .debug_macro   0x00000afb       0x44 ./Sources/Mcg/mcg_hal.o
 .debug_macro   0x00000b3f      0x209 ./Sources/Mcg/mcg_hal.o
 .debug_macro   0x00000d48       0x22 ./Sources/Mcg/mcg_hal.o
 .debug_macro   0x00000d6a       0x58 ./Sources/Mcg/mcg_hal.o
 .debug_macro   0x00000dc2       0x35 ./Sources/Mcg/mcg_hal.o
 .debug_macro   0x00000df7       0xa3 ./Sources/Mcg/mcg_hal.o
 .debug_macro   0x00000e9a       0x16 ./Sources/Mcg/mcg_hal.o
 .debug_macro   0x00000eb0       0x11 ./Sources/Mcg/mcg_hal.o
 .debug_macro   0x00000ec1       0x4c ./Sources/Mcg/mcg_hal.o
 .debug_macro   0x00000f0d       0x3a ./Sources/Mcg/mcg_hal.o
 .debug_macro   0x00000f47       0x26 ./Sources/Mcg/mcg_hal.o
 .debug_macro   0x00000f6d      0x306 ./Sources/Mcg/mcg_hal.o
 .debug_macro   0x00001273       0x63 ./Sources/Mcg/mcg_hal.o
 .debug_macro   0x000012d6     0x8439 ./Sources/Mcg/mcg_hal.o
 .debug_macro   0x0000970f       0x16 ./Sources/Mcg/mcg_hal.o
 .debug_macro   0x00009725      0x10e ./Sources/Mcg/mcg_hal.o
 .debug_macro   0x00009833       0x7f ./Sources/Mcg/mcg_hal.o
 .debug_macro   0x000098b2       0x52 ./Sources/Mcg/mcg_hal.o
 .debug_macro   0x00009904       0x16 ./Sources/Mcg/mcg_hal.o
 .debug_macro   0x0000991a       0x43 ./Sources/Mcg/mcg_hal.o
 .debug_macro   0x0000995d      0x180 ./Sources/Mcg/mcg_hal.o
 .debug_macro   0x00009add       0x22 ./Sources/Mcg/mcg_hal.o
 .debug_macro   0x00009aff       0x7c ./Sources/Mcg/mcg_hal.o
 .debug_macro   0x00009b7b     0x7658 ./Sources/Mcg/mcg_hal.o
 .debug_macro   0x000111d3     0x1108 ./Sources/Mcg/mcg_hal.o
 .debug_macro   0x000122db       0x10 ./Sources/Mcg/mcg_hal.o
 .debug_macro   0x000122eb       0x11 ./Sources/Mcg/mcg_hal.o
 .debug_macro   0x000122fc       0x10 ./Sources/Mcg/mcg_hal.o
 .debug_macro   0x0001230c      0x17b ./Sources/Main/es670.o
 .debug_macro   0x00012487       0x16 ./Sources/Main/es670.o
 .debug_macro   0x0001249d       0x3a ./Sources/Main/es670.o
 .debug_macro   0x000124d7       0x9c ./Sources/Buzzer/buzzer_hal.o
 .debug_macro   0x00012573      0x167 ./Project_Settings/Startup_Code/startup.o
 .debug_macro   0x000126da      0x158 ./Project_Settings/Startup_Code/system_MKL25Z4.o

.debug_line     0x00000000     0x3232
 .debug_line    0x00000000      0x132 ./Sources/Util/util.o
 .debug_line    0x00000132      0x568 ./Sources/Mcg/mcg_hal.o
 .debug_line    0x0000069a      0x3c2 ./Sources/Main/es670.o
 .debug_line    0x00000a5c      0x2a6 ./Sources/Buzzer/buzzer_hal.o
 .debug_line    0x00000d02      0x35f ./Project_Settings/Startup_Code/startup.o
 .debug_line    0x00001061       0x6c ./Project_Settings/Startup_Code/startup_MKL25Z4.o
 .debug_line    0x000010cd      0x380 ./Project_Settings/Startup_Code/system_MKL25Z4.o
 .debug_line    0x0000144d      0x89b /mnt/9A68FEAD68FE8773/ksdk/lib/ksdk_platform_lib/kds/KL25Z4/debug//libksdk_platform.a(fsl_clock_MKL25Z4.o)
 .debug_line    0x00001ce8      0x775 /mnt/9A68FEAD68FE8773/ksdk/lib/ksdk_platform_lib/kds/KL25Z4/debug//libksdk_platform.a(fsl_clock_manager.o)
 .debug_line    0x0000245d      0x153 /mnt/9A68FEAD68FE8773/ksdk/lib/ksdk_platform_lib/kds/KL25Z4/debug//libksdk_platform.a(fsl_clock_manager_common.o)
 .debug_line    0x000025b0      0x36a /mnt/9A68FEAD68FE8773/ksdk/lib/ksdk_platform_lib/kds/KL25Z4/debug//libksdk_platform.a(fsl_sim_hal_MKL25Z4.o)
 .debug_line    0x0000291a      0x103 /mnt/9A68FEAD68FE8773/ksdk/lib/ksdk_platform_lib/kds/KL25Z4/debug//libksdk_platform.a(fsl_osc_hal.o)
 .debug_line    0x00002a1d      0x45d /mnt/9A68FEAD68FE8773/ksdk/lib/ksdk_platform_lib/kds/KL25Z4/debug//libksdk_platform.a(fsl_mcg_hal.o)
 .debug_line    0x00002e7a      0x3b8 /mnt/9A68FEAD68FE8773/ksdk/lib/ksdk_platform_lib/kds/KL25Z4/debug//libksdk_platform.a(fsl_mcg_hal_modes.o)

.debug_str      0x00000000    0x9ef65
 .debug_str     0x00000000     0x2323 ./Sources/Util/util.o
                               0x2328 (size before relaxing)
 .debug_str     0x00002323    0x99ece ./Sources/Mcg/mcg_hal.o
                              0x9c72d (size before relaxing)
 .debug_str     0x0009c1f1       0x34 ./Sources/Main/es670.o
                              0x9bb69 (size before relaxing)
 .debug_str     0x0009c225      0x429 ./Sources/Buzzer/buzzer_hal.o
                              0x32530 (size before relaxing)
 .debug_str     0x0009c64e      0x12f ./Project_Settings/Startup_Code/startup.o
                              0x9bc6e (size before relaxing)
 .debug_str     0x0009c77d       0x97 ./Project_Settings/Startup_Code/system_MKL25Z4.o
                              0x9bcb5 (size before relaxing)
 .debug_str     0x0009c814      0xf7f /mnt/9A68FEAD68FE8773/ksdk/lib/ksdk_platform_lib/kds/KL25Z4/debug//libksdk_platform.a(fsl_clock_MKL25Z4.o)
                               0x150e (size before relaxing)
 .debug_str     0x0009d793      0xb85 /mnt/9A68FEAD68FE8773/ksdk/lib/ksdk_platform_lib/kds/KL25Z4/debug//libksdk_platform.a(fsl_clock_manager.o)
                               0x16f4 (size before relaxing)
 .debug_str     0x0009e318       0x64 /mnt/9A68FEAD68FE8773/ksdk/lib/ksdk_platform_lib/kds/KL25Z4/debug//libksdk_platform.a(fsl_clock_manager_common.o)
                                0x354 (size before relaxing)
 .debug_str     0x0009e37c      0x452 /mnt/9A68FEAD68FE8773/ksdk/lib/ksdk_platform_lib/kds/KL25Z4/debug//libksdk_platform.a(fsl_sim_hal_MKL25Z4.o)
                                0x77e (size before relaxing)
 .debug_str     0x0009e7ce       0x5b /mnt/9A68FEAD68FE8773/ksdk/lib/ksdk_platform_lib/kds/KL25Z4/debug//libksdk_platform.a(fsl_osc_hal.o)
                                0x239 (size before relaxing)
 .debug_str     0x0009e829      0x5d4 /mnt/9A68FEAD68FE8773/ksdk/lib/ksdk_platform_lib/kds/KL25Z4/debug//libksdk_platform.a(fsl_mcg_hal.o)
                                0xb61 (size before relaxing)
 .debug_str     0x0009edfd      0x168 /mnt/9A68FEAD68FE8773/ksdk/lib/ksdk_platform_lib/kds/KL25Z4/debug//libksdk_platform.a(fsl_mcg_hal_modes.o)
                                0x8da (size before relaxing)

.comment        0x00000000       0x70
 .comment       0x00000000       0x70 ./Sources/Util/util.o
                                 0x71 (size before relaxing)
 .comment       0x00000000       0x71 ./Sources/Mcg/mcg_hal.o
 .comment       0x00000000       0x71 ./Sources/Main/es670.o
 .comment       0x00000000       0x71 ./Sources/Buzzer/buzzer_hal.o
 .comment       0x00000000       0x71 ./Project_Settings/Startup_Code/startup.o
 .comment       0x00000000       0x71 ./Project_Settings/Startup_Code/system_MKL25Z4.o
 .comment       0x00000000       0x71 /mnt/9A68FEAD68FE8773/ksdk/lib/ksdk_platform_lib/kds/KL25Z4/debug//libksdk_platform.a(fsl_clock_MKL25Z4.o)
 .comment       0x00000000       0x71 /mnt/9A68FEAD68FE8773/ksdk/lib/ksdk_platform_lib/kds/KL25Z4/debug//libksdk_platform.a(fsl_clock_manager.o)
 .comment       0x00000000       0x71 /mnt/9A68FEAD68FE8773/ksdk/lib/ksdk_platform_lib/kds/KL25Z4/debug//libksdk_platform.a(fsl_clock_manager_common.o)
 .comment       0x00000000       0x71 /mnt/9A68FEAD68FE8773/ksdk/lib/ksdk_platform_lib/kds/KL25Z4/debug//libksdk_platform.a(fsl_sim_hal_MKL25Z4.o)
 .comment       0x00000000       0x71 /mnt/9A68FEAD68FE8773/ksdk/lib/ksdk_platform_lib/kds/KL25Z4/debug//libksdk_platform.a(fsl_osc_hal.o)
 .comment       0x00000000       0x71 /mnt/9A68FEAD68FE8773/ksdk/lib/ksdk_platform_lib/kds/KL25Z4/debug//libksdk_platform.a(fsl_mcg_hal.o)
 .comment       0x00000000       0x71 /mnt/9A68FEAD68FE8773/ksdk/lib/ksdk_platform_lib/kds/KL25Z4/debug//libksdk_platform.a(fsl_mcg_hal_modes.o)

.debug_frame    0x00000000     0x2064
 .debug_frame   0x00000000       0x88 ./Sources/Util/util.o
 .debug_frame   0x00000088       0xc8 ./Sources/Mcg/mcg_hal.o
 .debug_frame   0x00000150       0x2c ./Sources/Main/es670.o
 .debug_frame   0x0000017c       0x64 ./Sources/Buzzer/buzzer_hal.o
 .debug_frame   0x000001e0       0x30 ./Project_Settings/Startup_Code/startup.o
 .debug_frame   0x00000210       0x4c ./Project_Settings/Startup_Code/system_MKL25Z4.o
 .debug_frame   0x0000025c      0x7dc /mnt/9A68FEAD68FE8773/ksdk/lib/ksdk_platform_lib/kds/KL25Z4/debug//libksdk_platform.a(fsl_clock_MKL25Z4.o)
 .debug_frame   0x00000a38      0x4ec /mnt/9A68FEAD68FE8773/ksdk/lib/ksdk_platform_lib/kds/KL25Z4/debug//libksdk_platform.a(fsl_clock_manager.o)
 .debug_frame   0x00000f24      0x1f0 /mnt/9A68FEAD68FE8773/ksdk/lib/ksdk_platform_lib/kds/KL25Z4/debug//libksdk_platform.a(fsl_sim_hal_MKL25Z4.o)
 .debug_frame   0x00001114       0x30 /mnt/9A68FEAD68FE8773/ksdk/lib/ksdk_platform_lib/kds/KL25Z4/debug//libksdk_platform.a(fsl_osc_hal.o)
 .debug_frame   0x00001144      0x370 /mnt/9A68FEAD68FE8773/ksdk/lib/ksdk_platform_lib/kds/KL25Z4/debug//libksdk_platform.a(fsl_mcg_hal.o)
 .debug_frame   0x000014b4      0x210 /mnt/9A68FEAD68FE8773/ksdk/lib/ksdk_platform_lib/kds/KL25Z4/debug//libksdk_platform.a(fsl_mcg_hal_modes.o)
 .debug_frame   0x000016c4       0x20 /opt/Freescale/KDS_3.0.0/toolchain/bin/../lib/gcc/arm-none-eabi/4.8.4/armv6-m/libgcc.a(_udivsi3.o)
 .debug_frame   0x000016e4       0x4c /opt/Freescale/KDS_3.0.0/toolchain/bin/../lib/gcc/arm-none-eabi/4.8.4/../../../../arm-none-eabi/lib/armv6-m/libg_s.a(lib_a-assert.o)
 .debug_frame   0x00001730       0x28 /opt/Freescale/KDS_3.0.0/toolchain/bin/../lib/gcc/arm-none-eabi/4.8.4/../../../../arm-none-eabi/lib/armv6-m/libg_s.a(lib_a-exit.o)
 .debug_frame   0x00001758       0x4c /opt/Freescale/KDS_3.0.0/toolchain/bin/../lib/gcc/arm-none-eabi/4.8.4/../../../../arm-none-eabi/lib/armv6-m/libg_s.a(lib_a-fprintf.o)
 .debug_frame   0x000017a4       0x2c /opt/Freescale/KDS_3.0.0/toolchain/bin/../lib/gcc/arm-none-eabi/4.8.4/../../../../arm-none-eabi/lib/armv6-m/libg_s.a(lib_a-init.o)
 .debug_frame   0x000017d0       0x20 /opt/Freescale/KDS_3.0.0/toolchain/bin/../lib/gcc/arm-none-eabi/4.8.4/../../../../arm-none-eabi/lib/armv6-m/libg_s.a(lib_a-memset.o)
 .debug_frame   0x000017f0       0x2c /opt/Freescale/KDS_3.0.0/toolchain/bin/../lib/gcc/arm-none-eabi/4.8.4/../../../../arm-none-eabi/lib/armv6-m/libg_s.a(lib_a-nano-freer.o)
 .debug_frame   0x0000181c       0x2c /opt/Freescale/KDS_3.0.0/toolchain/bin/../lib/gcc/arm-none-eabi/4.8.4/../../../../arm-none-eabi/lib/armv6-m/libg_s.a(lib_a-nano-mallocr.o)
 .debug_frame   0x00001848       0x2c /opt/Freescale/KDS_3.0.0/toolchain/bin/../lib/gcc/arm-none-eabi/4.8.4/../../../../arm-none-eabi/lib/armv6-m/libg_s.a(lib_a-sbrkr.o)
 .debug_frame   0x00001874       0xa0 /opt/Freescale/KDS_3.0.0/toolchain/bin/../lib/gcc/arm-none-eabi/4.8.4/../../../../arm-none-eabi/lib/armv6-m/libg_s.a(lib_a-vfprintf.o)
 .debug_frame   0x00001914       0x54 /opt/Freescale/KDS_3.0.0/toolchain/bin/../lib/gcc/arm-none-eabi/4.8.4/../../../../arm-none-eabi/lib/armv6-m/libg_s.a(lib_a-vfprintf_i.o)
 .debug_frame   0x00001968       0x44 /opt/Freescale/KDS_3.0.0/toolchain/bin/../lib/gcc/arm-none-eabi/4.8.4/../../../../arm-none-eabi/lib/armv6-m/libg_s.a(lib_a-wbuf.o)
 .debug_frame   0x000019ac       0x2c /opt/Freescale/KDS_3.0.0/toolchain/bin/../lib/gcc/arm-none-eabi/4.8.4/../../../../arm-none-eabi/lib/armv6-m/libg_s.a(lib_a-wsetup.o)
 .debug_frame   0x000019d8       0x28 /opt/Freescale/KDS_3.0.0/toolchain/bin/../lib/gcc/arm-none-eabi/4.8.4/../../../../arm-none-eabi/lib/armv6-m/libg_s.a(lib_a-abort.o)
 .debug_frame   0x00001a00       0x68 /opt/Freescale/KDS_3.0.0/toolchain/bin/../lib/gcc/arm-none-eabi/4.8.4/../../../../arm-none-eabi/lib/armv6-m/libg_s.a(lib_a-fflush.o)
 .debug_frame   0x00001a68      0x148 /opt/Freescale/KDS_3.0.0/toolchain/bin/../lib/gcc/arm-none-eabi/4.8.4/../../../../arm-none-eabi/lib/armv6-m/libg_s.a(lib_a-findfp.o)
 .debug_frame   0x00001bb0       0x30 /opt/Freescale/KDS_3.0.0/toolchain/bin/../lib/gcc/arm-none-eabi/4.8.4/../../../../arm-none-eabi/lib/armv6-m/libg_s.a(lib_a-makebuf.o)
 .debug_frame   0x00001be0       0x20 /opt/Freescale/KDS_3.0.0/toolchain/bin/../lib/gcc/arm-none-eabi/4.8.4/../../../../arm-none-eabi/lib/armv6-m/libg_s.a(lib_a-memchr-stub.o)
 .debug_frame   0x00001c00       0x48 /opt/Freescale/KDS_3.0.0/toolchain/bin/../lib/gcc/arm-none-eabi/4.8.4/../../../../arm-none-eabi/lib/armv6-m/libg_s.a(lib_a-reent.o)
 .debug_frame   0x00001c48       0xe0 /opt/Freescale/KDS_3.0.0/toolchain/bin/../lib/gcc/arm-none-eabi/4.8.4/../../../../arm-none-eabi/lib/armv6-m/libg_s.a(lib_a-signal.o)
 .debug_frame   0x00001d28       0x44 /opt/Freescale/KDS_3.0.0/toolchain/bin/../lib/gcc/arm-none-eabi/4.8.4/../../../../arm-none-eabi/lib/armv6-m/libg_s.a(lib_a-signalr.o)
 .debug_frame   0x00001d6c       0x90 /opt/Freescale/KDS_3.0.0/toolchain/bin/../lib/gcc/arm-none-eabi/4.8.4/../../../../arm-none-eabi/lib/armv6-m/libg_s.a(lib_a-stdio.o)
 .debug_frame   0x00001dfc       0x20 /opt/Freescale/KDS_3.0.0/toolchain/bin/../lib/gcc/arm-none-eabi/4.8.4/../../../../arm-none-eabi/lib/armv6-m/libg_s.a(lib_a-strlen.o)
 .debug_frame   0x00001e1c       0x2c /opt/Freescale/KDS_3.0.0/toolchain/bin/../lib/gcc/arm-none-eabi/4.8.4/../../../../arm-none-eabi/lib/armv6-m/libg_s.a(lib_a-writer.o)
 .debug_frame   0x00001e48       0x2c /opt/Freescale/KDS_3.0.0/toolchain/bin/../lib/gcc/arm-none-eabi/4.8.4/../../../../arm-none-eabi/lib/armv6-m/libg_s.a(lib_a-closer.o)
 .debug_frame   0x00001e74       0x2c /opt/Freescale/KDS_3.0.0/toolchain/bin/../lib/gcc/arm-none-eabi/4.8.4/../../../../arm-none-eabi/lib/armv6-m/libg_s.a(lib_a-fstatr.o)
 .debug_frame   0x00001ea0       0x2c /opt/Freescale/KDS_3.0.0/toolchain/bin/../lib/gcc/arm-none-eabi/4.8.4/../../../../arm-none-eabi/lib/armv6-m/libg_s.a(lib_a-isattyr.o)
 .debug_frame   0x00001ecc       0x2c /opt/Freescale/KDS_3.0.0/toolchain/bin/../lib/gcc/arm-none-eabi/4.8.4/../../../../arm-none-eabi/lib/armv6-m/libg_s.a(lib_a-lseekr.o)
 .debug_frame   0x00001ef8       0x2c /opt/Freescale/KDS_3.0.0/toolchain/bin/../lib/gcc/arm-none-eabi/4.8.4/../../../../arm-none-eabi/lib/armv6-m/libg_s.a(lib_a-readr.o)
 .debug_frame   0x00001f24       0x20 /opt/Freescale/KDS_3.0.0/toolchain/bin/../lib/gcc/arm-none-eabi/4.8.4/../../../../arm-none-eabi/lib/armv6-m/libnosys.a(close.o)
 .debug_frame   0x00001f44       0x20 /opt/Freescale/KDS_3.0.0/toolchain/bin/../lib/gcc/arm-none-eabi/4.8.4/../../../../arm-none-eabi/lib/armv6-m/libnosys.a(fstat.o)
 .debug_frame   0x00001f64       0x20 /opt/Freescale/KDS_3.0.0/toolchain/bin/../lib/gcc/arm-none-eabi/4.8.4/../../../../arm-none-eabi/lib/armv6-m/libnosys.a(getpid.o)
 .debug_frame   0x00001f84       0x20 /opt/Freescale/KDS_3.0.0/toolchain/bin/../lib/gcc/arm-none-eabi/4.8.4/../../../../arm-none-eabi/lib/armv6-m/libnosys.a(isatty.o)
 .debug_frame   0x00001fa4       0x20 /opt/Freescale/KDS_3.0.0/toolchain/bin/../lib/gcc/arm-none-eabi/4.8.4/../../../../arm-none-eabi/lib/armv6-m/libnosys.a(kill.o)
 .debug_frame   0x00001fc4       0x20 /opt/Freescale/KDS_3.0.0/toolchain/bin/../lib/gcc/arm-none-eabi/4.8.4/../../../../arm-none-eabi/lib/armv6-m/libnosys.a(lseek.o)
 .debug_frame   0x00001fe4       0x20 /opt/Freescale/KDS_3.0.0/toolchain/bin/../lib/gcc/arm-none-eabi/4.8.4/../../../../arm-none-eabi/lib/armv6-m/libnosys.a(read.o)
 .debug_frame   0x00002004       0x20 /opt/Freescale/KDS_3.0.0/toolchain/bin/../lib/gcc/arm-none-eabi/4.8.4/../../../../arm-none-eabi/lib/armv6-m/libnosys.a(sbrk.o)
 .debug_frame   0x00002024       0x20 /opt/Freescale/KDS_3.0.0/toolchain/bin/../lib/gcc/arm-none-eabi/4.8.4/../../../../arm-none-eabi/lib/armv6-m/libnosys.a(write.o)
 .debug_frame   0x00002044       0x20 /opt/Freescale/KDS_3.0.0/toolchain/bin/../lib/gcc/arm-none-eabi/4.8.4/../../../../arm-none-eabi/lib/armv6-m/libnosys.a(_exit.o)

.stab           0x00000000       0xcc
 .stab          0x00000000       0x24 /opt/Freescale/KDS_3.0.0/toolchain/bin/../lib/gcc/arm-none-eabi/4.8.4/../../../../arm-none-eabi/lib/armv6-m/libnosys.a(close.o)
 .stab          0x00000024       0x18 /opt/Freescale/KDS_3.0.0/toolchain/bin/../lib/gcc/arm-none-eabi/4.8.4/../../../../arm-none-eabi/lib/armv6-m/libnosys.a(fstat.o)
                                 0x24 (size before relaxing)
 .stab          0x0000003c       0x18 /opt/Freescale/KDS_3.0.0/toolchain/bin/../lib/gcc/arm-none-eabi/4.8.4/../../../../arm-none-eabi/lib/armv6-m/libnosys.a(getpid.o)
                                 0x24 (size before relaxing)
 .stab          0x00000054       0x18 /opt/Freescale/KDS_3.0.0/toolchain/bin/../lib/gcc/arm-none-eabi/4.8.4/../../../../arm-none-eabi/lib/armv6-m/libnosys.a(isatty.o)
                                 0x24 (size before relaxing)
 .stab          0x0000006c       0x18 /opt/Freescale/KDS_3.0.0/toolchain/bin/../lib/gcc/arm-none-eabi/4.8.4/../../../../arm-none-eabi/lib/armv6-m/libnosys.a(kill.o)
                                 0x24 (size before relaxing)
 .stab          0x00000084       0x18 /opt/Freescale/KDS_3.0.0/toolchain/bin/../lib/gcc/arm-none-eabi/4.8.4/../../../../arm-none-eabi/lib/armv6-m/libnosys.a(lseek.o)
                                 0x24 (size before relaxing)
 .stab          0x0000009c       0x18 /opt/Freescale/KDS_3.0.0/toolchain/bin/../lib/gcc/arm-none-eabi/4.8.4/../../../../arm-none-eabi/lib/armv6-m/libnosys.a(read.o)
                                 0x24 (size before relaxing)
 .stab          0x000000b4       0x18 /opt/Freescale/KDS_3.0.0/toolchain/bin/../lib/gcc/arm-none-eabi/4.8.4/../../../../arm-none-eabi/lib/armv6-m/libnosys.a(write.o)
                                 0x24 (size before relaxing)

.stabstr        0x00000000      0x1b9
 .stabstr       0x00000000      0x1b9 /opt/Freescale/KDS_3.0.0/toolchain/bin/../lib/gcc/arm-none-eabi/4.8.4/../../../../arm-none-eabi/lib/armv6-m/libnosys.a(close.o)
